Component: ARM Compiler 5.06 update 6 (build 750) Tool: armlink [4d35ed]

==============================================================================

Section Cross References

    main.o(i.LED_Init) refers to stm32f4xx_rcc.o(i.RCC_AHB1PeriphClockCmd) for RCC_AHB1PeriphClockCmd
    main.o(i.LED_Init) refers to stm32f4xx_gpio.o(i.GPIO_Init) for GPIO_Init
    main.o(i.float_task) refers to _printf_percent.o(.ARM.Collect$$_printf_percent$$00000000) for _printf_percent
    main.o(i.float_task) refers to _printf_f.o(.ARM.Collect$$_printf_percent$$00000003) for _printf_f
    main.o(i.float_task) refers to printf1.o(x$fpl$printf1) for _printf_fp_dec
    main.o(i.float_task) refers to f2d.o(x$fpl$f2d) for __aeabi_f2d
    main.o(i.float_task) refers to daddsub_clz.o(x$fpl$dadd) for __aeabi_dadd
    main.o(i.float_task) refers to d2f.o(x$fpl$d2f) for __aeabi_d2f
    main.o(i.float_task) refers to os_cpu_a.o(.text) for OS_CPU_SR_Save
    main.o(i.float_task) refers to noretval__2printf.o(.text) for __2printf
    main.o(i.float_task) refers to delay.o(i.delay_ms) for delay_ms
    main.o(i.float_task) refers to main.o(.data) for float_num
    main.o(i.led0_task) refers to stm32f4xx_gpio.o(i.GPIO_SetBits) for GPIO_SetBits
    main.o(i.led0_task) refers to delay.o(i.delay_ms) for delay_ms
    main.o(i.led0_task) refers to stm32f4xx_gpio.o(i.GPIO_ResetBits) for GPIO_ResetBits
    main.o(i.led1_task) refers to stm32f4xx_gpio.o(i.GPIO_SetBits) for GPIO_SetBits
    main.o(i.led1_task) refers to delay.o(i.delay_ms) for delay_ms
    main.o(i.led1_task) refers to stm32f4xx_gpio.o(i.GPIO_ResetBits) for GPIO_ResetBits
    main.o(i.main) refers to usart.o(i.uart_init) for uart_init
    main.o(i.main) refers to delay.o(i.delay_init) for delay_init
    main.o(i.main) refers to misc.o(i.NVIC_PriorityGroupConfig) for NVIC_PriorityGroupConfig
    main.o(i.main) refers to main.o(i.LED_Init) for LED_Init
    main.o(i.main) refers to os_core.o(i.OSInit) for OSInit
    main.o(i.main) refers to os_task.o(i.OSTaskCreate) for OSTaskCreate
    main.o(i.main) refers to os_core.o(i.OSStart) for OSStart
    main.o(i.main) refers to main.o(.bss) for START_TASK_STK
    main.o(i.main) refers to main.o(i.start_task) for start_task
    main.o(i.start_task) refers to os_cpu_a.o(.text) for OS_CPU_SR_Save
    main.o(i.start_task) refers to os_task.o(i.OSTaskCreate) for OSTaskCreate
    main.o(i.start_task) refers to os_task.o(i.OSTaskSuspend) for OSTaskSuspend
    main.o(i.start_task) refers to main.o(.bss) for LED0_TASK_STK
    main.o(i.start_task) refers to main.o(i.led0_task) for led0_task
    main.o(i.start_task) refers to main.o(i.led1_task) for led1_task
    main.o(i.start_task) refers to main.o(i.float_task) for float_task
    system_stm32f4xx.o(i.SystemCoreClockUpdate) refers to system_stm32f4xx.o(.data) for SystemCoreClock
    system_stm32f4xx.o(i.SystemInit) refers to system_stm32f4xx.o(i.SetSysClock) for SetSysClock
    startup_stm32f40xx.o(STACK) refers (Special) to heapauxi.o(.text) for __use_two_region_memory
    startup_stm32f40xx.o(HEAP) refers (Special) to heapauxi.o(.text) for __use_two_region_memory
    startup_stm32f40xx.o(RESET) refers (Special) to heapauxi.o(.text) for __use_two_region_memory
    startup_stm32f40xx.o(RESET) refers to startup_stm32f40xx.o(STACK) for __initial_sp
    startup_stm32f40xx.o(RESET) refers to startup_stm32f40xx.o(.text) for Reset_Handler
    startup_stm32f40xx.o(RESET) refers to stm32f4xx_it.o(i.NMI_Handler) for NMI_Handler
    startup_stm32f40xx.o(RESET) refers to stm32f4xx_it.o(i.HardFault_Handler) for HardFault_Handler
    startup_stm32f40xx.o(RESET) refers to stm32f4xx_it.o(i.MemManage_Handler) for MemManage_Handler
    startup_stm32f40xx.o(RESET) refers to stm32f4xx_it.o(i.BusFault_Handler) for BusFault_Handler
    startup_stm32f40xx.o(RESET) refers to stm32f4xx_it.o(i.UsageFault_Handler) for UsageFault_Handler
    startup_stm32f40xx.o(RESET) refers to stm32f4xx_it.o(i.SVC_Handler) for SVC_Handler
    startup_stm32f40xx.o(RESET) refers to stm32f4xx_it.o(i.DebugMon_Handler) for DebugMon_Handler
    startup_stm32f40xx.o(RESET) refers to os_cpu_a.o(.text) for PendSV_Handler
    startup_stm32f40xx.o(RESET) refers to delay.o(i.SysTick_Handler) for SysTick_Handler
    startup_stm32f40xx.o(RESET) refers to usart.o(i.USART1_IRQHandler) for USART1_IRQHandler
    startup_stm32f40xx.o(.text) refers (Special) to heapauxi.o(.text) for __use_two_region_memory
    startup_stm32f40xx.o(.text) refers to system_stm32f4xx.o(i.SystemInit) for SystemInit
    startup_stm32f40xx.o(.text) refers to __main.o(!!!main) for __main
    startup_stm32f40xx.o(.text) refers to startup_stm32f40xx.o(HEAP) for Heap_Mem
    startup_stm32f40xx.o(.text) refers to startup_stm32f40xx.o(STACK) for Stack_Mem
    stm32f4xx_adc.o(i.ADC_DeInit) refers to stm32f4xx_rcc.o(i.RCC_APB2PeriphResetCmd) for RCC_APB2PeriphResetCmd
    stm32f4xx_can.o(i.CAN_DeInit) refers to stm32f4xx_rcc.o(i.RCC_APB1PeriphResetCmd) for RCC_APB1PeriphResetCmd
[...]
    ..\\FWLIB\\src\\stm32f4xx_cryp_tdes.c    0x00000000   Number         0  stm32f4xx_cryp_tdes.o ABSOLUTE
    ..\\FWLIB\\src\\stm32f4xx_dac.c          0x00000000   Number         0  stm32f4xx_dac.o ABSOLUTE
    ..\\FWLIB\\src\\stm32f4xx_dbgmcu.c       0x00000000   Number         0  stm32f4xx_dbgmcu.o ABSOLUTE
    ..\\FWLIB\\src\\stm32f4xx_dcmi.c         0x00000000   Number         0  stm32f4xx_dcmi.o ABSOLUTE
    ..\\FWLIB\\src\\stm32f4xx_dma.c          0x00000000   Number         0  stm32f4xx_dma.o ABSOLUTE
    ..\\FWLIB\\src\\stm32f4xx_dma2d.c        0x00000000   Number         0  stm32f4xx_dma2d.o ABSOLUTE
    ..\\FWLIB\\src\\stm32f4xx_exti.c         0x00000000   Number         0  stm32f4xx_exti.o ABSOLUTE
    ..\\FWLIB\\src\\stm32f4xx_flash.c        0x00000000   Number         0  stm32f4xx_flash.o ABSOLUTE
    ..\\FWLIB\\src\\stm32f4xx_flash_ramfunc.c 0x00000000   Number         0  stm32f4xx_flash_ramfunc.o ABSOLUTE
    ..\\FWLIB\\src\\stm32f4xx_fsmc.c         0x00000000   Number         0  stm32f4xx_fsmc.o ABSOLUTE
    ..\\FWLIB\\src\\stm32f4xx_gpio.c         0x00000000   Number         0  stm32f4xx_gpio.o ABSOLUTE
    ..\\FWLIB\\src\\stm32f4xx_hash.c         0x00000000   Number         0  stm32f4xx_hash.o ABSOLUTE
    ..\\FWLIB\\src\\stm32f4xx_hash_md5.c     0x00000000   Number         0  stm32f4xx_hash_md5.o ABSOLUTE
    ..\\FWLIB\\src\\stm32f4xx_hash_sha1.c    0x00000000   Number         0  stm32f4xx_hash_sha1.o ABSOLUTE
    ..\\FWLIB\\src\\stm32f4xx_i2c.c          0x00000000   Number         0  stm32f4xx_i2c.o ABSOLUTE
    ..\\FWLIB\\src\\stm32f4xx_iwdg.c         0x00000000   Number         0  stm32f4xx_iwdg.o ABSOLUTE
    ..\\FWLIB\\src\\stm32f4xx_ltdc.c         0x00000000   Number         0  stm32f4xx_ltdc.o ABSOLUTE
    ..\\FWLIB\\src\\stm32f4xx_pwr.c          0x00000000   Number         0  stm32f4xx_pwr.o ABSOLUTE
    ..\\FWLIB\\src\\stm32f4xx_rcc.c          0x00000000   Number         0  stm32f4xx_rcc.o ABSOLUTE
    ..\\FWLIB\\src\\stm32f4xx_rng.c          0x00000000   Number         0  stm32f4xx_rng.o ABSOLUTE
    ..\\FWLIB\\src\\stm32f4xx_rtc.c          0x00000000   Number         0  stm32f4xx_rtc.o ABSOLUTE
    ..\\FWLIB\\src\\stm32f4xx_sai.c          0x00000000   Number         0  stm32f4xx_sai.o ABSOLUTE
    ..\\FWLIB\\src\\stm32f4xx_sdio.c         0x00000000   Number         0  stm32f4xx_sdio.o ABSOLUTE
    ..\\FWLIB\\src\\stm32f4xx_spi.c          0x00000000   Number         0  stm32f4xx_spi.o ABSOLUTE
    ..\\FWLIB\\src\\stm32f4xx_syscfg.c       0x00000000   Number         0  stm32f4xx_syscfg.o ABSOLUTE
    ..\\FWLIB\\src\\stm32f4xx_tim.c          0x00000000   Number         0  stm32f4xx_tim.o ABSOLUTE
    ..\\FWLIB\\src\\stm32f4xx_usart.c        0x00000000   Number         0  stm32f4xx_usart.o ABSOLUTE
    ..\\FWLIB\\src\\stm32f4xx_wwdg.c         0x00000000   Number         0  stm32f4xx_wwdg.o ABSOLUTE
    ..\\SYSTEM\\delay\\delay.c               0x00000000   Number         0  delay.o ABSOLUTE
    ..\\SYSTEM\\sys\\sys.c                   0x00000000   Number         0  sys.o ABSOLUTE
    ..\\SYSTEM\\usart\\usart.c               0x00000000   Number         0  usart.o ABSOLUTE
    ..\\UCOSII\\CORE\\os_core.c              0x00000000   Number         0  os_core.o ABSOLUTE
    ..\\UCOSII\\CORE\\os_flag.c              0x00000000   Number         0  os_flag.o ABSOLUTE
    ..\\UCOSII\\CORE\\os_mbox.c              0x00000000   Number         0  os_mbox.o ABSOLUTE
    ..\\UCOSII\\CORE\\os_mem.c               0x00000000   Number         0  os_mem.o ABSOLUTE
    ..\\UCOSII\\CORE\\os_mutex.c             0x00000000   Number         0  os_mutex.o ABSOLUTE
    ..\\UCOSII\\CORE\\os_q.c                 0x00000000   Number         0  os_q.o ABSOLUTE
    ..\\UCOSII\\CORE\\os_sem.c               0x00000000   Number         0  os_sem.o ABSOLUTE
    ..\\UCOSII\\CORE\\os_task.c              0x00000000   Number         0  os_task.o ABSOLUTE
    ..\\UCOSII\\CORE\\os_time.c              0x00000000   Number         0  os_time.o ABSOLUTE
    ..\\UCOSII\\CORE\\os_tmr.c               0x00000000   Number         0  os_tmr.o ABSOLUTE
    ..\\UCOSII\\PORT\\os_cpu_c.c             0x00000000   Number         0  os_cpu_c.o ABSOLUTE
    dc.s                                     0x00000000   Number         0  dc.o ABSOLUTE
    main.c                                   0x00000000   Number         0  main.o ABSOLUTE
    main.c                                   0x00000000   Number         0  main.o ABSOLUTE
    stm32f4xx_it.c                           0x00000000   Number         0  stm32f4xx_it.o ABSOLUTE
    stm32f4xx_it.c                           0x00000000   Number         0  stm32f4xx_it.o ABSOLUTE
    system_stm32f4xx.c                       0x00000000   Number         0  system_stm32f4xx.o ABSOLUTE
    system_stm32f4xx.c                       0x00000000   Number         0  system_stm32f4xx.o ABSOLUTE
    RESET                                    0x08000000   Section      392  startup_stm32f40xx.o(RESET)
    !!!main                                  0x08000188   Section        8  __main.o(!!!main)
    !!!scatter                               0x08000190   Section       52  __scatter.o(!!!scatter)
    !!handler_copy                           0x080001c4   Section       26  __scatter_copy.o(!!handler_copy)
    !!handler_zi                             0x080001e0   Section       28  __scatter_zi.o(!!handler_zi)
    .ARM.Collect$$_printf_percent$$00000000  0x080001fc   Section        0  _printf_percent.o(.ARM.Collect$$_printf_percent$$00000000)
    .ARM.Collect$$_printf_percent$$00000003  0x080001fc   Section        6  _printf_f.o(.ARM.Collect$$_printf_percent$$00000003)
    .ARM.Collect$$_printf_percent$$00000017  0x08000202   Section        4  _printf_percent_end.o(.ARM.Collect$$_printf_percent$$00000017)
    .ARM.Collect$$libinit$$00000000          0x08000206   Section        2  libinit.o(.ARM.Collect$$libinit$$00000000)
    .ARM.Collect$$libinit$$00000001          0x08000208   Section        4  libinit2.o(.ARM.Collect$$libinit$$00000001)
    .ARM.Collect$$libinit$$00000004          0x0800020c   Section        0  libinit2.o(.ARM.Collect$$libinit$$00000004)
    .ARM.Collect$$libinit$$0000000A          0x0800020c   Section        0  libinit2.o(.ARM.Collect$$libinit$$0000000A)
    .ARM.Collect$$libinit$$0000000C          0x0800020c   Section        0  libinit2.o(.ARM.Collect$$libinit$$0000000C)
    .ARM.Collect$$libinit$$0000000E          0x0800020c   Section        0  libinit2.o(.ARM.Collect$$libinit$$0000000E)
    .ARM.Collect$$libinit$$0000000F          0x0800020c   Section        6  libinit2.o(.ARM.Collect$$libinit$$0000000F)
    .ARM.Collect$$libinit$$00000011          0x08000212   Section        0  libinit2.o(.ARM.Collect$$libinit$$00000011)
    .ARM.Collect$$libinit$$00000013          0x08000212   Section        0  libinit2.o(.ARM.Collect$$libinit$$00000013)
    .ARM.Collect$$libinit$$00000015          0x08000212   Section        0  libinit2.o(.ARM.Collect$$libinit$$00000015)
    .ARM.Collect$$libinit$$00000016          0x08000212   Section       10  libinit2.o(.ARM.Collect$$libinit$$00000016)
    .ARM.Collect$$libinit$$00000017          0x0800021c   Section        0  libinit2.o(.ARM.Collect$$libinit$$00000017)
    .ARM.Collect$$libinit$$00000019          0x0800021c   Section        0  libinit2.o(.ARM.Collect$$libinit$$00000019)
    .ARM.Collect$$libinit$$0000001B          0x0800021c   Section        0  libinit2.o(.ARM.Collect$$libinit$$0000001B)
    .ARM.Collect$$libinit$$0000001D          0x0800021c   Section        0  libinit2.o(.ARM.Collect$$libinit$$0000001D)
    .ARM.Collect$$libinit$$0000001F          0x0800021c   Section        0  libinit2.o(.ARM.Collect$$libinit$$0000001F)
    .ARM.Collect$$libinit$$00000021          0x0800021c   Section        0  libinit2.o(.ARM.Collect$$libinit$$00000021)
    .ARM.Collect$$libinit$$00000023          0x0800021c   Section        0  libinit2.o(.ARM.Collect$$libinit$$00000023)
    .ARM.Collect$$libinit$$00000025          0x0800021c   Section        0  libinit2.o(.ARM.Collect$$libinit$$00000025)
    .ARM.Collect$$libinit$$0000002C          0x0800021c   Section        0  libinit2.o(.ARM.Collect$$libinit$$0000002C)
    .ARM.Collect$$libinit$$0000002E          0x0800021c   Section        0  libinit2.o(.ARM.Collect$$libinit$$0000002E)
    .ARM.Collect$$libinit$$00000030          0x0800021c   Section        0  libinit2.o(.ARM.Collect$$libinit$$00000030)
    .ARM.Collect$$libinit$$00000032          0x0800021c   Section        0  libinit2.o(.ARM.Collect$$libinit$$00000032)
    .ARM.Collect$$libinit$$00000033          0x0800021c   Section        2  libinit2.o(.ARM.Collect$$libinit$$00000033)
    .ARM.Collect$$libshutdown$$00000000      0x0800021e   Section        2  libshutdown.o(.ARM.Collect$$libshutdown$$00000000)
    .ARM.Collect$$libshutdown$$00000002      0x08000220   Section        0  libshutdown2.o(.ARM.Collect$$libshutdown$$00000002)
    .ARM.Collect$$libshutdown$$00000004      0x08000220   Section        0  libshutdown2.o(.ARM.Collect$$libshutdown$$00000004)
    .ARM.Collect$$libshutdown$$00000007      0x08000220   Section        0  libshutdown2.o(.ARM.Collect$$libshutdown$$00000007)
    .ARM.Collect$$libshutdown$$0000000A      0x08000220   Section        0  libshutdown2.o(.ARM.Collect$$libshutdown$$0000000A)
    .ARM.Collect$$libshutdown$$0000000C      0x08000220   Section        0  libshutdown2.o(.ARM.Collect$$libshutdown$$0000000C)
    .ARM.Collect$$libshutdown$$0000000F      0x08000220   Section        0  libshutdown2.o(.ARM.Collect$$libshutdown$$0000000F)
    .ARM.Collect$$libshutdown$$00000010      0x08000220   Section        2  libshutdown2.o(.ARM.Collect$$libshutdown$$00000010)
    .ARM.Collect$$rtentry$$00000000          0x08000222   Section        0  __rtentry.o(.ARM.Collect$$rtentry$$00000000)
    .ARM.Collect$$rtentry$$00000002          0x08000222   Section        0  __rtentry2.o(.ARM.Collect$$rtentry$$00000002)
    .ARM.Collect$$rtentry$$00000004          0x08000222   Section        6  __rtentry4.o(.ARM.Collect$$rtentry$$00000004)
    .ARM.Collect$$rtentry$$00000009          0x08000228   Section        0  __rtentry2.o(.ARM.Collect$$rtentry$$00000009)
    .ARM.Collect$$rtentry$$0000000A          0x08000228   Section        4  __rtentry2.o(.ARM.Collect$$rtentry$$0000000A)
    .ARM.Collect$$rtentry$$0000000C          0x0800022c   Section        0  __rtentry2.o(.ARM.Collect$$rtentry$$0000000C)
    .ARM.Collect$$rtentry$$0000000D          0x0800022c   Section        8  __rtentry2.o(.ARM.Collect$$rtentry$$0000000D)
    .ARM.Collect$$rtexit$$00000000           0x08000234   Section        2  rtexit.o(.ARM.Collect$$rtexit$$00000000)
    .ARM.Collect$$rtexit$$00000002           0x08000236   Section        0  rtexit2.o(.ARM.Collect$$rtexit$$00000002)
    .ARM.Collect$$rtexit$$00000003           0x08000236   Section        4  rtexit2.o(.ARM.Collect$$rtexit$$00000003)
    .ARM.Collect$$rtexit$$00000004           0x0800023a   Section        6  rtexit2.o(.ARM.Collect$$rtexit$$00000004)
    .text                                    0x08000240   Section       64  startup_stm32f40xx.o(.text)
    $v0                                      0x08000240   Number         0  startup_stm32f40xx.o(.text)
    .text                                    0x08000280   Section      200  os_cpu_a.o(.text)
    $v0                                      0x08000280   Number         0  os_cpu_a.o(.text)
    .text                                    0x08000348   Section        2  use_no_semi_2.o(.text)
    .text                                    0x0800034c   Section        0  noretval__2printf.o(.text)
    .text                                    0x08000364   Section        0  __printf_wp.o(.text)
    .text                                    0x08000472   Section        0  heapauxi.o(.text)
    .text                                    0x08000478   Section        2  use_no_semi.o(.text)
    .text                                    0x0800047a   Section        0  _printf_fp_dec.o(.text)
    _fp_digits                               0x0800047d   Thumb Code   432  _printf_fp_dec.o(.text)
    .text                                    0x08000898   Section        0  _printf_char_file.o(.text)
    .text                                    0x080008bc   Section        8  rt_locale_intlibspace.o(.text)
    .text                                    0x080008c4   Section      138  lludiv10.o(.text)
    .text                                    0x08000950   Section        0  _printf_char_common.o(.text)
    _printf_input_char                       0x08000951   Thumb Code    10  _printf_char_common.o(.text)
    .text                                    0x08000980   Section        0  _printf_fp_infnan.o(.text)
    .text                                    0x08000a00   Section        0  bigflt0.o(.text)
    .text                                    0x08000ae4   Section        0  ferror.o(.text)
    .text                                    0x08000aec   Section        8  libspace.o(.text)
    .text                                    0x08000af4   Section       74  sys_stackheap_outer.o(.text)
    .text                                    0x08000b3e   Section        0  exit.o(.text)
    .text                                    0x08000b50   Section      128  strcmpv7m.o(.text)
    CL$$btod_d2e                             0x08000bd0   Section       62  btod.o(CL$$btod_d2e)
    CL$$btod_d2e_denorm_low                  0x08000c0e   Section       70  btod.o(CL$$btod_d2e_denorm_low)
    CL$$btod_d2e_norm_op1                    0x08000c54   Section       96  btod.o(CL$$btod_d2e_norm_op1)
    CL$$btod_div_common                      0x08000cb4   Section      824  btod.o(CL$$btod_div_common)
    CL$$btod_e2e                             0x08000fec   Section      220  btod.o(CL$$btod_e2e)
    CL$$btod_ediv                            0x080010c8   Section       42  btod.o(CL$$btod_ediv)
    CL$$btod_emul                            0x080010f2   Section       42  btod.o(CL$$btod_emul)
    CL$$btod_mult_common                     0x0800111c   Section      580  btod.o(CL$$btod_mult_common)
    i.BusFault_Handler                       0x08001360   Section        0  stm32f4xx_it.o(i.BusFault_Handler)
    i.DebugMon_Handler                       0x08001364   Section        0  stm32f4xx_it.o(i.DebugMon_Handler)
    i.GPIO_Init                              0x08001366   Section        0  stm32f4xx_gpio.o(i.GPIO_Init)
    i.GPIO_PinAFConfig                       0x080013f6   Section        0  stm32f4xx_gpio.o(i.GPIO_PinAFConfig)
    i.GPIO_ResetBits                         0x0800143c   Section        0  stm32f4xx_gpio.o(i.GPIO_ResetBits)
    i.GPIO_SetBits                           0x08001440   Section        0  stm32f4xx_gpio.o(i.GPIO_SetBits)
    i.HardFault_Handler                      0x08001444   Section        0  stm32f4xx_it.o(i.HardFault_Handler)
    i.LED_Init                               0x08001448   Section        0  main.o(i.LED_Init)
    i.MemManage_Handler                      0x08001480   Section        0  stm32f4xx_it.o(i.MemManage_Handler)
    i.NMI_Handler                            0x08001484   Section        0  stm32f4xx_it.o(i.NMI_Handler)
    i.NVIC_Init                              0x08001488   Section        0  misc.o(i.NVIC_Init)
    i.NVIC_PriorityGroupConfig               0x08001500   Section        0  misc.o(i.NVIC_PriorityGroupConfig)
    i.OSInit                                 0x08001514   Section        0  os_core.o(i.OSInit)
    i.OSInitHookBegin                        0x08001540   Section        0  os_cpu_c.o(i.OSInitHookBegin)
    i.OSInitHookEnd                          0x08001542   Section        0  os_cpu_c.o(i.OSInitHookEnd)
    i.OSIntEnter                             0x08001544   Section        0  os_core.o(i.OSIntEnter)
    i.OSIntExit                              0x08001568   Section        0  os_core.o(i.OSIntExit)
    i.OSSchedLock                            0x080015f8   Section        0  os_core.o(i.OSSchedLock)
    i.OSSchedUnlock                          0x08001638   Section        0  os_core.o(i.OSSchedUnlock)
    i.OSStart                                0x08001698   Section        0  os_core.o(i.OSStart)
    i.OSTCBInitHook                          0x080016e0   Section        0  os_cpu_c.o(i.OSTCBInitHook)
    i.OSTaskCreate                           0x080016e4   Section        0  os_task.o(i.OSTaskCreate)
    i.OSTaskCreateExt                        0x08001784   Section        0  os_task.o(i.OSTaskCreateExt)
    i.OSTaskCreateHook                       0x0800183c   Section        0  os_cpu_c.o(i.OSTaskCreateHook)
    i.OSTaskDel                              0x08001840   Section        0  os_task.o(i.OSTaskDel)
    i.OSTaskDelHook                          0x08001994   Section        0  os_cpu_c.o(i.OSTaskDelHook)
    i.OSTaskIdleHook                         0x08001996   Section        0  os_cpu_c.o(i.OSTaskIdleHook)
    i.OSTaskNameSet                          0x08001998   Section        0  os_task.o(i.OSTaskNameSet)
    i.OSTaskReturnHook                       0x08001a08   Section        0  os_cpu_c.o(i.OSTaskReturnHook)
    i.OSTaskStatHook                         0x08001a0a   Section        0  os_cpu_c.o(i.OSTaskStatHook)
    i.OSTaskStkChk                           0x08001a0c   Section        0  os_task.o(i.OSTaskStkChk)
    i.OSTaskStkInit                          0x08001a98   Section        0  os_cpu_c.o(i.OSTaskStkInit)
    i.OSTaskSuspend                          0x08001c48   Section        0  os_task.o(i.OSTaskSuspend)
    i.OSTaskSwHook                           0x08001cf0   Section        0  os_cpu_c.o(i.OSTaskSwHook)
    i.OSTimeDly                              0x08001cf4   Section        0  os_time.o(i.OSTimeDly)
    i.OSTimeTick                             0x08001d6c   Section        0  os_core.o(i.OSTimeTick)
    i.OSTimeTickHook                         0x08001e58   Section        0  os_cpu_c.o(i.OSTimeTickHook)
    i.OS_Dummy                               0x08001e5a   Section        0  os_core.o(i.OS_Dummy)
    i.OS_EventTaskRemove                     0x08001e5c   Section        0  os_core.o(i.OS_EventTaskRemove)
    i.OS_FlagInit                            0x08001e88   Section        0  os_flag.o(i.OS_FlagInit)
    i.OS_FlagUnlink                          0x08001ee0   Section        0  os_flag.o(i.OS_FlagUnlink)
    i.OS_InitEventList                       0x08001f04   Section        0  os_core.o(i.OS_InitEventList)
    OS_InitEventList                         0x08001f05   Thumb Code    74  os_core.o(i.OS_InitEventList)
    i.OS_InitMisc                            0x08001f58   Section        0  os_core.o(i.OS_InitMisc)
    OS_InitMisc                              0x08001f59   Thumb Code    44  os_core.o(i.OS_InitMisc)
    i.OS_InitRdyList                         0x08001fac   Section        0  os_core.o(i.OS_InitRdyList)
    OS_InitRdyList                           0x08001fad   Thumb Code    44  os_core.o(i.OS_InitRdyList)
    i.OS_InitTCBList                         0x08001ff0   Section        0  os_core.o(i.OS_InitTCBList)
    OS_InitTCBList                           0x08001ff1   Thumb Code   106  os_core.o(i.OS_InitTCBList)
    i.OS_InitTaskIdle                        0x08002070   Section        0  os_core.o(i.OS_InitTaskIdle)
    OS_InitTaskIdle                          0x08002071   Thumb Code    50  os_core.o(i.OS_InitTaskIdle)
    i.OS_InitTaskStat                        0x080020c0   Section        0  os_core.o(i.OS_InitTaskStat)
    OS_InitTaskStat                          0x080020c1   Thumb Code    50  os_core.o(i.OS_InitTaskStat)
    i.OS_MemClr                              0x08002110   Section        0  os_core.o(i.OS_MemClr)
    i.OS_QInit                               0x08002124   Section        0  os_q.o(i.OS_QInit)
    i.OS_Sched                               0x08002174   Section        0  os_core.o(i.OS_Sched)
    i.OS_SchedNew                            0x080021e8   Section        0  os_core.o(i.OS_SchedNew)
    OS_SchedNew                              0x080021e9   Thumb Code    26  os_core.o(i.OS_SchedNew)
    i.OS_TCBInit                             0x08002214   Section        0  os_core.o(i.OS_TCBInit)
    i.OS_TaskIdle                            0x08002348   Section        0  os_core.o(i.OS_TaskIdle)
    i.OS_TaskReturn                          0x08002370   Section        0  os_task.o(i.OS_TaskReturn)
    i.OS_TaskStat                            0x08002388   Section        0  os_core.o(i.OS_TaskStat)
    i.OS_TaskStatStkChk                      0x08002410   Section        0  os_core.o(i.OS_TaskStatStkChk)
    i.OS_TaskStkClr                          0x0800244c   Section        0  os_task.o(i.OS_TaskStkClr)
    i.RCC_AHB1PeriphClockCmd                 0x08002468   Section        0  stm32f4xx_rcc.o(i.RCC_AHB1PeriphClockCmd)
    i.RCC_APB2PeriphClockCmd                 0x08002488   Section        0  stm32f4xx_rcc.o(i.RCC_APB2PeriphClockCmd)
    i.RCC_GetClocksFreq                      0x080024a8   Section        0  stm32f4xx_rcc.o(i.RCC_GetClocksFreq)
    i.SVC_Handler                            0x08002590   Section        0  stm32f4xx_it.o(i.SVC_Handler)
    i.SetSysClock                            0x08002594   Section        0  system_stm32f4xx.o(i.SetSysClock)
    SetSysClock                              0x08002595   Thumb Code   220  system_stm32f4xx.o(i.SetSysClock)
    i.SysTick_CLKSourceConfig                0x08002680   Section        0  misc.o(i.SysTick_CLKSourceConfig)
    i.SysTick_Handler                        0x080026a8   Section        0  delay.o(i.SysTick_Handler)
    i.SystemInit                             0x080026c4   Section        0  system_stm32f4xx.o(i.SystemInit)
    i.USART1_IRQHandler                      0x0800272c   Section        0  usart.o(i.USART1_IRQHandler)
    i.USART_Cmd                              0x080027bc   Section        0  stm32f4xx_usart.o(i.USART_Cmd)
    i.USART_GetITStatus                      0x080027d4   Section        0  stm32f4xx_usart.o(i.USART_GetITStatus)
    i.USART_ITConfig                         0x08002828   Section        0  stm32f4xx_usart.o(i.USART_ITConfig)
    i.USART_Init                             0x08002874   Section        0  stm32f4xx_usart.o(i.USART_Init)
    i.USART_ReceiveData                      0x08002948   Section        0  stm32f4xx_usart.o(i.USART_ReceiveData)
    i.UsageFault_Handler                     0x08002952   Section        0  stm32f4xx_it.o(i.UsageFault_Handler)
    i.__ARM_fpclassify                       0x08002956   Section        0  fpclassify.o(i.__ARM_fpclassify)
    i._is_digit                              0x08002986   Section        0  __printf_wp.o(i._is_digit)
    i._sys_exit                              0x08002994   Section        0  usart.o(i._sys_exit)
    i.delay_init                             0x0800299c   Section        0  delay.o(i.delay_init)
    i.delay_ms                               0x080029f0   Section        0  delay.o(i.delay_ms)
    i.delay_osschedlock                      0x08002a40   Section        0  delay.o(i.delay_osschedlock)
    i.delay_osschedunlock                    0x08002a48   Section        0  delay.o(i.delay_osschedunlock)
    i.delay_ostimedly                        0x08002a50   Section        0  delay.o(i.delay_ostimedly)
    i.delay_us                               0x08002a5c   Section        0  delay.o(i.delay_us)
    i.float_task                             0x08002ab4   Section        0  main.o(i.float_task)
    i.fputc                                  0x08002b2c   Section        0  usart.o(i.fputc)
    i.led0_task                              0x08002b48   Section        0  main.o(i.led0_task)
    i.led1_task                              0x08002b74   Section        0  main.o(i.led1_task)
    i.main                                   0x08002ba0   Section        0  main.o(i.main)
    i.start_task                             0x08002bdc   Section        0  main.o(i.start_task)
    i.uart_init                              0x08002c34   Section        0  usart.o(i.uart_init)
    locale$$code                             0x08002ce0   Section       44  lc_numeric_c.o(locale$$code)
    x$fpl$d2f                                0x08002d0c   Section       98  d2f.o(x$fpl$d2f)
    $v0                                      0x08002d0c   Number         0  d2f.o(x$fpl$d2f)
    x$fpl$dadd                               0x08002d70   Section      336  daddsub_clz.o(x$fpl$dadd)
    $v0                                      0x08002d70   Number         0  daddsub_clz.o(x$fpl$dadd)
    _dadd1                                   0x08002d81   Thumb Code     0  daddsub_clz.o(x$fpl$dadd)
    x$fpl$dnaninf                            0x08002ec0   Section      156  dnaninf.o(x$fpl$dnaninf)
    $v0                                      0x08002ec0   Number         0  dnaninf.o(x$fpl$dnaninf)
    x$fpl$dretinf                            0x08002f5c   Section       12  dretinf.o(x$fpl$dretinf)
    $v0                                      0x08002f5c   Number         0  dretinf.o(x$fpl$dretinf)
    x$fpl$dsub                               0x08002f68   Section      468  daddsub_clz.o(x$fpl$dsub)
    $v0                                      0x08002f68   Number         0  daddsub_clz.o(x$fpl$dsub)
    _dsub1                                   0x08002f79   Thumb Code     0  daddsub_clz.o(x$fpl$dsub)
    x$fpl$f2d                                0x0800313c   Section       86  f2d.o(x$fpl$f2d)
    $v0                                      0x0800313c   Number         0  f2d.o(x$fpl$f2d)
    x$fpl$fnaninf                            0x08003192   Section      140  fnaninf.o(x$fpl$fnaninf)
    $v0                                      0x08003192   Number         0  fnaninf.o(x$fpl$fnaninf)
    x$fpl$fpinit                             0x0800321e   Section       10  fpinit.o(x$fpl$fpinit)
    $v0                                      0x0800321e   Number         0  fpinit.o(x$fpl$fpinit)
    x$fpl$fretinf                            0x08003228   Section       10  fretinf.o(x$fpl$fretinf)
    $v0                                      0x08003228   Number         0  fretinf.o(x$fpl$fretinf)
    x$fpl$printf1                            0x08003232   Section        4  printf1.o(x$fpl$printf1)
    $v0                                      0x08003232   Number         0  printf1.o(x$fpl$printf1)
    .constdata                               0x08003236   Section      256  os_core.o(.constdata)
    x$fpl$usenofp                            0x08003236   Section        0  usenofp.o(x$fpl$usenofp)
    .constdata                               0x08003338   Section      148  bigflt0.o(.constdata)
    tenpwrs_x                                0x08003338   Data          60  bigflt0.o(.constdata)
    tenpwrs_i                                0x08003374   Data          64  bigflt0.o(.constdata)
    locale$$data                             0x080033ec   Section       28  lc_numeric_c.o(locale$$data)
    __lcnum_c_name                           0x080033f0   Data           2  lc_numeric_c.o(locale$$data)
    __lcnum_c_start                          0x080033f8   Data           0  lc_numeric_c.o(locale$$data)
    __lcnum_c_point                          0x08003404   Data           0  lc_numeric_c.o(locale$$data)
    __lcnum_c_thousands                      0x08003406   Data           0  lc_numeric_c.o(locale$$data)
    __lcnum_c_grouping                       0x08003407   Data           0  lc_numeric_c.o(locale$$data)
    __lcnum_c_end                            0x08003408   Data           0  lc_numeric_c.o(locale$$data)
    .data                                    0x20000000   Section        4  main.o(.data)
    float_num                                0x20000000   Data           4  main.o(.data)
    .data                                    0x20000004   Section       16  stm32f4xx_rcc.o(.data)
    APBAHBPrescTable                         0x20000004   Data          16  stm32f4xx_rcc.o(.data)
    .data                                    0x20000014   Section        4  delay.o(.data)
    fac_us                                   0x20000014   Data           1  delay.o(.data)
    fac_ms                                   0x20000016   Data           2  delay.o(.data)
    .data                                    0x20000018   Section        6  usart.o(.data)
    .data                                    0x20000020   Section       72  os_core.o(.data)
    .bss                                     0x20000068   Section     1280  main.o(.bss)
    .bss                                     0x20000568   Section      200  usart.o(.bss)
    .bss                                     0x20000630   Section     2688  os_core.o(.bss)
    .bss                                     0x200010b0   Section       96  libspace.o(.bss)
    HEAP                                     0x20001110   Section      512  startup_stm32f40xx.o(HEAP)
    Heap_Mem                                 0x20001110   Data         512  startup_stm32f40xx.o(HEAP)
    STACK                                    0x20001310   Section     1024  startup_stm32f40xx.o(STACK)
    Stack_Mem                                0x20001310   Data        1024  startup_stm32f40xx.o(STACK)
    __initial_sp                             0x20001710   Data           0  startup_stm32f40xx.o(STACK)

    Global Symbols

    Symbol Name                              Value     Ov Type        Size  Object(Section)

    BuildAttributes$$THM_ISAv4$E$P$D$K$B$S$7EM$VFPi3$EXTD16$VFPS$VFMA$PE$A:L22UL41UL21$X:L11$S22US41US21$IEEE1$IW$USESV6$~STKCKD$USESV7$~SHL$OTIME$ROPI$IEEEJ$EBA8$UX$STANDARDLIB$REQ8$PRES8$EABIv2 0x00000000   Number         0  anon$$obj.o ABSOLUTE
    __ARM_use_no_argv                        0x00000000   Number         0  main.o ABSOLUTE
    _printf_flags                            0x00000000   Number         0  printf_stubs.o ABSOLUTE
    _printf_return_value                     0x00000000   Number         0  printf_stubs.o ABSOLUTE
    _printf_sizespec                         0x00000000   Number         0  printf_stubs.o ABSOLUTE
    _printf_widthprec                        0x00000000   Number         0  printf_stubs.o ABSOLUTE
    __ARM_exceptions_init                     - Undefined Weak Reference
    __alloca_initialize                       - Undefined Weak Reference
    __arm_preinit_                            - Undefined Weak Reference
    __cpp_initialize__aeabi_                  - Undefined Weak Reference
    __cxa_finalize                            - Undefined Weak Reference
    __sigvec_lookup                           - Undefined Weak Reference
    _atexit_init                              - Undefined Weak Reference
    _call_atexit_fns                          - Undefined Weak Reference
    _clock_init                               - Undefined Weak Reference
    _fp_trap_init                             - Undefined Weak Reference
    _fp_trap_shutdown                         - Undefined Weak Reference
    _get_lc_collate                           - Undefined Weak Reference
    _get_lc_ctype                             - Undefined Weak Reference
    _get_lc_monetary                          - Undefined Weak Reference
    _get_lc_time                              - Undefined Weak Reference
    _getenv_init                              - Undefined Weak Reference
    _handle_redirection                       - Undefined Weak Reference
    _init_alloc                               - Undefined Weak Reference
    _init_user_alloc                          - Undefined Weak Reference
    _initio                                   - Undefined Weak Reference
    _mutex_acquire                            - Undefined Weak Reference
    _mutex_release                            - Undefined Weak Reference
    _printf_post_padding                      - Undefined Weak Reference
    _printf_pre_padding                       - Undefined Weak Reference
    _rand_init                                - Undefined Weak Reference
    _signal_finish                            - Undefined Weak Reference
    _signal_init                              - Undefined Weak Reference
    _terminate_alloc                          - Undefined Weak Reference
    _terminate_user_alloc                     - Undefined Weak Reference
    _terminateio                              - Undefined Weak Reference
    __Vectors_Size                           0x00000188   Number         0  startup_stm32f40xx.o ABSOLUTE
    __Vectors                                0x08000000   Data           4  startup_stm32f40xx.o(RESET)
    __Vectors_End                            0x08000188   Data           0  startup_stm32f40xx.o(RESET)
    __main                                   0x08000189   Thumb Code     8  __main.o(!!!main)
    __scatterload                            0x08000191   Thumb Code     0  __scatter.o(!!!scatter)
    __scatterload_rt2                        0x08000191   Thumb Code    44  __scatter.o(!!!scatter)
    __scatterload_rt2_thumb_only             0x08000191   Thumb Code     0  __scatter.o(!!!scatter)
    __scatterload_null                       0x0800019f   Thumb Code     0  __scatter.o(!!!scatter)
    __scatterload_copy                       0x080001c5   Thumb Code    26  __scatter_copy.o(!!handler_copy)
    __scatterload_zeroinit                   0x080001e1   Thumb Code    28  __scatter_zi.o(!!handler_zi)
    _printf_f                                0x080001fd   Thumb Code     0  _printf_f.o(.ARM.Collect$$_printf_percent$$00000003)
    _printf_percent                          0x080001fd   Thumb Code     0  _printf_percent.o(.ARM.Collect$$_printf_percent$$00000000)
    _printf_percent_end                      0x08000203   Thumb Code     0  _printf_percent_end.o(.ARM.Collect$$_printf_percent$$00000017)
    __rt_lib_init                            0x08000207   Thumb Code     0  libinit.o(.ARM.Collect$$libinit$$00000000)
    __rt_lib_init_fp_1                       0x08000209   Thumb Code     0  libinit2.o(.ARM.Collect$$libinit$$00000001)
    __rt_lib_init_heap_1                     0x0800020d   Thumb Code     0  libinit2.o(.ARM.Collect$$libinit$$0000000A)
    __rt_lib_init_lc_common                  0x0800020d   Thumb Code     0  libinit2.o(.ARM.Collect$$libinit$$0000000F)
    __rt_lib_init_preinit_1                  0x0800020d   Thumb Code     0  libinit2.o(.ARM.Collect$$libinit$$00000004)
    __rt_lib_init_rand_1                     0x0800020d   Thumb Code     0  libinit2.o(.ARM.Collect$$libinit$$0000000E)
    __rt_lib_init_user_alloc_1               0x0800020d   Thumb Code     0  libinit2.o(.ARM.Collect$$libinit$$0000000C)
    __rt_lib_init_lc_collate_1               0x08000213   Thumb Code     0  libinit2.o(.ARM.Collect$$libinit$$00000011)
    __rt_lib_init_lc_ctype_1                 0x08000213   Thumb Code     0  libinit2.o(.ARM.Collect$$libinit$$00000013)
    __rt_lib_init_lc_monetary_1              0x08000213   Thumb Code     0  libinit2.o(.ARM.Collect$$libinit$$00000015)
    __rt_lib_init_lc_numeric_2               0x08000213   Thumb Code     0  libinit2.o(.ARM.Collect$$libinit$$00000016)
    __rt_lib_init_alloca_1                   0x0800021d   Thumb Code     0  libinit2.o(.ARM.Collect$$libinit$$0000002E)
    __rt_lib_init_argv_1                     0x0800021d   Thumb Code     0  libinit2.o(.ARM.Collect$$libinit$$0000002C)
    __rt_lib_init_atexit_1                   0x0800021d   Thumb Code     0  libinit2.o(.ARM.Collect$$libinit$$0000001B)
    __rt_lib_init_clock_1                    0x0800021d   Thumb Code     0  libinit2.o(.ARM.Collect$$libinit$$00000021)
    __rt_lib_init_cpp_1                      0x0800021d   Thumb Code     0  libinit2.o(.ARM.Collect$$libinit$$00000032)
    __rt_lib_init_exceptions_1               0x0800021d   Thumb Code     0  libinit2.o(.ARM.Collect$$libinit$$00000030)
    __rt_lib_init_fp_trap_1                  0x0800021d   Thumb Code     0  libinit2.o(.ARM.Collect$$libinit$$0000001F)
    __rt_lib_init_getenv_1                   0x0800021d   Thumb Code     0  libinit2.o(.ARM.Collect$$libinit$$00000023)
    __rt_lib_init_lc_numeric_1               0x0800021d   Thumb Code     0  libinit2.o(.ARM.Collect$$libinit$$00000017)
    __rt_lib_init_lc_time_1                  0x0800021d   Thumb Code     0  libinit2.o(.ARM.Collect$$libinit$$00000019)
    __rt_lib_init_return                     0x0800021d   Thumb Code     0  libinit2.o(.ARM.Collect$$libinit$$00000033)
    __rt_lib_init_signal_1                   0x0800021d   Thumb Code     0  libinit2.o(.ARM.Collect$$libinit$$0000001D)
    __rt_lib_init_stdio_1                    0x0800021d   Thumb Code     0  libinit2.o(.ARM.Collect$$libinit$$00000025)
    __rt_lib_shutdown                        0x0800021f   Thumb Code     0  libshutdown.o(.ARM.Collect$$libshutdown$$00000000)
    __rt_lib_shutdown_cpp_1                  0x08000221   Thumb Code     0  libshutdown2.o(.ARM.Collect$$libshutdown$$00000002)
    __rt_lib_shutdown_fp_trap_1              0x08000221   Thumb Code     0  libshutdown2.o(.ARM.Collect$$libshutdown$$00000007)
    __rt_lib_shutdown_heap_1                 0x08000221   Thumb Code     0  libshutdown2.o(.ARM.Collect$$libshutdown$$0000000F)
    __rt_lib_shutdown_return                 0x08000221   Thumb Code     0  libshutdown2.o(.ARM.Collect$$libshutdown$$00000010)
    __rt_lib_shutdown_signal_1               0x08000221   Thumb Code     0  libshutdown2.o(.ARM.Collect$$libshutdown$$0000000A)
    __rt_lib_shutdown_stdio_1                0x08000221   Thumb Code     0  libshutdown2.o(.ARM.Collect$$libshutdown$$00000004)
    __rt_lib_shutdown_user_alloc_1           0x08000221   Thumb Code     0  libshutdown2.o(.ARM.Collect$$libshutdown$$0000000C)
    __rt_entry                               0x08000223   Thumb Code     0  __rtentry.o(.ARM.Collect$$rtentry$$00000000)
    __rt_entry_presh_1                       0x08000223   Thumb Code     0  __rtentry2.o(.ARM.Collect$$rtentry$$00000002)
    __rt_entry_sh                            0x08000223   Thumb Code     0  __rtentry4.o(.ARM.Collect$$rtentry$$00000004)
    __rt_entry_li                            0x08000229   Thumb Code     0  __rtentry2.o(.ARM.Collect$$rtentry$$0000000A)
    __rt_entry_postsh_1                      0x08000229   Thumb Code     0  __rtentry2.o(.ARM.Collect$$rtentry$$00000009)
    __rt_entry_main                          0x0800022d   Thumb Code     0  __rtentry2.o(.ARM.Collect$$rtentry$$0000000D)
    __rt_entry_postli_1                      0x0800022d   Thumb Code     0  __rtentry2.o(.ARM.Collect$$rtentry$$0000000C)
    __rt_exit                                0x08000235   Thumb Code     0  rtexit.o(.ARM.Collect$$rtexit$$00000000)
    __rt_exit_ls                             0x08000237   Thumb Code     0  rtexit2.o(.ARM.Collect$$rtexit$$00000003)
    __rt_exit_prels_1                        0x08000237   Thumb Code     0  rtexit2.o(.ARM.Collect$$rtexit$$00000002)
    __rt_exit_exit                           0x0800023b   Thumb Code     0  rtexit2.o(.ARM.Collect$$rtexit$$00000004)
    Reset_Handler                            0x08000241   Thumb Code     8  startup_stm32f40xx.o(.text)
    ADC_IRQHandler                           0x0800025b   Thumb Code     0  startup_stm32f40xx.o(.text)
    CAN1_RX0_IRQHandler                      0x0800025b   Thumb Code     0  startup_stm32f40xx.o(.text)
    CAN1_RX1_IRQHandler                      0x0800025b   Thumb Code     0  startup_stm32f40xx.o(.text)
    CAN1_SCE_IRQHandler                      0x0800025b   Thumb Code     0  startup_stm32f40xx.o(.text)
    CAN1_TX_IRQHandler                       0x0800025b   Thumb Code     0  startup_stm32f40xx.o(.text)
    CAN2_RX0_IRQHandler                      0x0800025b   Thumb Code     0  startup_stm32f40xx.o(.text)
    CAN2_RX1_IRQHandler                      0x0800025b   Thumb Code     0  startup_stm32f40xx.o(.text)
    CAN2_SCE_IRQHandler                      0x0800025b   Thumb Code     0  startup_stm32f40xx.o(.text)
    CAN2_TX_IRQHandler                       0x0800025b   Thumb Code     0  startup_stm32f40xx.o(.text)
    CRYP_IRQHandler                          0x0800025b   Thumb Code     0  startup_stm32f40xx.o(.text)
    DCMI_IRQHandler                          0x0800025b   Thumb Code     0  startup_stm32f40xx.o(.text)
    DMA1_Stream0_IRQHandler                  0x0800025b   Thumb Code     0  startup_stm32f40xx.o(.text)
    DMA1_Stream1_IRQHandler                  0x0800025b   Thumb Code     0  startup_stm32f40xx.o(.text)
    DMA1_Stream2_IRQHandler                  0x0800025b   Thumb Code     0  startup_stm32f40xx.o(.text)
    DMA1_Stream3_IRQHandler                  0x0800025b   Thumb Code     0  startup_stm32f40xx.o(.text)
    DMA1_Stream4_IRQHandler                  0x0800025b   Thumb Code     0  startup_stm32f40xx.o(.text)
    DMA1_Stream5_IRQHandler                  0x0800025b   Thumb Code     0  startup_stm32f40xx.o(.text)
    DMA1_Stream6_IRQHandler                  0x0800025b   Thumb Code     0  startup_stm32f40xx.o(.text)
    DMA1_Stream7_IRQHandler                  0x0800025b   Thumb Code     0  startup_stm32f40xx.o(.text)
    DMA2_Stream0_IRQHandler                  0x0800025b   Thumb Code     0  startup_stm32f40xx.o(.text)
    DMA2_Stream1_IRQHandler                  0x0800025b   Thumb Code     0  startup_stm32f40xx.o(.text)
    DMA2_Stream2_IRQHandler                  0x0800025b   Thumb Code     0  startup_stm32f40xx.o(.text)
    DMA2_Stream3_IRQHandler                  0x0800025b   Thumb Code     0  startup_stm32f40xx.o(.text)
    DMA2_Stream4_IRQHandler                  0x0800025b   Thumb Code     0  startup_stm32f40xx.o(.text)
    DMA2_Stream5_IRQHandler                  0x0800025b   Thumb Code     0  startup_stm32f40xx.o(.text)
    DMA2_Stream6_IRQHandler                  0x0800025b   Thumb Code     0  startup_stm32f40xx.o(.text)
    DMA2_Stream7_IRQHandler                  0x0800025b   Thumb Code     0  startup_stm32f40xx.o(.text)
    ETH_IRQHandler                           0x0800025b   Thumb Code     0  startup_stm32f40xx.o(.text)
    ETH_WKUP_IRQHandler                      0x0800025b   Thumb Code     0  startup_stm32f40xx.o(.text)
    EXTI0_IRQHandler                         0x0800025b   Thumb Code     0  startup_stm32f40xx.o(.text)
    EXTI15_10_IRQHandler                     0x0800025b   Thumb Code     0  startup_stm32f40xx.o(.text)
    EXTI1_IRQHandler                         0x0800025b   Thumb Code     0  startup_stm32f40xx.o(.text)
    EXTI2_IRQHandler                         0x0800025b   Thumb Code     0  startup_stm32f40xx.o(.text)
    EXTI3_IRQHandler                         0x0800025b   Thumb Code     0  startup_stm32f40xx.o(.text)
    EXTI4_IRQHandler                         0x0800025b   Thumb Code     0  startup_stm32f40xx.o(.text)
    EXTI9_5_IRQHandler                       0x0800025b   Thumb Code     0  startup_stm32f40xx.o(.text)
    FLASH_IRQHandler                         0x0800025b   Thumb Code     0  startup_stm32f40xx.o(.text)
    FPU_IRQHandler                           0x0800025b   Thumb Code     0  startup_stm32f40xx.o(.text)
    FSMC_IRQHandler                          0x0800025b   Thumb Code     0  startup_stm32f40xx.o(.text)
    HASH_RNG_IRQHandler                      0x0800025b   Thumb Code     0  startup_stm32f40xx.o(.text)
    I2C1_ER_IRQHandler                       0x0800025b   Thumb Code     0  startup_stm32f40xx.o(.text)
    I2C1_EV_IRQHandler                       0x0800025b   Thumb Code     0  startup_stm32f40xx.o(.text)
    I2C2_ER_IRQHandler                       0x0800025b   Thumb Code     0  startup_stm32f40xx.o(.text)
    I2C2_EV_IRQHandler                       0x0800025b   Thumb Code     0  startup_stm32f40xx.o(.text)
    I2C3_ER_IRQHandler                       0x0800025b   Thumb Code     0  startup_stm32f40xx.o(.text)
    I2C3_EV_IRQHandler                       0x0800025b   Thumb Code     0  startup_stm32f40xx.o(.text)
    OTG_FS_IRQHandler                        0x0800025b   Thumb Code     0  startup_stm32f40xx.o(.text)
    OTG_FS_WKUP_IRQHandler                   0x0800025b   Thumb Code     0  startup_stm32f40xx.o(.text)
    OTG_HS_EP1_IN_IRQHandler                 0x0800025b   Thumb Code     0  startup_stm32f40xx.o(.text)
    OTG_HS_EP1_OUT_IRQHandler                0x0800025b   Thumb Code     0  startup_stm32f40xx.o(.text)
    OTG_HS_IRQHandler                        0x0800025b   Thumb Code     0  startup_stm32f40xx.o(.text)
    OTG_HS_WKUP_IRQHandler                   0x0800025b   Thumb Code     0  startup_stm32f40xx.o(.text)
    PVD_IRQHandler                           0x0800025b   Thumb Code     0  startup_stm32f40xx.o(.text)
    RCC_IRQHandler                           0x0800025b   Thumb Code     0  startup_stm32f40xx.o(.text)
    RTC_Alarm_IRQHandler                     0x0800025b   Thumb Code     0  startup_stm32f40xx.o(.text)
    RTC_WKUP_IRQHandler                      0x0800025b   Thumb Code     0  startup_stm32f40xx.o(.text)
    SDIO_IRQHandler                          0x0800025b   Thumb Code     0  startup_stm32f40xx.o(.text)
    SPI1_IRQHandler                          0x0800025b   Thumb Code     0  startup_stm32f40xx.o(.text)
    SPI2_IRQHandler                          0x0800025b   Thumb Code     0  startup_stm32f40xx.o(.text)
    SPI3_IRQHandler                          0x0800025b   Thumb Code     0  startup_stm32f40xx.o(.text)
    TAMP_STAMP_IRQHandler                    0x0800025b   Thumb Code     0  startup_stm32f40xx.o(.text)
    TIM1_BRK_TIM9_IRQHandler                 0x0800025b   Thumb Code     0  startup_stm32f40xx.o(.text)
    TIM1_CC_IRQHandler                       0x0800025b   Thumb Code     0  startup_stm32f40xx.o(.text)
    TIM1_TRG_COM_TIM11_IRQHandler            0x0800025b   Thumb Code     0  startup_stm32f40xx.o(.text)
    TIM1_UP_TIM10_IRQHandler                 0x0800025b   Thumb Code     0  startup_stm32f40xx.o(.text)
    TIM2_IRQHandler                          0x0800025b   Thumb Code     0  startup_stm32f40xx.o(.text)
    TIM3_IRQHandler                          0x0800025b   Thumb Code     0  startup_stm32f40xx.o(.text)
    TIM4_IRQHandler                          0x0800025b   Thumb Code     0  startup_stm32f40xx.o(.text)
    TIM5_IRQHandler                          0x0800025b   Thumb Code     0  startup_stm32f40xx.o(.text)
    TIM6_DAC_IRQHandler                      0x0800025b   Thumb Code     0  startup_stm32f40xx.o(.text)
    TIM7_IRQHandler                          0x0800025b   Thumb Code     0  startup_stm32f40xx.o(.text)
    TIM8_BRK_TIM12_IRQHandler                0x0800025b   Thumb Code     0  startup_stm32f40xx.o(.text)
    TIM8_CC_IRQHandler                       0x0800025b   Thumb Code     0  startup_stm32f40xx.o(.text)
    TIM8_TRG_COM_TIM14_IRQHandler            0x0800025b   Thumb Code     0  startup_stm32f40xx.o(.text)
    TIM8_UP_TIM13_IRQHandler                 0x0800025b   Thumb Code     0  startup_stm32f40xx.o(.text)
    UART4_IRQHandler                         0x0800025b   Thumb Code     0  startup_stm32f40xx.o(.text)
    UART5_IRQHandler                         0x0800025b   Thumb Code     0  startup_stm32f40xx.o(.text)
    USART2_IRQHandler                        0x0800025b   Thumb Code     0  startup_stm32f40xx.o(.text)
    USART3_IRQHandler                        0x0800025b   Thumb Code     0  startup_stm32f40xx.o(.text)
    USART6_IRQHandler                        0x0800025b   Thumb Code     0  startup_stm32f40xx.o(.text)
    WWDG_IRQHandler                          0x0800025b   Thumb Code     0  startup_stm32f40xx.o(.text)
    __user_initial_stackheap                 0x0800025d   Thumb Code     0  startup_stm32f40xx.o(.text)
    OS_CPU_SR_Save                           0x08000281   Thumb Code     0  os_cpu_a.o(.text)
    OS_CPU_SR_Restore                        0x08000289   Thumb Code     0  os_cpu_a.o(.text)
    OSStartHighRdy                           0x0800028f   Thumb Code     0  os_cpu_a.o(.text)
    OSCtxSw                                  0x080002b3   Thumb Code     0  os_cpu_a.o(.text)
    OSIntCtxSw                               0x080002c1   Thumb Code     0  os_cpu_a.o(.text)
    PendSV_Handler                           0x080002d1   Thumb Code     0  os_cpu_a.o(.text)
    __use_no_semihosting                     0x08000349   Thumb Code     2  use_no_semi_2.o(.text)
    __2printf                                0x0800034d   Thumb Code    20  noretval__2printf.o(.text)
    __printf                                 0x08000365   Thumb Code   270  __printf_wp.o(.text)
    __use_two_region_memory                  0x08000473   Thumb Code     2  heapauxi.o(.text)
    __rt_heap_escrow$2region                 0x08000475   Thumb Code     2  heapauxi.o(.text)
    __rt_heap_expand$2region                 0x08000477   Thumb Code     2  heapauxi.o(.text)
    __I$use$semihosting                      0x08000479   Thumb Code     0  use_no_semi.o(.text)
    __use_no_semihosting_swi                 0x08000479   Thumb Code     2  use_no_semi.o(.text)
    __lib_sel_fp_printf                      0x0800047b   Thumb Code     2  _printf_fp_dec.o(.text)
    _printf_fp_dec_real                      0x0800062d   Thumb Code   620  _printf_fp_dec.o(.text)
    _printf_char_file                        0x08000899   Thumb Code    32  _printf_char_file.o(.text)
    __rt_locale                              0x080008bd   Thumb Code     8  rt_locale_intlibspace.o(.text)
    _ll_udiv10                               0x080008c5   Thumb Code   138  lludiv10.o(.text)
    _printf_char_common                      0x0800095b   Thumb Code    32  _printf_char_common.o(.text)
    _printf_fp_infnan                        0x08000981   Thumb Code   112  _printf_fp_infnan.o(.text)
    _btod_etento                             0x08000a01   Thumb Code   224  bigflt0.o(.text)
    ferror                                   0x08000ae5   Thumb Code     8  ferror.o(.text)
    __user_libspace                          0x08000aed   Thumb Code     8  libspace.o(.text)
    __user_perproc_libspace                  0x08000aed   Thumb Code     0  libspace.o(.text)
    __user_perthread_libspace                0x08000aed   Thumb Code     0  libspace.o(.text)
    __user_setup_stackheap                   0x08000af5   Thumb Code    74  sys_stackheap_outer.o(.text)
    exit                                     0x08000b3f   Thumb Code    18  exit.o(.text)
    strcmp                                   0x08000b51   Thumb Code   128  strcmpv7m.o(.text)
    _btod_d2e                                0x08000bd1   Thumb Code    62  btod.o(CL$$btod_d2e)
    _d2e_denorm_low                          0x08000c0f   Thumb Code    70  btod.o(CL$$btod_d2e_denorm_low)
    _d2e_norm_op1                            0x08000c55   Thumb Code    96  btod.o(CL$$btod_d2e_norm_op1)
    __btod_div_common                        0x08000cb5   Thumb Code   696  btod.o(CL$$btod_div_common)
    _e2e                                     0x08000fed   Thumb Code   220  btod.o(CL$$btod_e2e)
    _btod_ediv                               0x080010c9   Thumb Code    42  btod.o(CL$$btod_ediv)
    _btod_emul                               0x080010f3   Thumb Code    42  btod.o(CL$$btod_emul)
    __btod_mult_common                       0x0800111d   Thumb Code   580  btod.o(CL$$btod_mult_common)
    BusFault_Handler                         0x08001361   Thumb Code     4  stm32f4xx_it.o(i.BusFault_Handler)
    DebugMon_Handler                         0x08001365   Thumb Code     2  stm32f4xx_it.o(i.DebugMon_Handler)
    GPIO_Init                                0x08001367   Thumb Code   144  stm32f4xx_gpio.o(i.GPIO_Init)
    GPIO_PinAFConfig                         0x080013f7   Thumb Code    70  stm32f4xx_gpio.o(i.GPIO_PinAFConfig)
    GPIO_ResetBits                           0x0800143d   Thumb Code     4  stm32f4xx_gpio.o(i.GPIO_ResetBits)
    GPIO_SetBits                             0x08001441   Thumb Code     4  stm32f4xx_gpio.o(i.GPIO_SetBits)
    HardFault_Handler                        0x08001445   Thumb Code     4  stm32f4xx_it.o(i.HardFault_Handler)
    LED_Init                                 0x08001449   Thumb Code    50  main.o(i.LED_Init)
    MemManage_Handler                        0x08001481   Thumb Code     4  stm32f4xx_it.o(i.MemManage_Handler)
    NMI_Handler                              0x08001485   Thumb Code     2  stm32f4xx_it.o(i.NMI_Handler)
    NVIC_Init                                0x08001489   Thumb Code   106  misc.o(i.NVIC_Init)
    NVIC_PriorityGroupConfig                 0x08001501   Thumb Code    10  misc.o(i.NVIC_PriorityGroupConfig)
    OSInit                                   0x08001515   Thumb Code    44  os_core.o(i.OSInit)
    OSInitHookBegin                          0x08001541   Thumb Code     2  os_cpu_c.o(i.OSInitHookBegin)
    OSInitHookEnd                            0x08001543   Thumb Code     2  os_cpu_c.o(i.OSInitHookEnd)
    OSIntEnter                               0x08001545   Thumb Code    28  os_core.o(i.OSIntEnter)
    OSIntExit                                0x08001569   Thumb Code   112  os_core.o(i.OSIntExit)
    OSSchedLock                              0x080015f9   Thumb Code    50  os_core.o(i.OSSchedLock)
    OSSchedUnlock                            0x08001639   Thumb Code    82  os_core.o(i.OSSchedUnlock)
    OSStart                                  0x08001699   Thumb Code    48  os_core.o(i.OSStart)
    OSTCBInitHook                            0x080016e1   Thumb Code     2  os_cpu_c.o(i.OSTCBInitHook)
    OSTaskCreate                             0x080016e5   Thumb Code   148  os_task.o(i.OSTaskCreate)
    OSTaskCreateExt                          0x08001785   Thumb Code   170  os_task.o(i.OSTaskCreateExt)
    OSTaskCreateHook                         0x0800183d   Thumb Code     2  os_cpu_c.o(i.OSTaskCreateHook)
    OSTaskDel                                0x08001841   Thumb Code   294  os_task.o(i.OSTaskDel)
    OSTaskDelHook                            0x08001995   Thumb Code     2  os_cpu_c.o(i.OSTaskDelHook)
    OSTaskIdleHook                           0x08001997   Thumb Code     2  os_cpu_c.o(i.OSTaskIdleHook)
    OSTaskNameSet                            0x08001999   Thumb Code    98  os_task.o(i.OSTaskNameSet)
    OSTaskReturnHook                         0x08001a09   Thumb Code     2  os_cpu_c.o(i.OSTaskReturnHook)
    OSTaskStatHook                           0x08001a0b   Thumb Code     2  os_cpu_c.o(i.OSTaskStatHook)
    OSTaskStkChk                             0x08001a0d   Thumb Code   132  os_task.o(i.OSTaskStkChk)
    OSTaskStkInit                            0x08001a99   Thumb Code   426  os_cpu_c.o(i.OSTaskStkInit)
    OSTaskSuspend                            0x08001c49   Thumb Code   152  os_task.o(i.OSTaskSuspend)
    OSTaskSwHook                             0x08001cf1   Thumb Code     2  os_cpu_c.o(i.OSTaskSwHook)
    OSTimeDly                                0x08001cf5   Thumb Code   100  os_time.o(i.OSTimeDly)
    OSTimeTick                               0x08001d6d   Thumb Code   210  os_core.o(i.OSTimeTick)
    OSTimeTickHook                           0x08001e59   Thumb Code     2  os_cpu_c.o(i.OSTimeTickHook)
    OS_Dummy                                 0x08001e5b   Thumb Code     2  os_core.o(i.OS_Dummy)
    OS_EventTaskRemove                       0x08001e5d   Thumb Code    42  os_core.o(i.OS_EventTaskRemove)
    OS_FlagInit                              0x08001e89   Thumb Code    74  os_flag.o(i.OS_FlagInit)
    OS_FlagUnlink                            0x08001ee1   Thumb Code    36  os_flag.o(i.OS_FlagUnlink)
    OS_MemClr                                0x08002111   Thumb Code    18  os_core.o(i.OS_MemClr)
    OS_QInit                                 0x08002125   Thumb Code    72  os_q.o(i.OS_QInit)
    OS_Sched                                 0x08002175   Thumb Code    88  os_core.o(i.OS_Sched)
    OS_TCBInit                               0x08002215   Thumb Code   278  os_core.o(i.OS_TCBInit)
    OS_TaskIdle                              0x08002349   Thumb Code    34  os_core.o(i.OS_TaskIdle)
    OS_TaskReturn                            0x08002371   Thumb Code    18  os_task.o(i.OS_TaskReturn)
    OS_TaskStat                              0x08002389   Thumb Code   116  os_core.o(i.OS_TaskStat)
    OS_TaskStatStkChk                        0x08002411   Thumb Code    54  os_core.o(i.OS_TaskStatStkChk)
    OS_TaskStkClr                            0x0800244d   Thumb Code    26  os_task.o(i.OS_TaskStkClr)
    RCC_AHB1PeriphClockCmd                   0x08002469   Thumb Code    26  stm32f4xx_rcc.o(i.RCC_AHB1PeriphClockCmd)
    RCC_APB2PeriphClockCmd                   0x08002489   Thumb Code    26  stm32f4xx_rcc.o(i.RCC_APB2PeriphClockCmd)
    RCC_GetClocksFreq                        0x080024a9   Thumb Code   214  stm32f4xx_rcc.o(i.RCC_GetClocksFreq)
    SVC_Handler                              0x08002591   Thumb Code     2  stm32f4xx_it.o(i.SVC_Handler)
    SysTick_CLKSourceConfig                  0x08002681   Thumb Code    40  misc.o(i.SysTick_CLKSourceConfig)
    SysTick_Handler                          0x080026a9   Thumb Code    24  delay.o(i.SysTick_Handler)
    SystemInit                               0x080026c5   Thumb Code    88  system_stm32f4xx.o(i.SystemInit)
    USART1_IRQHandler                        0x0800272d   Thumb Code   130  usart.o(i.USART1_IRQHandler)
    USART_Cmd                                0x080027bd   Thumb Code    24  stm32f4xx_usart.o(i.USART_Cmd)
    USART_GetITStatus                        0x080027d5   Thumb Code    84  stm32f4xx_usart.o(i.USART_GetITStatus)
    USART_ITConfig                           0x08002829   Thumb Code    74  stm32f4xx_usart.o(i.USART_ITConfig)
    USART_Init                               0x08002875   Thumb Code   204  stm32f4xx_usart.o(i.USART_Init)
    USART_ReceiveData                        0x08002949   Thumb Code    10  stm32f4xx_usart.o(i.USART_ReceiveData)
    UsageFault_Handler                       0x08002953   Thumb Code     4  stm32f4xx_it.o(i.UsageFault_Handler)
    __ARM_fpclassify                         0x08002957   Thumb Code    48  fpclassify.o(i.__ARM_fpclassify)
    _is_digit                                0x08002987   Thumb Code    14  __printf_wp.o(i._is_digit)
    _sys_exit                                0x08002995   Thumb Code     6  usart.o(i._sys_exit)
    delay_init                               0x0800299d   Thumb Code    76  delay.o(i.delay_init)
    delay_ms                                 0x080029f1   Thumb Code    66  delay.o(i.delay_ms)
    delay_osschedlock                        0x08002a41   Thumb Code     8  delay.o(i.delay_osschedlock)
    delay_osschedunlock                      0x08002a49   Thumb Code     8  delay.o(i.delay_osschedunlock)
    delay_ostimedly                          0x08002a51   Thumb Code    12  delay.o(i.delay_ostimedly)
    delay_us                                 0x08002a5d   Thumb Code    84  delay.o(i.delay_us)
    float_task                               0x08002ab5   Thumb Code    88  main.o(i.float_task)
    fputc                                    0x08002b2d   Thumb Code    22  usart.o(i.fputc)
    led0_task                                0x08002b49   Thumb Code    38  main.o(i.led0_task)
    led1_task                                0x08002b75   Thumb Code    40  main.o(i.led1_task)
    main                                     0x08002ba1   Thumb Code    52  main.o(i.main)
    start_task                               0x08002bdd   Thumb Code    64  main.o(i.start_task)
    uart_init                                0x08002c35   Thumb Code   164  usart.o(i.uart_init)
    _get_lc_numeric                          0x08002ce1   Thumb Code    44  lc_numeric_c.o(locale$$code)
    __aeabi_d2f                              0x08002d0d   Thumb Code     0  d2f.o(x$fpl$d2f)
    _d2f                                     0x08002d0d   Thumb Code    98  d2f.o(x$fpl$d2f)
    __aeabi_dadd                             0x08002d71   Thumb Code     0  daddsub_clz.o(x$fpl$dadd)
    _dadd                                    0x08002d71   Thumb Code   332  daddsub_clz.o(x$fpl$dadd)
    __fpl_dnaninf                            0x08002ec1   Thumb Code   156  dnaninf.o(x$fpl$dnaninf)
    __fpl_dretinf                            0x08002f5d   Thumb Code    12  dretinf.o(x$fpl$dretinf)
    __aeabi_dsub                             0x08002f69   Thumb Code     0  daddsub_clz.o(x$fpl$dsub)
    _dsub                                    0x08002f69   Thumb Code   464  daddsub_clz.o(x$fpl$dsub)
    __aeabi_f2d                              0x0800313d   Thumb Code     0  f2d.o(x$fpl$f2d)
    _f2d                                     0x0800313d   Thumb Code    86  f2d.o(x$fpl$f2d)
    __fpl_fnaninf                            0x08003193   Thumb Code   140  fnaninf.o(x$fpl$fnaninf)
    _fp_init                                 0x0800321f   Thumb Code    10  fpinit.o(x$fpl$fpinit)
    __fplib_config_fpu_vfp                   0x08003227   Thumb Code     0  fpinit.o(x$fpl$fpinit)
    __fplib_config_pureend_doubles           0x08003227   Thumb Code     0  fpinit.o(x$fpl$fpinit)
    __fpl_fretinf                            0x08003229   Thumb Code    10  fretinf.o(x$fpl$fretinf)
    _printf_fp_dec                           0x08003233   Thumb Code     4  printf1.o(x$fpl$printf1)
    OSUnMapTbl                               0x08003236   Data         256  os_core.o(.constdata)
    __I$use$fp                               0x08003236   Number         0  usenofp.o(x$fpl$usenofp)
    Region$$Table$$Base                      0x080033cc   Number         0  anon$$obj.o(Region$$Table)
    Region$$Table$$Limit                     0x080033ec   Number         0  anon$$obj.o(Region$$Table)
    __stdout                                 0x20000018   Data           4  usart.o(.data)
    USART_RX_STA                             0x2000001c   Data           2  usart.o(.data)
    OSCtxSwCtr                               0x20000020   Data           4  os_core.o(.data)
    OSEventFreeList                          0x20000024   Data           4  os_core.o(.data)
    OSFlagFreeList                           0x20000028   Data           4  os_core.o(.data)
    OSCPUUsage                               0x2000002c   Data           1  os_core.o(.data)
    OSIdleCtrMax                             0x20000030   Data           4  os_core.o(.data)
    OSIdleCtrRun                             0x20000034   Data           4  os_core.o(.data)
    OSStatRdy                                0x20000038   Data           1  os_core.o(.data)
    OSIntNesting                             0x20000039   Data           1  os_core.o(.data)
    OSLockNesting                            0x2000003a   Data           1  os_core.o(.data)
    OSPrioCur                                0x2000003b   Data           1  os_core.o(.data)
    OSPrioHighRdy                            0x2000003c   Data           1  os_core.o(.data)
    OSRdyGrp                                 0x2000003d   Data           1  os_core.o(.data)
    OSRdyTbl                                 0x2000003e   Data           8  os_core.o(.data)
    OSRunning                                0x20000046   Data           1  os_core.o(.data)
    OSTaskCtr                                0x20000047   Data           1  os_core.o(.data)
    OSIdleCtr                                0x20000048   Data           4  os_core.o(.data)
    OSTCBCur                                 0x2000004c   Data           4  os_core.o(.data)
    OSTCBFreeList                            0x20000050   Data           4  os_core.o(.data)
    OSTCBHighRdy                             0x20000054   Data           4  os_core.o(.data)
    OSTCBList                                0x20000058   Data           4  os_core.o(.data)
    OSTickStepState                          0x2000005c   Data           1  os_core.o(.data)
    OSQFreeList                              0x20000060   Data           4  os_core.o(.data)
    OSTime                                   0x20000064   Data           4  os_core.o(.data)
    START_TASK_STK                           0x20000068   Data         256  main.o(.bss)
    LED0_TASK_STK                            0x20000168   Data         256  main.o(.bss)
    LED1_TASK_STK                            0x20000268   Data         256  main.o(.bss)
    FLOAT_TASK_STK                           0x20000368   Data         512  main.o(.bss)
    USART_RX_BUF                             0x20000568   Data         200  usart.o(.bss)
    OSEventTbl                               0x20000630   Data         200  os_core.o(.bss)
    OSFlagTbl                                0x200006f8   Data          80  os_core.o(.bss)
    OSTaskStatStk                            0x20000748   Data         512  os_core.o(.bss)
    OSTaskIdleStk                            0x20000948   Data         512  os_core.o(.bss)
    OSTCBPrioTbl                             0x20000b48   Data         256  os_core.o(.bss)
    OSTCBTbl                                 0x20000c48   Data        1008  os_core.o(.bss)
    OSQTbl                                   0x20001038   Data         120  os_core.o(.bss)
    __libspace_start                         0x200010b0   Data          96  libspace.o(.bss)
    __temporary_stack_top$libspace           0x20001110   Data           0  libspace.o(.bss)



==============================================================================

Memory Map of the image

  Image Entry point : 0x08000189

  Load Region LR_IROM1 (Base: 0x08000000, Size: 0x00003470, Max: 0x00080000, ABSOLUTE)

    Execution Region ER_IROM1 (Exec base: 0x08000000, Load base: 0x08000000, Size: 0x00003408, Max: 0x00080000, ABSOLUTE)

    Exec Addr    Load Addr    Size         Type   Attr      Idx    E Section Name        Object

    0x08000000   0x08000000   0x00000188   Data   RO          326    RESET               startup_stm32f40xx.o
    0x08000188   0x08000188   0x00000008   Code   RO         6027  * !!!main             c_w.l(__main.o)
    0x08000190   0x08000190   0x00000034   Code   RO         6259    !!!scatter          c_w.l(__scatter.o)
    0x080001c4   0x080001c4   0x0000001a   Code   RO         6261    !!handler_copy      c_w.l(__scatter_copy.o)
    0x080001de   0x080001de   0x00000002   PAD
    0x080001e0   0x080001e0   0x0000001c   Code   RO         6263    !!handler_zi        c_w.l(__scatter_zi.o)
    0x080001fc   0x080001fc   0x00000000   Code   RO         6024    .ARM.Collect$$_printf_percent$$00000000  c_w.l(_printf_percent.o)
    0x080001fc   0x080001fc   0x00000006   Code   RO         6023    .ARM.Collect$$_printf_percent$$00000003  c_w.l(_printf_f.o)
    0x08000202   0x08000202   0x00000004   Code   RO         6048    .ARM.Collect$$_printf_percent$$00000017  c_w.l(_printf_percent_end.o)
    0x08000206   0x08000206   0x00000002   Code   RO         6136    .ARM.Collect$$libinit$$00000000  c_w.l(libinit.o)
    0x08000208   0x08000208   0x00000004   Code   RO         6137    .ARM.Collect$$libinit$$00000001  c_w.l(libinit2.o)
    0x0800020c   0x0800020c   0x00000000   Code   RO         6140    .ARM.Collect$$libinit$$00000004  c_w.l(libinit2.o)
    0x0800020c   0x0800020c   0x00000000   Code   RO         6143    .ARM.Collect$$libinit$$0000000A  c_w.l(libinit2.o)
    0x0800020c   0x0800020c   0x00000000   Code   RO         6145    .ARM.Collect$$libinit$$0000000C  c_w.l(libinit2.o)
    0x0800020c   0x0800020c   0x00000000   Code   RO         6147    .ARM.Collect$$libinit$$0000000E  c_w.l(libinit2.o)
    0x0800020c   0x0800020c   0x00000006   Code   RO         6148    .ARM.Collect$$libinit$$0000000F  c_w.l(libinit2.o)
    0x08000212   0x08000212   0x00000000   Code   RO         6150    .ARM.Collect$$libinit$$00000011  c_w.l(libinit2.o)
    0x08000212   0x08000212   0x00000000   Code   RO         6152    .ARM.Collect$$libinit$$00000013  c_w.l(libinit2.o)
    0x08000212   0x08000212   0x00000000   Code   RO         6154    .ARM.Collect$$libinit$$00000015  c_w.l(libinit2.o)
    0x08000212   0x08000212   0x0000000a   Code   RO         6155    .ARM.Collect$$libinit$$00000016  c_w.l(libinit2.o)
    0x0800021c   0x0800021c   0x00000000   Code   RO         6156    .ARM.Collect$$libinit$$00000017  c_w.l(libinit2.o)
    0x0800021c   0x0800021c   0x00000000   Code   RO         6158    .ARM.Collect$$libinit$$00000019  c_w.l(libinit2.o)
    0x0800021c   0x0800021c   0x00000000   Code   RO         6160    .ARM.Collect$$libinit$$0000001B  c_w.l(libinit2.o)
    0x0800021c   0x0800021c   0x00000000   Code   RO         6162    .ARM.Collect$$libinit$$0000001D  c_w.l(libinit2.o)
    0x0800021c   0x0800021c   0x00000000   Code   RO         6164    .ARM.Collect$$libinit$$0000001F  c_w.l(libinit2.o)
    0x0800021c   0x0800021c   0x00000000   Code   RO         6166    .ARM.Collect$$libinit$$00000021  c_w.l(libinit2.o)
    0x0800021c   0x0800021c   0x00000000   Code   RO         6168    .ARM.Collect$$libinit$$00000023  c_w.l(libinit2.o)
    0x0800021c   0x0800021c   0x00000000   Code   RO         6170    .ARM.Collect$$libinit$$00000025  c_w.l(libinit2.o)
    0x0800021c   0x0800021c   0x00000000   Code   RO         6174    .ARM.Collect$$libinit$$0000002C  c_w.l(libinit2.o)
    0x0800021c   0x0800021c   0x00000000   Code   RO         6176    .ARM.Collect$$libinit$$0000002E  c_w.l(libinit2.o)
    0x0800021c   0x0800021c   0x00000000   Code   RO         6178    .ARM.Collect$$libinit$$00000030  c_w.l(libinit2.o)
    0x0800021c   0x0800021c   0x00000000   Code   RO         6180    .ARM.Collect$$libinit$$00000032  c_w.l(libinit2.o)
    0x0800021c   0x0800021c   0x00000002   Code   RO         6181    .ARM.Collect$$libinit$$00000033  c_w.l(libinit2.o)
    0x0800021e   0x0800021e   0x00000002   Code   RO         6209    .ARM.Collect$$libshutdown$$00000000  c_w.l(libshutdown.o)
    0x08000220   0x08000220   0x00000000   Code   RO         6218    .ARM.Collect$$libshutdown$$00000002  c_w.l(libshutdown2.o)
    0x08000220   0x08000220   0x00000000   Code   RO         6220    .ARM.Collect$$libshutdown$$00000004  c_w.l(libshutdown2.o)
    0x08000220   0x08000220   0x00000000   Code   RO         6223    .ARM.Collect$$libshutdown$$00000007  c_w.l(libshutdown2.o)
    0x08000220   0x08000220   0x00000000   Code   RO         6226    .ARM.Collect$$libshutdown$$0000000A  c_w.l(libshutdown2.o)
    0x08000220   0x08000220   0x00000000   Code   RO         6228    .ARM.Collect$$libshutdown$$0000000C  c_w.l(libshutdown2.o)
    0x08000220   0x08000220   0x00000000   Code   RO         6231    .ARM.Collect$$libshutdown$$0000000F  c_w.l(libshutdown2.o)
    0x08000220   0x08000220   0x00000002   Code   RO         6232    .ARM.Collect$$libshutdown$$00000010  c_w.l(libshutdown2.o)
    0x08000222   0x08000222   0x00000000   Code   RO         6043    .ARM.Collect$$rtentry$$00000000  c_w.l(__rtentry.o)
    0x08000222   0x08000222   0x00000000   Code   RO         6059    .ARM.Collect$$rtentry$$00000002  c_w.l(__rtentry2.o)
    0x08000222   0x08000222   0x00000006   Code   RO         6071    .ARM.Collect$$rtentry$$00000004  c_w.l(__rtentry4.o)
    0x08000228   0x08000228   0x00000000   Code   RO         6061    .ARM.Collect$$rtentry$$00000009  c_w.l(__rtentry2.o)
    0x08000228   0x08000228   0x00000004   Code   RO         6062    .ARM.Collect$$rtentry$$0000000A  c_w.l(__rtentry2.o)
    0x0800022c   0x0800022c   0x00000000   Code   RO         6064    .ARM.Collect$$rtentry$$0000000C  c_w.l(__rtentry2.o)
    0x0800022c   0x0800022c   0x00000008   Code   RO         6065    .ARM.Collect$$rtentry$$0000000D  c_w.l(__rtentry2.o)
    0x08000234   0x08000234   0x00000002   Code   RO         6182    .ARM.Collect$$rtexit$$00000000  c_w.l(rtexit.o)
    0x08000236   0x08000236   0x00000000   Code   RO         6189    .ARM.Collect$$rtexit$$00000002  c_w.l(rtexit2.o)
    0x08000236   0x08000236   0x00000004   Code   RO         6190    .ARM.Collect$$rtexit$$00000003  c_w.l(rtexit2.o)
    0x0800023a   0x0800023a   0x00000006   Code   RO         6191    .ARM.Collect$$rtexit$$00000004  c_w.l(rtexit2.o)
    0x08000240   0x08000240   0x00000040   Code   RO          327    .text               startup_stm32f40xx.o
    0x08000280   0x08000280   0x000000c8   Code   RO         5900    .text               os_cpu_a.o
    0x08000348   0x08000348   0x00000002   Code   RO         5995    .text               c_w.l(use_no_semi_2.o)
    0x0800034a   0x0800034a   0x00000002   PAD
    0x0800034c   0x0800034c   0x00000018   Code   RO         5999    .text               c_w.l(noretval__2printf.o)
    0x08000364   0x08000364   0x0000010e   Code   RO         6011    .text               c_w.l(__printf_wp.o)
    0x08000472   0x08000472   0x00000006   Code   RO         6025    .text               c_w.l(heapauxi.o)
    0x08000478   0x08000478   0x00000002   Code   RO         6041    .text               c_w.l(use_no_semi.o)
    0x0800047a   0x0800047a   0x0000041e   Code   RO         6044    .text               c_w.l(_printf_fp_dec.o)
    0x08000898   0x08000898   0x00000024   Code   RO         6046    .text               c_w.l(_printf_char_file.o)
    0x080008bc   0x080008bc   0x00000008   Code   RO         6076    .text               c_w.l(rt_locale_intlibspace.o)
    0x080008c4   0x080008c4   0x0000008a   Code   RO         6078    .text               c_w.l(lludiv10.o)
    0x0800094e   0x0800094e   0x00000002   PAD
    0x08000950   0x08000950   0x00000030   Code   RO         6080    .text               c_w.l(_printf_char_common.o)
    0x08000980   0x08000980   0x00000080   Code   RO         6082    .text               c_w.l(_printf_fp_infnan.o)
    0x08000a00   0x08000a00   0x000000e4   Code   RO         6084    .text               c_w.l(bigflt0.o)
    0x08000ae4   0x08000ae4   0x00000008   Code   RO         6109    .text               c_w.l(ferror.o)
    0x08000aec   0x08000aec   0x00000008   Code   RO         6120    .text               c_w.l(libspace.o)
    0x08000af4   0x08000af4   0x0000004a   Code   RO         6123    .text               c_w.l(sys_stackheap_outer.o)
    0x08000b3e   0x08000b3e   0x00000012   Code   RO         6127    .text               c_w.l(exit.o)
    0x08000b50   0x08000b50   0x00000080   Code   RO         6129    .text               c_w.l(strcmpv7m.o)
    0x08000bd0   0x08000bd0   0x0000003e   Code   RO         6087    CL$$btod_d2e        c_w.l(btod.o)
    0x08000c0e   0x08000c0e   0x00000046   Code   RO         6089    CL$$btod_d2e_denorm_low  c_w.l(btod.o)
    0x08000c54   0x08000c54   0x00000060   Code   RO         6088    CL$$btod_d2e_norm_op1  c_w.l(btod.o)
    0x08000cb4   0x08000cb4   0x00000338   Code   RO         6097    CL$$btod_div_common  c_w.l(btod.o)
    0x08000fec   0x08000fec   0x000000dc   Code   RO         6094    CL$$btod_e2e        c_w.l(btod.o)
    0x080010c8   0x080010c8   0x0000002a   Code   RO         6091    CL$$btod_ediv       c_w.l(btod.o)
    0x080010f2   0x080010f2   0x0000002a   Code   RO         6090    CL$$btod_emul       c_w.l(btod.o)
    0x0800111c   0x0800111c   0x00000244   Code   RO         6096    CL$$btod_mult_common  c_w.l(btod.o)
    0x08001360   0x08001360   0x00000004   Code   RO          204    i.BusFault_Handler  stm32f4xx_it.o
    0x08001364   0x08001364   0x00000002   Code   RO          205    i.DebugMon_Handler  stm32f4xx_it.o
    0x08001366   0x08001366   0x00000090   Code   RO         2056    i.GPIO_Init         stm32f4xx_gpio.o
    0x080013f6   0x080013f6   0x00000046   Code   RO         2057    i.GPIO_PinAFConfig  stm32f4xx_gpio.o
    0x0800143c   0x0800143c   0x00000004   Code   RO         2063    i.GPIO_ResetBits    stm32f4xx_gpio.o
    0x08001440   0x08001440   0x00000004   Code   RO         2064    i.GPIO_SetBits      stm32f4xx_gpio.o
    0x08001444   0x08001444   0x00000004   Code   RO          206    i.HardFault_Handler  stm32f4xx_it.o
    0x08001448   0x08001448   0x00000038   Code   RO            3    i.LED_Init          main.o
    0x08001480   0x08001480   0x00000004   Code   RO          207    i.MemManage_Handler  stm32f4xx_it.o
    0x08001484   0x08001484   0x00000002   Code   RO          208    i.NMI_Handler       stm32f4xx_it.o
    0x08001486   0x08001486   0x00000002   PAD
    0x08001488   0x08001488   0x00000078   Code   RO          333    i.NVIC_Init         misc.o
    0x08001500   0x08001500   0x00000014   Code   RO          334    i.NVIC_PriorityGroupConfig  misc.o
    0x08001514   0x08001514   0x0000002c   Code   RO         5188    i.OSInit            os_core.o
    0x08001540   0x08001540   0x00000002   Code   RO         5905    i.OSInitHookBegin   os_cpu_c.o
    0x08001542   0x08001542   0x00000002   Code   RO         5906    i.OSInitHookEnd     os_cpu_c.o
    0x08001544   0x08001544   0x00000024   Code   RO         5189    i.OSIntEnter        os_core.o
    0x08001568   0x08001568   0x00000090   Code   RO         5190    i.OSIntExit         os_core.o
    0x080015f8   0x080015f8   0x00000040   Code   RO         5191    i.OSSchedLock       os_core.o
    0x08001638   0x08001638   0x00000060   Code   RO         5192    i.OSSchedUnlock     os_core.o
    0x08001698   0x08001698   0x00000048   Code   RO         5193    i.OSStart           os_core.o
    0x080016e0   0x080016e0   0x00000002   Code   RO         5907    i.OSTCBInitHook     os_cpu_c.o
    0x080016e2   0x080016e2   0x00000002   PAD
    0x080016e4   0x080016e4   0x000000a0   Code   RO         5741    i.OSTaskCreate      os_task.o
    0x08001784   0x08001784   0x000000b8   Code   RO         5742    i.OSTaskCreateExt   os_task.o
    0x0800183c   0x0800183c   0x00000002   Code   RO         5908    i.OSTaskCreateHook  os_cpu_c.o
    0x0800183e   0x0800183e   0x00000002   PAD
    0x08001840   0x08001840   0x00000154   Code   RO         5743    i.OSTaskDel         os_task.o
    0x08001994   0x08001994   0x00000002   Code   RO         5909    i.OSTaskDelHook     os_cpu_c.o
    0x08001996   0x08001996   0x00000002   Code   RO         5910    i.OSTaskIdleHook    os_cpu_c.o
    0x08001998   0x08001998   0x00000070   Code   RO         5746    i.OSTaskNameSet     os_task.o
    0x08001a08   0x08001a08   0x00000002   Code   RO         5911    i.OSTaskReturnHook  os_cpu_c.o
    0x08001a0a   0x08001a0a   0x00000002   Code   RO         5912    i.OSTaskStatHook    os_cpu_c.o
    0x08001a0c   0x08001a0c   0x0000008c   Code   RO         5751    i.OSTaskStkChk      os_task.o
    0x08001a98   0x08001a98   0x000001b0   Code   RO         5913    i.OSTaskStkInit     os_cpu_c.o
    0x08001c48   0x08001c48   0x000000a8   Code   RO         5752    i.OSTaskSuspend     os_task.o
    0x08001cf0   0x08001cf0   0x00000002   Code   RO         5914    i.OSTaskSwHook      os_cpu_c.o
    0x08001cf2   0x08001cf2   0x00000002   PAD
    0x08001cf4   0x08001cf4   0x00000078   Code   RO         5844    i.OSTimeDly         os_time.o
    0x08001d6c   0x08001d6c   0x000000ec   Code   RO         5195    i.OSTimeTick        os_core.o
    0x08001e58   0x08001e58   0x00000002   Code   RO         5915    i.OSTimeTickHook    os_cpu_c.o
    0x08001e5a   0x08001e5a   0x00000002   Code   RO         5197    i.OS_Dummy          os_core.o
    0x08001e5c   0x08001e5c   0x0000002a   Code   RO         5199    i.OS_EventTaskRemove  os_core.o
    0x08001e86   0x08001e86   0x00000002   PAD
    0x08001e88   0x08001e88   0x00000058   Code   RO         5387    i.OS_FlagInit       os_flag.o
    0x08001ee0   0x08001ee0   0x00000024   Code   RO         5389    i.OS_FlagUnlink     os_flag.o
    0x08001f04   0x08001f04   0x00000054   Code   RO         5202    i.OS_InitEventList  os_core.o
    0x08001f58   0x08001f58   0x00000054   Code   RO         5203    i.OS_InitMisc       os_core.o
    0x08001fac   0x08001fac   0x00000044   Code   RO         5204    i.OS_InitRdyList    os_core.o
    0x08001ff0   0x08001ff0   0x00000080   Code   RO         5205    i.OS_InitTCBList    os_core.o
    0x08002070   0x08002070   0x00000050   Code   RO         5206    i.OS_InitTaskIdle   os_core.o
    0x080020c0   0x080020c0   0x00000050   Code   RO         5207    i.OS_InitTaskStat   os_core.o
    0x08002110   0x08002110   0x00000012   Code   RO         5208    i.OS_MemClr         os_core.o
    0x08002122   0x08002122   0x00000002   PAD
    0x08002124   0x08002124   0x00000050   Code   RO         5608    i.OS_QInit          os_q.o
    0x08002174   0x08002174   0x00000074   Code   RO         5210    i.OS_Sched          os_core.o
    0x080021e8   0x080021e8   0x0000002c   Code   RO         5211    i.OS_SchedNew       os_core.o
    0x08002214   0x08002214   0x00000134   Code   RO         5213    i.OS_TCBInit        os_core.o
    0x08002348   0x08002348   0x00000028   Code   RO         5214    i.OS_TaskIdle       os_core.o
    0x08002370   0x08002370   0x00000018   Code   RO         5753    i.OS_TaskReturn     os_task.o
    0x08002388   0x08002388   0x00000088   Code   RO         5215    i.OS_TaskStat       os_core.o
    0x08002410   0x08002410   0x0000003c   Code   RO         5216    i.OS_TaskStatStkChk  os_core.o
    0x0800244c   0x0800244c   0x0000001a   Code   RO         5754    i.OS_TaskStkClr     os_task.o
    0x08002466   0x08002466   0x00000002   PAD
    0x08002468   0x08002468   0x00000020   Code   RO         2920    i.RCC_AHB1PeriphClockCmd  stm32f4xx_rcc.o
    0x08002488   0x08002488   0x00000020   Code   RO         2932    i.RCC_APB2PeriphClockCmd  stm32f4xx_rcc.o
    0x080024a8   0x080024a8   0x000000e8   Code   RO         2941    i.RCC_GetClocksFreq  stm32f4xx_rcc.o
    0x08002590   0x08002590   0x00000002   Code   RO          209    i.SVC_Handler       stm32f4xx_it.o
    0x08002592   0x08002592   0x00000002   PAD
    0x08002594   0x08002594   0x000000ec   Code   RO          289    i.SetSysClock       system_stm32f4xx.o
    0x08002680   0x08002680   0x00000028   Code   RO          337    i.SysTick_CLKSourceConfig  misc.o
    0x080026a8   0x080026a8   0x0000001c   Code   RO         5063    i.SysTick_Handler   delay.o
    0x080026c4   0x080026c4   0x00000068   Code   RO          291    i.SystemInit        system_stm32f4xx.o
    0x0800272c   0x0800272c   0x00000090   Code   RO         5139    i.USART1_IRQHandler  usart.o
    0x080027bc   0x080027bc   0x00000018   Code   RO         4817    i.USART_Cmd         stm32f4xx_usart.o
    0x080027d4   0x080027d4   0x00000054   Code   RO         4821    i.USART_GetITStatus  stm32f4xx_usart.o
    0x08002828   0x08002828   0x0000004a   Code   RO         4823    i.USART_ITConfig    stm32f4xx_usart.o
    0x08002872   0x08002872   0x00000002   PAD
    0x08002874   0x08002874   0x000000d4   Code   RO         4824    i.USART_Init        stm32f4xx_usart.o
    0x08002948   0x08002948   0x0000000a   Code   RO         4831    i.USART_ReceiveData  stm32f4xx_usart.o
    0x08002952   0x08002952   0x00000004   Code   RO          210    i.UsageFault_Handler  stm32f4xx_it.o
    0x08002956   0x08002956   0x00000030   Code   RO         6118    i.__ARM_fpclassify  m_wm.l(fpclassify.o)
    0x08002986   0x08002986   0x0000000e   Code   RO         6013    i._is_digit         c_w.l(__printf_wp.o)
    0x08002994   0x08002994   0x00000006   Code   RO         5140    i._sys_exit         usart.o
    0x0800299a   0x0800299a   0x00000002   PAD
    0x0800299c   0x0800299c   0x00000054   Code   RO         5064    i.delay_init        delay.o
    0x080029f0   0x080029f0   0x00000050   Code   RO         5065    i.delay_ms          delay.o
    0x08002a40   0x08002a40   0x00000008   Code   RO         5066    i.delay_osschedlock  delay.o
    0x08002a48   0x08002a48   0x00000008   Code   RO         5067    i.delay_osschedunlock  delay.o
    0x08002a50   0x08002a50   0x0000000c   Code   RO         5068    i.delay_ostimedly   delay.o
    0x08002a5c   0x08002a5c   0x00000058   Code   RO         5069    i.delay_us          delay.o
    0x08002ab4   0x08002ab4   0x00000078   Code   RO            4    i.float_task        main.o
    0x08002b2c   0x08002b2c   0x0000001c   Code   RO         5141    i.fputc             usart.o
    0x08002b48   0x08002b48   0x0000002c   Code   RO            5    i.led0_task         main.o
    0x08002b74   0x08002b74   0x0000002c   Code   RO            6    i.led1_task         main.o
    0x08002ba0   0x08002ba0   0x0000003c   Code   RO            7    i.main              main.o
    0x08002bdc   0x08002bdc   0x00000058   Code   RO            8    i.start_task        main.o
    0x08002c34   0x08002c34   0x000000ac   Code   RO         5142    i.uart_init         usart.o
    0x08002ce0   0x08002ce0   0x0000002c   Code   RO         6114    locale$$code        c_w.l(lc_numeric_c.o)
    0x08002d0c   0x08002d0c   0x00000062   Code   RO         6029    x$fpl$d2f           fz_wm.l(d2f.o)
    0x08002d6e   0x08002d6e   0x00000002   PAD
    0x08002d70   0x08002d70   0x00000150   Code   RO         6031    x$fpl$dadd          fz_wm.l(daddsub_clz.o)
    0x08002ec0   0x08002ec0   0x0000009c   Code   RO         6049    x$fpl$dnaninf       fz_wm.l(dnaninf.o)
    0x08002f5c   0x08002f5c   0x0000000c   Code   RO         6051    x$fpl$dretinf       fz_wm.l(dretinf.o)
    0x08002f68   0x08002f68   0x000001d4   Code   RO         6033    x$fpl$dsub          fz_wm.l(daddsub_clz.o)
    0x0800313c   0x0800313c   0x00000056   Code   RO         6037    x$fpl$f2d           fz_wm.l(f2d.o)
    0x08003192   0x08003192   0x0000008c   Code   RO         6053    x$fpl$fnaninf       fz_wm.l(fnaninf.o)
    0x0800321e   0x0800321e   0x0000000a   Code   RO         6186    x$fpl$fpinit        fz_wm.l(fpinit.o)
    0x08003228   0x08003228   0x0000000a   Code   RO         6055    x$fpl$fretinf       fz_wm.l(fretinf.o)
    0x08003232   0x08003232   0x00000004   Code   RO         6039    x$fpl$printf1       fz_wm.l(printf1.o)
    0x08003236   0x08003236   0x00000000   Code   RO         6057    x$fpl$usenofp       fz_wm.l(usenofp.o)
    0x08003236   0x08003236   0x00000100   Data   RO         5218    .constdata          os_core.o
    0x08003336   0x08003336   0x00000002   PAD
    0x08003338   0x08003338   0x00000094   Data   RO         6085    .constdata          c_w.l(bigflt0.o)
    0x080033cc   0x080033cc   0x00000020   Data   RO         6257    Region$$Table       anon$$obj.o
    0x080033ec   0x080033ec   0x0000001c   Data   RO         6113    locale$$data        c_w.l(lc_numeric_c.o)


    Execution Region RW_IRAM1 (Exec base: 0x20000000, Load base: 0x08003408, Size: 0x00001710, Max: 0x00020000, ABSOLUTE)

    Exec Addr    Load Addr    Size         Type   Attr      Idx    E Section Name        Object

    0x20000000   0x08003408   0x00000004   Data   RW           10    .data               main.o
    0x20000004   0x0800340c   0x00000010   Data   RW         2973    .data               stm32f4xx_rcc.o
    0x20000014   0x0800341c   0x00000004   Data   RW         5070    .data               delay.o
    0x20000018   0x08003420   0x00000006   Data   RW         5144    .data               usart.o
    0x2000001e   0x08003426   0x00000002   PAD
    0x20000020   0x08003428   0x00000048   Data   RW         5219    .data               os_core.o
    0x20000068        -       0x00000500   Zero   RW            9    .bss                main.o
    0x20000568        -       0x000000c8   Zero   RW         5143    .bss                usart.o
    0x20000630        -       0x00000a80   Zero   RW         5217    .bss                os_core.o
    0x200010b0        -       0x00000060   Zero   RW         6121    .bss                c_w.l(libspace.o)
    0x20001110        -       0x00000200   Zero   RW          325    HEAP                startup_stm32f40xx.o
    0x20001310        -       0x00000400   Zero   RW          324    STACK               startup_stm32f40xx.o


==============================================================================

Image component sizes


      Code (inc. data)   RO Data    RW Data    ZI Data      Debug   Object Name

       308         30          0          4          0       4013   delay.o
       412         80          0          4       1280     274701   main.o
       180         24          0          0          0       2141   misc.o
      1982        382        256         72       2688      20743   os_core.o
       200         32          0          0          0        324   os_cpu_a.o
       452          6          0          0          0      14146   os_cpu_c.o
       124         14          0          0          0       1246   os_flag.o
        80          8          0          0          0        587   os_q.o
      1154        116          0          0          0       7028   os_task.o
       120         20          0          0          0        652   os_time.o
        64         26        392          0       1536        816   startup_stm32f40xx.o
       222          0          0          0          0       2931   stm32f4xx_gpio.o
        22          0          0          0          0       3075   stm32f4xx_it.o
       296         30          0         16          0       4082   stm32f4xx_rcc.o
       404          8          0          0          0       4306   stm32f4xx_usart.o
       340         32          0          0          0       1565   system_stm32f4xx.o
       350         28          0          6        200       4324   usart.o

    ----------------------------------------------------------------------
      6730        836        682        104       5704     346680   Object Totals
         0          0         32          0          0          0   (incl. Generated)
        20          0          2          2          0          0   (incl. Padding)

    ----------------------------------------------------------------------

      Code (inc. data)   RO Data    RW Data    ZI Data      Debug   Library Member Name

         8          0          0          0          0         68   __main.o
       284          0          0          0          0        156   __printf_wp.o
         0          0          0          0          0          0   __rtentry.o
        12          0          0          0          0          0   __rtentry2.o
         6          0          0          0          0          0   __rtentry4.o
        52          8          0          0          0          0   __scatter.o
        26          0          0          0          0          0   __scatter_copy.o
        28          0          0          0          0          0   __scatter_zi.o
        48          6          0          0          0         96   _printf_char_common.o
        36          4          0          0          0         80   _printf_char_file.o
         6          0          0          0          0          0   _printf_f.o
      1054          0          0          0          0        216   _printf_fp_dec.o
       128         16          0          0          0         84   _printf_fp_infnan.o
         0          0          0          0          0          0   _printf_percent.o
         4          0          0          0          0          0   _printf_percent_end.o
       228          4        148          0          0         96   bigflt0.o
      1936        128          0          0          0        672   btod.o
        18          0          0          0          0         80   exit.o
         8          0          0          0          0         68   ferror.o
         6          0          0          0          0        152   heapauxi.o
        44         10         28          0          0         76   lc_numeric_c.o
         2          0          0          0          0          0   libinit.o
        22          0          0          0          0          0   libinit2.o
         2          0          0          0          0          0   libshutdown.o
         2          0          0          0          0          0   libshutdown2.o
         8          4          0          0         96         68   libspace.o
       138          0          0          0          0         80   lludiv10.o
        24          4          0          0          0         84   noretval__2printf.o
         8          4          0          0          0         68   rt_locale_intlibspace.o
         2          0          0          0          0          0   rtexit.o
        10          0          0          0          0          0   rtexit2.o
       128          0          0          0          0         68   strcmpv7m.o
        74          0          0          0          0         80   sys_stackheap_outer.o
         2          0          0          0          0         68   use_no_semi.o
         2          0          0          0          0         68   use_no_semi_2.o
        98          4          0          0          0        140   d2f.o
       804         16          0          0          0        368   daddsub_clz.o
       156          4          0          0          0        140   dnaninf.o
        12          0          0          0          0        116   dretinf.o
        86          4          0          0          0        132   f2d.o
       140          4          0          0          0        132   fnaninf.o
        10          0          0          0          0        116   fpinit.o
        10          0          0          0          0        116   fretinf.o
         4          0          0          0          0        116   printf1.o
         0          0          0          0          0          0   usenofp.o
        48          0          0          0          0        124   fpclassify.o

    ----------------------------------------------------------------------
      5732        220        176          0         96       3928   Library Totals
         8          0          0          0          0          0   (incl. Padding)

    ----------------------------------------------------------------------

      Code (inc. data)   RO Data    RW Data    ZI Data      Debug   Library Name

      4356        188        176          0         96       2428   c_w.l
      1320         32          0          0          0       1376   fz_wm.l
        48          0          0          0          0        124   m_wm.l

    ----------------------------------------------------------------------
      5732        220        176          0         96       3928   Library Totals

    ----------------------------------------------------------------------

==============================================================================


      Code (inc. data)   RO Data    RW Data    ZI Data      Debug   

     12462       1056        858        104       5800     340308   Grand Totals
     12462       1056        858        104       5800     340308   ELF Image Totals
     12462       1056        858        104          0          0   ROM Totals

==============================================================================

    Total RO  Size (Code + RO Data)                13320 (  13.01kB)
    Total RW  Size (RW Data + ZI Data)              5904 (   5.77kB)
    Total ROM Size (Code + RO Data + RW Data)      13424 (  13.11kB)

==============================================================================

