Component: ARM Compiler 5.06 update 6 (build 750) Tool: armlink [4d35ed]

==============================================================================

Section Cross References

    main.o(i.float_task) refers to _printf_percent.o(.ARM.Collect$$_printf_percent$$00000000) for _printf_percent
    main.o(i.float_task) refers to _printf_f.o(.ARM.Collect$$_printf_percent$$00000003) for _printf_f
    main.o(i.float_task) refers to printf1.o(x$fpl$printf1) for _printf_fp_dec
    main.o(i.float_task) refers to cpu_a.o(.text) for CPU_SR_Save
    main.o(i.float_task) refers to f2d.o(x$fpl$f2d) for __aeabi_f2d
    main.o(i.float_task) refers to noretval__2printf.o(.text) for __2printf
    main.o(i.float_task) refers to delay.o(i.delay_ms) for delay_ms
    main.o(i.float_task) refers to main.o(.data) for .data
    main.o(i.led1_task) refers to led.o(i.LED_On) for LED_On
    main.o(i.led1_task) refers to os_time.o(i.OSTimeDlyHMSM) for OSTimeDlyHMSM
    main.o(i.led1_task) refers to led.o(i.LED_Off) for LED_Off
    main.o(i.led2_task) refers to led.o(i.LED_Toggle) for LED_Toggle
    main.o(i.led2_task) refers to os_time.o(i.OSTimeDlyHMSM) for OSTimeDlyHMSM
    main.o(i.main) refers to delay.o(i.delay_init) for delay_init
    main.o(i.main) refers to misc.o(i.NVIC_PriorityGroupConfig) for NVIC_PriorityGroupConfig
    main.o(i.main) refers to usart.o(i.uart_init) for uart_init
    main.o(i.main) refers to led.o(i.LED_Init) for LED_Init
    main.o(i.main) refers to os_core.o(i.OSInit) for OSInit
    main.o(i.main) refers to cpu_a.o(.text) for CPU_SR_Save
    main.o(i.main) refers to os_task.o(i.OSTaskCreate) for OSTaskCreate
    main.o(i.main) refers to os_core.o(i.OSStart) for OSStart
    main.o(i.main) refers to main.o(.bss) for .bss
    main.o(i.main) refers to main.o(i.start_task) for start_task
    main.o(i.start_task) refers to cpu_core.o(i.CPU_Init) for CPU_Init
    main.o(i.start_task) refers to os_stat.o(i.OSStatTaskCPUUsageInit) for OSStatTaskCPUUsageInit
    main.o(i.start_task) refers to cpu_a.o(.text) for CPU_SR_Save
    main.o(i.start_task) refers to os_task.o(i.OSTaskCreate) for OSTaskCreate
    main.o(i.start_task) refers to os_task.o(i.OS_TaskSuspend) for OS_TaskSuspend
    main.o(i.start_task) refers to main.o(.bss) for .bss
    main.o(i.start_task) refers to main.o(i.led1_task) for led1_task
    main.o(i.start_task) refers to main.o(i.led2_task) for led2_task
    main.o(i.start_task) refers to main.o(i.float_task) for float_task
    system_stm32f4xx.o(i.SystemCoreClockUpdate) refers to system_stm32f4xx.o(.data) for .data
    system_stm32f4xx.o(i.SystemInit) refers to system_stm32f4xx.o(i.SetSysClock) for SetSysClock
    startup_stm32f40xx.o(STACK) refers (Special) to heapauxi.o(.text) for __use_two_region_memory
    startup_stm32f40xx.o(HEAP) refers (Special) to heapauxi.o(.text) for __use_two_region_memory
    startup_stm32f40xx.o(RESET) refers (Special) to heapauxi.o(.text) for __use_two_region_memory
    startup_stm32f40xx.o(RESET) refers to startup_stm32f40xx.o(STACK) for __initial_sp
    startup_stm32f40xx.o(RESET) refers to startup_stm32f40xx.o(.text) for Reset_Handler
    startup_stm32f40xx.o(RESET) refers to stm32f4xx_it.o(i.NMI_Handler) for NMI_Handler
    startup_stm32f40xx.o(RESET) refers to stm32f4xx_it.o(i.HardFault_Handler) for HardFault_Handler
    startup_stm32f40xx.o(RESET) refers to stm32f4xx_it.o(i.MemManage_Handler) for MemManage_Handler
    startup_stm32f40xx.o(RESET) refers to stm32f4xx_it.o(i.BusFault_Handler) for BusFault_Handler
    startup_stm32f40xx.o(RESET) refers to stm32f4xx_it.o(i.UsageFault_Handler) for UsageFault_Handler
    startup_stm32f40xx.o(RESET) refers to stm32f4xx_it.o(i.SVC_Handler) for SVC_Handler
    startup_stm32f40xx.o(RESET) refers to stm32f4xx_it.o(i.DebugMon_Handler) for DebugMon_Handler
    startup_stm32f40xx.o(RESET) refers to os_cpu_a.o(CODE) for PendSV_Handler
    startup_stm32f40xx.o(RESET) refers to delay.o(i.SysTick_Handler) for SysTick_Handler
    startup_stm32f40xx.o(RESET) refers to usart.o(i.USART1_IRQHandler) for USART1_IRQHandler
    startup_stm32f40xx.o(.text) refers (Special) to heapauxi.o(.text) for __use_two_region_memory
    startup_stm32f40xx.o(.text) refers to system_stm32f4xx.o(i.SystemInit) for SystemInit
    startup_stm32f40xx.o(.text) refers to __main.o(!!!main) for __main
    startup_stm32f40xx.o(.text) refers to startup_stm32f40xx.o(HEAP) for Heap_Mem
    startup_stm32f40xx.o(.text) refers to startup_stm32f40xx.o(STACK) for Stack_Mem
    stm32f4xx_adc.o(i.ADC_DeInit) refers to stm32f4xx_rcc.o(i.RCC_APB2PeriphResetCmd) for RCC_APB2PeriphResetCmd
    stm32f4xx_can.o(i.CAN_DeInit) refers to stm32f4xx_rcc.o(i.RCC_APB1PeriphResetCmd) for RCC_APB1PeriphResetCmd
    stm32f4xx_can.o(i.CAN_GetITStatus) refers to stm32f4xx_can.o(i.CheckITStatus) for CheckITStatus
    stm32f4xx_cryp.o(i.CRYP_DeInit) refers to stm32f4xx_rcc.o(i.RCC_AHB2PeriphResetCmd) for RCC_AHB2PeriphResetCmd
[...]
    .bss                                     0x20002848   Section      184  os_var.o(.bss)
    .bss                                     0x20002900   Section       96  libspace.o(.bss)
    HEAP                                     0x20002960   Section      512  startup_stm32f40xx.o(HEAP)
    Heap_Mem                                 0x20002960   Data         512  startup_stm32f40xx.o(HEAP)
    STACK                                    0x20002b60   Section     1024  startup_stm32f40xx.o(STACK)
    Stack_Mem                                0x20002b60   Data        1024  startup_stm32f40xx.o(STACK)
    __initial_sp                             0x20002f60   Data           0  startup_stm32f40xx.o(STACK)

    Global Symbols

    Symbol Name                              Value     Ov Type        Size  Object(Section)

    BuildAttributes$$THM_ISAv4$E$P$D$K$B$S$7EM$VFPi3$EXTD16$VFPS$VFMA$PE$A:L22UL41UL21$X:L11$S22US41US21$IEEE1$IW$USESV6$~STKCKD$USESV7$~SHL$OTIME$ROPI$IEEEJ$EBA8$UX$STANDARDLIB$REQ8$PRES8$EABIv2 0x00000000   Number         0  anon$$obj.o ABSOLUTE
    __ARM_use_no_argv                        0x00000000   Number         0  main.o ABSOLUTE
    _printf_flags                            0x00000000   Number         0  printf_stubs.o ABSOLUTE
    _printf_return_value                     0x00000000   Number         0  printf_stubs.o ABSOLUTE
    _printf_sizespec                         0x00000000   Number         0  printf_stubs.o ABSOLUTE
    _printf_widthprec                        0x00000000   Number         0  printf_stubs.o ABSOLUTE
    __ARM_exceptions_init                     - Undefined Weak Reference
    __alloca_initialize                       - Undefined Weak Reference
    __arm_preinit_                            - Undefined Weak Reference
    __cpp_initialize__aeabi_                  - Undefined Weak Reference
    __cxa_finalize                            - Undefined Weak Reference
    __sigvec_lookup                           - Undefined Weak Reference
    _atexit_init                              - Undefined Weak Reference
    _call_atexit_fns                          - Undefined Weak Reference
    _clock_init                               - Undefined Weak Reference
    _fp_trap_init                             - Undefined Weak Reference
    _fp_trap_shutdown                         - Undefined Weak Reference
    _get_lc_collate                           - Undefined Weak Reference
    _get_lc_ctype                             - Undefined Weak Reference
    _get_lc_monetary                          - Undefined Weak Reference
    _get_lc_time                              - Undefined Weak Reference
    _getenv_init                              - Undefined Weak Reference
    _handle_redirection                       - Undefined Weak Reference
    _init_alloc                               - Undefined Weak Reference
    _init_user_alloc                          - Undefined Weak Reference
    _initio                                   - Undefined Weak Reference
    _mutex_acquire                            - Undefined Weak Reference
    _mutex_release                            - Undefined Weak Reference
    _printf_post_padding                      - Undefined Weak Reference
    _printf_pre_padding                       - Undefined Weak Reference
    _rand_init                                - Undefined Weak Reference
    _signal_finish                            - Undefined Weak Reference
    _signal_init                              - Undefined Weak Reference
    _terminate_alloc                          - Undefined Weak Reference
    _terminate_user_alloc                     - Undefined Weak Reference
    _terminateio                              - Undefined Weak Reference
    __Vectors_Size                           0x00000188   Number         0  startup_stm32f40xx.o ABSOLUTE
    __Vectors                                0x08000000   Data           4  startup_stm32f40xx.o(RESET)
    __Vectors_End                            0x08000188   Data           0  startup_stm32f40xx.o(RESET)
    __main                                   0x08000189   Thumb Code     8  __main.o(!!!main)
    __scatterload                            0x08000191   Thumb Code     0  __scatter.o(!!!scatter)
    __scatterload_rt2                        0x08000191   Thumb Code    44  __scatter.o(!!!scatter)
    __scatterload_rt2_thumb_only             0x08000191   Thumb Code     0  __scatter.o(!!!scatter)
    __scatterload_null                       0x0800019f   Thumb Code     0  __scatter.o(!!!scatter)
    __scatterload_copy                       0x080001c5   Thumb Code    26  __scatter_copy.o(!!handler_copy)
    __scatterload_zeroinit                   0x080001e1   Thumb Code    28  __scatter_zi.o(!!handler_zi)
    _printf_f                                0x080001fd   Thumb Code     0  _printf_f.o(.ARM.Collect$$_printf_percent$$00000003)
    _printf_percent                          0x080001fd   Thumb Code     0  _printf_percent.o(.ARM.Collect$$_printf_percent$$00000000)
    _printf_percent_end                      0x08000203   Thumb Code     0  _printf_percent_end.o(.ARM.Collect$$_printf_percent$$00000017)
    __rt_lib_init                            0x08000207   Thumb Code     0  libinit.o(.ARM.Collect$$libinit$$00000000)
    __rt_lib_init_fp_1                       0x08000209   Thumb Code     0  libinit2.o(.ARM.Collect$$libinit$$00000001)
    __rt_lib_init_heap_1                     0x0800020d   Thumb Code     0  libinit2.o(.ARM.Collect$$libinit$$0000000A)
    __rt_lib_init_lc_common                  0x0800020d   Thumb Code     0  libinit2.o(.ARM.Collect$$libinit$$0000000F)
    __rt_lib_init_preinit_1                  0x0800020d   Thumb Code     0  libinit2.o(.ARM.Collect$$libinit$$00000004)
    __rt_lib_init_rand_1                     0x0800020d   Thumb Code     0  libinit2.o(.ARM.Collect$$libinit$$0000000E)
    __rt_lib_init_user_alloc_1               0x0800020d   Thumb Code     0  libinit2.o(.ARM.Collect$$libinit$$0000000C)
    __rt_lib_init_lc_collate_1               0x08000213   Thumb Code     0  libinit2.o(.ARM.Collect$$libinit$$00000011)
    __rt_lib_init_lc_ctype_1                 0x08000213   Thumb Code     0  libinit2.o(.ARM.Collect$$libinit$$00000013)
    __rt_lib_init_lc_monetary_1              0x08000213   Thumb Code     0  libinit2.o(.ARM.Collect$$libinit$$00000015)
    __rt_lib_init_lc_numeric_2               0x08000213   Thumb Code     0  libinit2.o(.ARM.Collect$$libinit$$00000016)
    __rt_lib_init_alloca_1                   0x0800021d   Thumb Code     0  libinit2.o(.ARM.Collect$$libinit$$0000002E)
    __rt_lib_init_argv_1                     0x0800021d   Thumb Code     0  libinit2.o(.ARM.Collect$$libinit$$0000002C)
    __rt_lib_init_atexit_1                   0x0800021d   Thumb Code     0  libinit2.o(.ARM.Collect$$libinit$$0000001B)
    __rt_lib_init_clock_1                    0x0800021d   Thumb Code     0  libinit2.o(.ARM.Collect$$libinit$$00000021)
    __rt_lib_init_cpp_1                      0x0800021d   Thumb Code     0  libinit2.o(.ARM.Collect$$libinit$$00000032)
    __rt_lib_init_exceptions_1               0x0800021d   Thumb Code     0  libinit2.o(.ARM.Collect$$libinit$$00000030)
    __rt_lib_init_fp_trap_1                  0x0800021d   Thumb Code     0  libinit2.o(.ARM.Collect$$libinit$$0000001F)
    __rt_lib_init_getenv_1                   0x0800021d   Thumb Code     0  libinit2.o(.ARM.Collect$$libinit$$00000023)
    __rt_lib_init_lc_numeric_1               0x0800021d   Thumb Code     0  libinit2.o(.ARM.Collect$$libinit$$00000017)
    __rt_lib_init_lc_time_1                  0x0800021d   Thumb Code     0  libinit2.o(.ARM.Collect$$libinit$$00000019)
    __rt_lib_init_return                     0x0800021d   Thumb Code     0  libinit2.o(.ARM.Collect$$libinit$$00000033)
    __rt_lib_init_signal_1                   0x0800021d   Thumb Code     0  libinit2.o(.ARM.Collect$$libinit$$0000001D)
    __rt_lib_init_stdio_1                    0x0800021d   Thumb Code     0  libinit2.o(.ARM.Collect$$libinit$$00000025)
    __rt_lib_shutdown                        0x0800021f   Thumb Code     0  libshutdown.o(.ARM.Collect$$libshutdown$$00000000)
    __rt_lib_shutdown_cpp_1                  0x08000221   Thumb Code     0  libshutdown2.o(.ARM.Collect$$libshutdown$$00000002)
    __rt_lib_shutdown_fp_trap_1              0x08000221   Thumb Code     0  libshutdown2.o(.ARM.Collect$$libshutdown$$00000007)
    __rt_lib_shutdown_heap_1                 0x08000221   Thumb Code     0  libshutdown2.o(.ARM.Collect$$libshutdown$$0000000F)
    __rt_lib_shutdown_return                 0x08000221   Thumb Code     0  libshutdown2.o(.ARM.Collect$$libshutdown$$00000010)
    __rt_lib_shutdown_signal_1               0x08000221   Thumb Code     0  libshutdown2.o(.ARM.Collect$$libshutdown$$0000000A)
    __rt_lib_shutdown_stdio_1                0x08000221   Thumb Code     0  libshutdown2.o(.ARM.Collect$$libshutdown$$00000004)
    __rt_lib_shutdown_user_alloc_1           0x08000221   Thumb Code     0  libshutdown2.o(.ARM.Collect$$libshutdown$$0000000C)
    __rt_entry                               0x08000223   Thumb Code     0  __rtentry.o(.ARM.Collect$$rtentry$$00000000)
    __rt_entry_presh_1                       0x08000223   Thumb Code     0  __rtentry2.o(.ARM.Collect$$rtentry$$00000002)
    __rt_entry_sh                            0x08000223   Thumb Code     0  __rtentry4.o(.ARM.Collect$$rtentry$$00000004)
    __rt_entry_li                            0x08000229   Thumb Code     0  __rtentry2.o(.ARM.Collect$$rtentry$$0000000A)
    __rt_entry_postsh_1                      0x08000229   Thumb Code     0  __rtentry2.o(.ARM.Collect$$rtentry$$00000009)
    __rt_entry_main                          0x0800022d   Thumb Code     0  __rtentry2.o(.ARM.Collect$$rtentry$$0000000D)
    __rt_entry_postli_1                      0x0800022d   Thumb Code     0  __rtentry2.o(.ARM.Collect$$rtentry$$0000000C)
    __rt_exit                                0x08000235   Thumb Code     0  rtexit.o(.ARM.Collect$$rtexit$$00000000)
    __rt_exit_ls                             0x08000237   Thumb Code     0  rtexit2.o(.ARM.Collect$$rtexit$$00000003)
    __rt_exit_prels_1                        0x08000237   Thumb Code     0  rtexit2.o(.ARM.Collect$$rtexit$$00000002)
    __rt_exit_exit                           0x0800023b   Thumb Code     0  rtexit2.o(.ARM.Collect$$rtexit$$00000004)
    Reset_Handler                            0x08000241   Thumb Code     8  startup_stm32f40xx.o(.text)
    ADC_IRQHandler                           0x0800025b   Thumb Code     0  startup_stm32f40xx.o(.text)
    CAN1_RX0_IRQHandler                      0x0800025b   Thumb Code     0  startup_stm32f40xx.o(.text)
    CAN1_RX1_IRQHandler                      0x0800025b   Thumb Code     0  startup_stm32f40xx.o(.text)
    CAN1_SCE_IRQHandler                      0x0800025b   Thumb Code     0  startup_stm32f40xx.o(.text)
    CAN1_TX_IRQHandler                       0x0800025b   Thumb Code     0  startup_stm32f40xx.o(.text)
    CAN2_RX0_IRQHandler                      0x0800025b   Thumb Code     0  startup_stm32f40xx.o(.text)
    CAN2_RX1_IRQHandler                      0x0800025b   Thumb Code     0  startup_stm32f40xx.o(.text)
    CAN2_SCE_IRQHandler                      0x0800025b   Thumb Code     0  startup_stm32f40xx.o(.text)
    CAN2_TX_IRQHandler                       0x0800025b   Thumb Code     0  startup_stm32f40xx.o(.text)
    CRYP_IRQHandler                          0x0800025b   Thumb Code     0  startup_stm32f40xx.o(.text)
    DCMI_IRQHandler                          0x0800025b   Thumb Code     0  startup_stm32f40xx.o(.text)
    DMA1_Stream0_IRQHandler                  0x0800025b   Thumb Code     0  startup_stm32f40xx.o(.text)
    DMA1_Stream1_IRQHandler                  0x0800025b   Thumb Code     0  startup_stm32f40xx.o(.text)
    DMA1_Stream2_IRQHandler                  0x0800025b   Thumb Code     0  startup_stm32f40xx.o(.text)
    DMA1_Stream3_IRQHandler                  0x0800025b   Thumb Code     0  startup_stm32f40xx.o(.text)
    DMA1_Stream4_IRQHandler                  0x0800025b   Thumb Code     0  startup_stm32f40xx.o(.text)
    DMA1_Stream5_IRQHandler                  0x0800025b   Thumb Code     0  startup_stm32f40xx.o(.text)
    DMA1_Stream6_IRQHandler                  0x0800025b   Thumb Code     0  startup_stm32f40xx.o(.text)
    DMA1_Stream7_IRQHandler                  0x0800025b   Thumb Code     0  startup_stm32f40xx.o(.text)
    DMA2_Stream0_IRQHandler                  0x0800025b   Thumb Code     0  startup_stm32f40xx.o(.text)
    DMA2_Stream1_IRQHandler                  0x0800025b   Thumb Code     0  startup_stm32f40xx.o(.text)
    DMA2_Stream2_IRQHandler                  0x0800025b   Thumb Code     0  startup_stm32f40xx.o(.text)
    DMA2_Stream3_IRQHandler                  0x0800025b   Thumb Code     0  startup_stm32f40xx.o(.text)
    DMA2_Stream4_IRQHandler                  0x0800025b   Thumb Code     0  startup_stm32f40xx.o(.text)
    DMA2_Stream5_IRQHandler                  0x0800025b   Thumb Code     0  startup_stm32f40xx.o(.text)
    DMA2_Stream6_IRQHandler                  0x0800025b   Thumb Code     0  startup_stm32f40xx.o(.text)
    DMA2_Stream7_IRQHandler                  0x0800025b   Thumb Code     0  startup_stm32f40xx.o(.text)
    ETH_IRQHandler                           0x0800025b   Thumb Code     0  startup_stm32f40xx.o(.text)
    ETH_WKUP_IRQHandler                      0x0800025b   Thumb Code     0  startup_stm32f40xx.o(.text)
    EXTI0_IRQHandler                         0x0800025b   Thumb Code     0  startup_stm32f40xx.o(.text)
    EXTI15_10_IRQHandler                     0x0800025b   Thumb Code     0  startup_stm32f40xx.o(.text)
    EXTI1_IRQHandler                         0x0800025b   Thumb Code     0  startup_stm32f40xx.o(.text)
    EXTI2_IRQHandler                         0x0800025b   Thumb Code     0  startup_stm32f40xx.o(.text)
    EXTI3_IRQHandler                         0x0800025b   Thumb Code     0  startup_stm32f40xx.o(.text)
    EXTI4_IRQHandler                         0x0800025b   Thumb Code     0  startup_stm32f40xx.o(.text)
    EXTI9_5_IRQHandler                       0x0800025b   Thumb Code     0  startup_stm32f40xx.o(.text)
    FLASH_IRQHandler                         0x0800025b   Thumb Code     0  startup_stm32f40xx.o(.text)
    FPU_IRQHandler                           0x0800025b   Thumb Code     0  startup_stm32f40xx.o(.text)
    FSMC_IRQHandler                          0x0800025b   Thumb Code     0  startup_stm32f40xx.o(.text)
    HASH_RNG_IRQHandler                      0x0800025b   Thumb Code     0  startup_stm32f40xx.o(.text)
    I2C1_ER_IRQHandler                       0x0800025b   Thumb Code     0  startup_stm32f40xx.o(.text)
    I2C1_EV_IRQHandler                       0x0800025b   Thumb Code     0  startup_stm32f40xx.o(.text)
    I2C2_ER_IRQHandler                       0x0800025b   Thumb Code     0  startup_stm32f40xx.o(.text)
    I2C2_EV_IRQHandler                       0x0800025b   Thumb Code     0  startup_stm32f40xx.o(.text)
    I2C3_ER_IRQHandler                       0x0800025b   Thumb Code     0  startup_stm32f40xx.o(.text)
    I2C3_EV_IRQHandler                       0x0800025b   Thumb Code     0  startup_stm32f40xx.o(.text)
    OTG_FS_IRQHandler                        0x0800025b   Thumb Code     0  startup_stm32f40xx.o(.text)
    OTG_FS_WKUP_IRQHandler                   0x0800025b   Thumb Code     0  startup_stm32f40xx.o(.text)
    OTG_HS_EP1_IN_IRQHandler                 0x0800025b   Thumb Code     0  startup_stm32f40xx.o(.text)
    OTG_HS_EP1_OUT_IRQHandler                0x0800025b   Thumb Code     0  startup_stm32f40xx.o(.text)
    OTG_HS_IRQHandler                        0x0800025b   Thumb Code     0  startup_stm32f40xx.o(.text)
    OTG_HS_WKUP_IRQHandler                   0x0800025b   Thumb Code     0  startup_stm32f40xx.o(.text)
    PVD_IRQHandler                           0x0800025b   Thumb Code     0  startup_stm32f40xx.o(.text)
    RCC_IRQHandler                           0x0800025b   Thumb Code     0  startup_stm32f40xx.o(.text)
    RTC_Alarm_IRQHandler                     0x0800025b   Thumb Code     0  startup_stm32f40xx.o(.text)
    RTC_WKUP_IRQHandler                      0x0800025b   Thumb Code     0  startup_stm32f40xx.o(.text)
    SDIO_IRQHandler                          0x0800025b   Thumb Code     0  startup_stm32f40xx.o(.text)
    SPI1_IRQHandler                          0x0800025b   Thumb Code     0  startup_stm32f40xx.o(.text)
    SPI2_IRQHandler                          0x0800025b   Thumb Code     0  startup_stm32f40xx.o(.text)
    SPI3_IRQHandler                          0x0800025b   Thumb Code     0  startup_stm32f40xx.o(.text)
    TAMP_STAMP_IRQHandler                    0x0800025b   Thumb Code     0  startup_stm32f40xx.o(.text)
    TIM1_BRK_TIM9_IRQHandler                 0x0800025b   Thumb Code     0  startup_stm32f40xx.o(.text)
    TIM1_CC_IRQHandler                       0x0800025b   Thumb Code     0  startup_stm32f40xx.o(.text)
    TIM1_TRG_COM_TIM11_IRQHandler            0x0800025b   Thumb Code     0  startup_stm32f40xx.o(.text)
    TIM1_UP_TIM10_IRQHandler                 0x0800025b   Thumb Code     0  startup_stm32f40xx.o(.text)
    TIM2_IRQHandler                          0x0800025b   Thumb Code     0  startup_stm32f40xx.o(.text)
    TIM3_IRQHandler                          0x0800025b   Thumb Code     0  startup_stm32f40xx.o(.text)
    TIM4_IRQHandler                          0x0800025b   Thumb Code     0  startup_stm32f40xx.o(.text)
    TIM5_IRQHandler                          0x0800025b   Thumb Code     0  startup_stm32f40xx.o(.text)
    TIM6_DAC_IRQHandler                      0x0800025b   Thumb Code     0  startup_stm32f40xx.o(.text)
    TIM7_IRQHandler                          0x0800025b   Thumb Code     0  startup_stm32f40xx.o(.text)
    TIM8_BRK_TIM12_IRQHandler                0x0800025b   Thumb Code     0  startup_stm32f40xx.o(.text)
    TIM8_CC_IRQHandler                       0x0800025b   Thumb Code     0  startup_stm32f40xx.o(.text)
    TIM8_TRG_COM_TIM14_IRQHandler            0x0800025b   Thumb Code     0  startup_stm32f40xx.o(.text)
    TIM8_UP_TIM13_IRQHandler                 0x0800025b   Thumb Code     0  startup_stm32f40xx.o(.text)
    UART4_IRQHandler                         0x0800025b   Thumb Code     0  startup_stm32f40xx.o(.text)
    UART5_IRQHandler                         0x0800025b   Thumb Code     0  startup_stm32f40xx.o(.text)
    USART2_IRQHandler                        0x0800025b   Thumb Code     0  startup_stm32f40xx.o(.text)
    USART3_IRQHandler                        0x0800025b   Thumb Code     0  startup_stm32f40xx.o(.text)
    USART6_IRQHandler                        0x0800025b   Thumb Code     0  startup_stm32f40xx.o(.text)
    WWDG_IRQHandler                          0x0800025b   Thumb Code     0  startup_stm32f40xx.o(.text)
    __user_initial_stackheap                 0x0800025d   Thumb Code     0  startup_stm32f40xx.o(.text)
    CPU_IntDis                               0x08000281   Thumb Code     0  cpu_a.o(.text)
    CPU_IntEn                                0x08000285   Thumb Code     0  cpu_a.o(.text)
    CPU_SR_Save                              0x08000289   Thumb Code     0  cpu_a.o(.text)
    CPU_SR_Restore                           0x08000291   Thumb Code     0  cpu_a.o(.text)
    CPU_WaitForInt                           0x08000297   Thumb Code     0  cpu_a.o(.text)
    CPU_WaitForExcept                        0x0800029b   Thumb Code     0  cpu_a.o(.text)
    CPU_CntLeadZeros                         0x0800029f   Thumb Code     0  cpu_a.o(.text)
    CPU_CntTrailZeros                        0x080002a5   Thumb Code     0  cpu_a.o(.text)
    CPU_RevBits                              0x080002af   Thumb Code     0  cpu_a.o(.text)
    __use_no_semihosting                     0x080002b5   Thumb Code     2  use_no_semi_2.o(.text)
    __2printf                                0x080002b9   Thumb Code    20  noretval__2printf.o(.text)
    __printf                                 0x080002d1   Thumb Code   270  __printf_wp.o(.text)
    __use_two_region_memory                  0x080003df   Thumb Code     2  heapauxi.o(.text)
    __rt_heap_escrow$2region                 0x080003e1   Thumb Code     2  heapauxi.o(.text)
    __rt_heap_expand$2region                 0x080003e3   Thumb Code     2  heapauxi.o(.text)
    __I$use$semihosting                      0x080003e5   Thumb Code     0  use_no_semi.o(.text)
    __use_no_semihosting_swi                 0x080003e5   Thumb Code     2  use_no_semi.o(.text)
    __lib_sel_fp_printf                      0x080003e7   Thumb Code     2  _printf_fp_dec.o(.text)
    _printf_fp_dec_real                      0x08000599   Thumb Code   620  _printf_fp_dec.o(.text)
    _printf_char_file                        0x08000805   Thumb Code    32  _printf_char_file.o(.text)
    __rt_locale                              0x08000829   Thumb Code     8  rt_locale_intlibspace.o(.text)
    _ll_udiv10                               0x08000831   Thumb Code   138  lludiv10.o(.text)
    _printf_char_common                      0x080008c7   Thumb Code    32  _printf_char_common.o(.text)
    _printf_fp_infnan                        0x080008ed   Thumb Code   112  _printf_fp_infnan.o(.text)
    _btod_etento                             0x0800096d   Thumb Code   224  bigflt0.o(.text)
    ferror                                   0x08000a51   Thumb Code     8  ferror.o(.text)
    __user_libspace                          0x08000a59   Thumb Code     8  libspace.o(.text)
    __user_perproc_libspace                  0x08000a59   Thumb Code     0  libspace.o(.text)
    __user_perthread_libspace                0x08000a59   Thumb Code     0  libspace.o(.text)
    __user_setup_stackheap                   0x08000a61   Thumb Code    74  sys_stackheap_outer.o(.text)
    exit                                     0x08000aab   Thumb Code    18  exit.o(.text)
    strcmp                                   0x08000abd   Thumb Code   128  strcmpv7m.o(.text)
    _btod_d2e                                0x08000b3d   Thumb Code    62  btod.o(CL$$btod_d2e)
    _d2e_denorm_low                          0x08000b7b   Thumb Code    70  btod.o(CL$$btod_d2e_denorm_low)
    _d2e_norm_op1                            0x08000bc1   Thumb Code    96  btod.o(CL$$btod_d2e_norm_op1)
    __btod_div_common                        0x08000c21   Thumb Code   696  btod.o(CL$$btod_div_common)
    _e2e                                     0x08000f59   Thumb Code   220  btod.o(CL$$btod_e2e)
    _btod_ediv                               0x08001035   Thumb Code    42  btod.o(CL$$btod_ediv)
    _btod_emul                               0x0800105f   Thumb Code    42  btod.o(CL$$btod_emul)
    __btod_mult_common                       0x08001089   Thumb Code   580  btod.o(CL$$btod_mult_common)
    OSStartHighRdy                           0x080012cd   Thumb Code     0  os_cpu_a.o(CODE)
    OSCtxSw                                  0x080012ef   Thumb Code     0  os_cpu_a.o(CODE)
    OSIntCtxSw                               0x080012f9   Thumb Code     0  os_cpu_a.o(CODE)
    PendSV_Handler                           0x08001303   Thumb Code     0  os_cpu_a.o(CODE)
    BSP_CPU_ClkFreq                          0x08001379   Thumb Code    14  bsp.o(i.BSP_CPU_ClkFreq)
    BusFault_Handler                         0x08001387   Thumb Code     2  stm32f4xx_it.o(i.BusFault_Handler)
    CPU_Init                                 0x08001389   Thumb Code    14  cpu_core.o(i.CPU_Init)
    CPU_NameClr                              0x08001399   Thumb Code    26  cpu_core.o(i.CPU_NameClr)
    CPU_TS_TmrFreqSet                        0x080013cd   Thumb Code     6  cpu_core.o(i.CPU_TS_TmrFreqSet)
    CPU_TS_TmrInit                           0x080013d9   Thumb Code    38  bsp.o(i.CPU_TS_TmrInit)
    CPU_TS_TmrRd                             0x08001409   Thumb Code     6  bsp.o(i.CPU_TS_TmrRd)
    DebugMon_Handler                         0x08001415   Thumb Code     2  stm32f4xx_it.o(i.DebugMon_Handler)
    GPIO_Init                                0x08001417   Thumb Code   124  stm32f4xx_gpio.o(i.GPIO_Init)
    GPIO_PinAFConfig                         0x08001493   Thumb Code    32  stm32f4xx_gpio.o(i.GPIO_PinAFConfig)
    GPIO_ReadOutputData                      0x080014b3   Thumb Code     6  stm32f4xx_gpio.o(i.GPIO_ReadOutputData)
    GPIO_ResetBits                           0x080014b9   Thumb Code     4  stm32f4xx_gpio.o(i.GPIO_ResetBits)
    GPIO_SetBits                             0x080014bd   Thumb Code     4  stm32f4xx_gpio.o(i.GPIO_SetBits)
    HardFault_Handler                        0x080014c1   Thumb Code     2  stm32f4xx_it.o(i.HardFault_Handler)
    LED_Init                                 0x080014c5   Thumb Code    58  led.o(i.LED_Init)
    LED_Off                                  0x08001505   Thumb Code    92  led.o(i.LED_Off)
    LED_On                                   0x08001565   Thumb Code    92  led.o(i.LED_On)
    LED_Toggle                               0x080015c5   Thumb Code   232  led.o(i.LED_Toggle)
    MemManage_Handler                        0x080016b1   Thumb Code     2  stm32f4xx_it.o(i.MemManage_Handler)
    Mem_Clr                                  0x080016b3   Thumb Code     8  lib_mem.o(i.Mem_Clr)
    Mem_Set                                  0x080016bb   Thumb Code    62  lib_mem.o(i.Mem_Set)
    NMI_Handler                              0x080016f9   Thumb Code     2  stm32f4xx_it.o(i.NMI_Handler)
    NVIC_Init                                0x080016fd   Thumb Code    98  misc.o(i.NVIC_Init)
    NVIC_PriorityGroupConfig                 0x08001765   Thumb Code    10  misc.o(i.NVIC_PriorityGroupConfig)
    OSCfg_Init                               0x08001779   Thumb Code     2  os_cfg_app.o(i.OSCfg_Init)
    OSIdleTaskHook                           0x0800177d   Thumb Code    12  os_cpu_c.o(i.OSIdleTaskHook)
    OSInit                                   0x0800178d   Thumb Code   262  os_core.o(i.OSInit)
    OSInitHook                               0x080018e9   Thumb Code    22  os_cpu_c.o(i.OSInitHook)
    OSIntEnter                               0x0800190d   Thumb Code    22  os_core.o(i.OSIntEnter)
    OSIntExit                                0x0800192d   Thumb Code   138  os_core.o(i.OSIntExit)
    OSMutexCreate                            0x080019d9   Thumb Code    98  os_mutex.o(i.OSMutexCreate)
    OSMutexPend                              0x08001a49   Thumb Code   420  os_mutex.o(i.OSMutexPend)
    OSMutexPost                              0x08001bfd   Thumb Code   288  os_mutex.o(i.OSMutexPost)
    OSSched                                  0x08001d2d   Thumb Code    96  os_core.o(i.OSSched)
    OSSchedLock                              0x08001da9   Thumb Code    80  os_core.o(i.OSSchedLock)
    OSSchedUnlock                            0x08001e05   Thumb Code   100  os_core.o(i.OSSchedUnlock)
    OSStart                                  0x08001e75   Thumb Code    66  os_core.o(i.OSStart)
    OSStatReset                              0x08001ed1   Thumb Code   152  os_stat.o(i.OSStatReset)
    OSStatTaskCPUUsageInit                   0x08001f89   Thumb Code   136  os_stat.o(i.OSStatTaskCPUUsageInit)
    OSStatTaskHook                           0x0800202d   Thumb Code    12  os_cpu_c.o(i.OSStatTaskHook)
    OSTaskCreate                             0x0800203d   Thumb Code   336  os_task.o(i.OSTaskCreate)
    OSTaskCreateHook                         0x080021a1   Thumb Code    12  os_cpu_c.o(i.OSTaskCreateHook)
    OSTaskDel                                0x080021b1   Thumb Code   196  os_task.o(i.OSTaskDel)
    OSTaskDelHook                            0x08002285   Thumb Code    12  os_cpu_c.o(i.OSTaskDelHook)
    OSTaskResume                             0x08002295   Thumb Code    64  os_task.o(i.OSTaskResume)
    OSTaskReturnHook                         0x080022dd   Thumb Code    12  os_cpu_c.o(i.OSTaskReturnHook)
    OSTaskSemPend                            0x080022ed   Thumb Code   306  os_task.o(i.OSTaskSemPend)
    OSTaskSemPost                            0x0800242d   Thumb Code    48  os_task.o(i.OSTaskSemPost)
    OSTaskStkChk                             0x0800245d   Thumb Code   160  os_task.o(i.OSTaskStkChk)
    OSTaskStkInit                            0x08002505   Thumb Code   268  os_cpu_c.o(i.OSTaskStkInit)
    OSTaskSuspend                            0x08002615   Thumb Code    34  os_task.o(i.OSTaskSuspend)
    OSTaskSwHook                             0x08002641   Thumb Code    70  os_cpu_c.o(i.OSTaskSwHook)
    OSTimeDly                                0x08002699   Thumb Code   130  os_time.o(i.OSTimeDly)
    OSTimeDlyHMSM                            0x08002729   Thumb Code   300  os_time.o(i.OSTimeDlyHMSM)
    OSTimeTick                               0x08002865   Thumb Code    46  os_time.o(i.OSTimeTick)
    OSTimeTickHook                           0x080028a5   Thumb Code    12  os_cpu_c.o(i.OSTimeTickHook)
    OS_Dbg_Init                              0x080028b5   Thumb Code     2  os_dbg.o(i.OS_Dbg_Init)
    OS_FlagInit                              0x080028b9   Thumb Code    14  os_flag.o(i.OS_FlagInit)
    OS_IdleTask                              0x080028d1   Thumb Code    30  os_core.o(i.OS_IdleTask)
    OS_IdleTaskInit                          0x080028f9   Thumb Code    60  os_core.o(i.OS_IdleTaskInit)
    OS_MemInit                               0x08002961   Thumb Code    14  os_mem.o(i.OS_MemInit)
    OS_MsgPoolInit                           0x08002979   Thumb Code    90  os_msg.o(i.OS_MsgPoolInit)
    OS_MsgQFreeAll                           0x080029e1   Thumb Code    50  os_msg.o(i.OS_MsgQFreeAll)
    OS_MsgQInit                              0x08002a19   Thumb Code    14  os_msg.o(i.OS_MsgQInit)
    OS_MutexDbgListAdd                       0x08002a29   Thumb Code    28  os_mutex.o(i.OS_MutexDbgListAdd)
    OS_MutexInit                             0x08002a4d   Thumb Code    14  os_mutex.o(i.OS_MutexInit)
    OS_Pend                                  0x08002a65   Thumb Code    74  os_core.o(i.OS_Pend)
    OS_PendDataInit                          0x08002ab5   Thumb Code    38  os_core.o(i.OS_PendDataInit)
    OS_PendDbgNameAdd                        0x08002add   Thumb Code    60  os_core.o(i.OS_PendDbgNameAdd)
    OS_PendDbgNameRemove                     0x08002b31   Thumb Code    30  os_core.o(i.OS_PendDbgNameRemove)
    OS_PendListChangePrio                    0x08002b55   Thumb Code    50  os_core.o(i.OS_PendListChangePrio)
    OS_PendListInit                          0x08002b87   Thumb Code    10  os_core.o(i.OS_PendListInit)
    OS_PendListInsertPrio                    0x08002b91   Thumb Code    92  os_core.o(i.OS_PendListInsertPrio)
    OS_PendListRemove                        0x08002bed   Thumb Code    38  os_core.o(i.OS_PendListRemove)
    OS_PendListRemove1                       0x08002c13   Thumb Code    54  os_core.o(i.OS_PendListRemove1)
    OS_Post                                  0x08002c49   Thumb Code   178  os_core.o(i.OS_Post)
    OS_Post1                                 0x08002cfb   Thumb Code    38  os_core.o(i.OS_Post1)
    OS_PrioGetHighest                        0x08002d21   Thumb Code    32  os_prio.o(i.OS_PrioGetHighest)
    OS_PrioInit                              0x08002d45   Thumb Code    18  os_prio.o(i.OS_PrioInit)
    OS_PrioInsert                            0x08002d5d   Thumb Code    28  os_prio.o(i.OS_PrioInsert)
    OS_PrioRemove                            0x08002d7d   Thumb Code    28  os_prio.o(i.OS_PrioRemove)
    OS_QInit                                 0x08002d9d   Thumb Code    14  os_q.o(i.OS_QInit)
    OS_RdyListInit                           0x08002db5   Thumb Code    30  os_core.o(i.OS_RdyListInit)
    OS_RdyListInsert                         0x08002dd9   Thumb Code    44  os_core.o(i.OS_RdyListInsert)
    OS_RdyListInsertHead                     0x08002e09   Thumb Code    54  os_core.o(i.OS_RdyListInsertHead)
    OS_RdyListInsertTail                     0x08002e45   Thumb Code    52  os_core.o(i.OS_RdyListInsertTail)
    OS_RdyListRemove                         0x08002e7d   Thumb Code    80  os_core.o(i.OS_RdyListRemove)
    OS_SchedLockTimeMeasStart                0x08002ed1   Thumb Code    20  os_core.o(i.OS_SchedLockTimeMeasStart)
    OS_SchedLockTimeMeasStop                 0x08002eed   Thumb Code    42  os_core.o(i.OS_SchedLockTimeMeasStop)
    OS_SemInit                               0x08002f29   Thumb Code    14  os_sem.o(i.OS_SemInit)
    OS_StatTask                              0x08002f41   Thumb Code   448  os_stat.o(i.OS_StatTask)
    OS_StatTaskInit                          0x0800313d   Thumb Code   118  os_stat.o(i.OS_StatTaskInit)
    OS_TaskBlock                             0x080031f9   Thumb Code    42  os_core.o(i.OS_TaskBlock)
    OS_TaskDbgListAdd                        0x08003229   Thumb Code    32  os_task.o(i.OS_TaskDbgListAdd)
    OS_TaskDbgListRemove                     0x0800324d   Thumb Code    58  os_task.o(i.OS_TaskDbgListRemove)
    OS_TaskInit                              0x0800328d   Thumb Code    18  os_task.o(i.OS_TaskInit)
    OS_TaskInitTCB                           0x080032ad   Thumb Code   146  os_task.o(i.OS_TaskInitTCB)
    OS_TaskResume                            0x0800334d   Thumb Code   186  os_task.o(i.OS_TaskResume)
    OS_TaskReturn                            0x08003409   Thumb Code    20  os_task.o(i.OS_TaskReturn)
    OS_TaskSemPost                           0x08003421   Thumb Code   180  os_task.o(i.OS_TaskSemPost)
    OS_TaskSuspend                           0x080034d9   Thumb Code   184  os_task.o(i.OS_TaskSuspend)
    OS_TickListInsert                        0x08003599   Thumb Code   120  os_tick.o(i.OS_TickListInsert)
    OS_TickListInsertDly                     0x08003611   Thumb Code   126  os_tick.o(i.OS_TickListInsertDly)
    OS_TickListRemove                        0x0800369d   Thumb Code    82  os_tick.o(i.OS_TickListRemove)
    OS_TickListResetPeak                     0x080036ef   Thumb Code     2  os_tick.o(i.OS_TickListResetPeak)
    OS_TickTask                              0x08003819   Thumb Code    70  os_tick.o(i.OS_TickTask)
    OS_TickTaskInit                          0x0800386d   Thumb Code   118  os_tick.o(i.OS_TickTaskInit)
    OS_TmrInit                               0x08003921   Thumb Code   170  os_tmr.o(i.OS_TmrInit)
    OS_TmrResetPeak                          0x08003a51   Thumb Code     2  os_tmr.o(i.OS_TmrResetPeak)
    OS_TmrTask                               0x08003a55   Thumb Code   128  os_tmr.o(i.OS_TmrTask)
    OS_TmrUnlink                             0x08003ae1   Thumb Code    50  os_tmr.o(i.OS_TmrUnlink)
    RCC_AHB1PeriphClockCmd                   0x08003b31   Thumb Code    22  stm32f4xx_rcc.o(i.RCC_AHB1PeriphClockCmd)
    RCC_APB2PeriphClockCmd                   0x08003b4d   Thumb Code    22  stm32f4xx_rcc.o(i.RCC_APB2PeriphClockCmd)
    RCC_GetClocksFreq                        0x08003b69   Thumb Code   148  stm32f4xx_rcc.o(i.RCC_GetClocksFreq)
    SVC_Handler                              0x08003c0d   Thumb Code     2  stm32f4xx_it.o(i.SVC_Handler)
    SysTick_CLKSourceConfig                  0x08003cc9   Thumb Code    28  misc.o(i.SysTick_CLKSourceConfig)
    SysTick_Handler                          0x08003ce5   Thumb Code    28  delay.o(i.SysTick_Handler)
    SystemInit                               0x08003d05   Thumb Code    74  system_stm32f4xx.o(i.SystemInit)
    USART1_IRQHandler                        0x08003d61   Thumb Code   100  usart.o(i.USART1_IRQHandler)
    USART_Cmd                                0x08003dd1   Thumb Code    24  stm32f4xx_usart.o(i.USART_Cmd)
    USART_GetFlagStatus                      0x08003de9   Thumb Code    14  stm32f4xx_usart.o(i.USART_GetFlagStatus)
    USART_GetITStatus                        0x08003df7   Thumb Code    64  stm32f4xx_usart.o(i.USART_GetITStatus)
    USART_ITConfig                           0x08003e37   Thumb Code    54  stm32f4xx_usart.o(i.USART_ITConfig)
    USART_Init                               0x08003e6d   Thumb Code   180  stm32f4xx_usart.o(i.USART_Init)
    USART_ReceiveData                        0x08003f29   Thumb Code     8  stm32f4xx_usart.o(i.USART_ReceiveData)
    UsageFault_Handler                       0x08003f31   Thumb Code     2  stm32f4xx_it.o(i.UsageFault_Handler)
    __ARM_fpclassify                         0x08003f33   Thumb Code    48  fpclassify.o(i.__ARM_fpclassify)
    _is_digit                                0x08003f63   Thumb Code    14  __printf_wp.o(i._is_digit)
    _sys_exit                                0x08003f71   Thumb Code     2  usart.o(i._sys_exit)
    delay_init                               0x08003f75   Thumb Code    64  delay.o(i.delay_init)
    delay_ms                                 0x08003fc1   Thumb Code    58  delay.o(i.delay_ms)
    delay_osschedlock                        0x08004009   Thumb Code    10  delay.o(i.delay_osschedlock)
    delay_osschedunlock                      0x08004013   Thumb Code    10  delay.o(i.delay_osschedunlock)
    delay_ostimedly                          0x0800401d   Thumb Code    12  delay.o(i.delay_ostimedly)
    delay_us                                 0x08004029   Thumb Code    64  delay.o(i.delay_us)
    float_task                               0x0800406d   Thumb Code    66  main.o(i.float_task)
    fputc                                    0x080040d1   Thumb Code    14  usart.o(i.fputc)
    led1_task                                0x080040e5   Thumb Code    56  main.o(i.led1_task)
    led2_task                                0x0800411d   Thumb Code    34  main.o(i.led2_task)
    main                                     0x08004141   Thumb Code   100  main.o(i.main)
    start_task                               0x080041b9   Thumb Code   162  main.o(i.start_task)
    uart_init                                0x080042a1   Thumb Code   172  usart.o(i.uart_init)
    _get_lc_numeric                          0x08004355   Thumb Code    44  lc_numeric_c.o(locale$$code)
    __fpl_dretinf                            0x08004381   Thumb Code    12  dretinf.o(x$fpl$dretinf)
    __aeabi_f2d                              0x0800438d   Thumb Code     0  f2d.o(x$fpl$f2d)
    _f2d                                     0x0800438d   Thumb Code    86  f2d.o(x$fpl$f2d)
    __fpl_fnaninf                            0x080043e3   Thumb Code   140  fnaninf.o(x$fpl$fnaninf)
    _fp_init                                 0x0800446f   Thumb Code    10  fpinit.o(x$fpl$fpinit)
    __fplib_config_fpu_vfp                   0x08004477   Thumb Code     0  fpinit.o(x$fpl$fpinit)
    __fplib_config_pureend_doubles           0x08004477   Thumb Code     0  fpinit.o(x$fpl$fpinit)
    _printf_fp_dec                           0x08004479   Thumb Code     4  printf1.o(x$fpl$printf1)
    OSCfg_IdleTaskStkBasePtr                 0x0800447c   Data           4  os_cfg_app.o(.constdata)
    __I$use$fp                               0x0800447c   Number         0  usenofp.o(x$fpl$usenofp)
    OSCfg_IdleTaskStkLimit                   0x08004480   Data           4  os_cfg_app.o(.constdata)
    OSCfg_IdleTaskStkSize                    0x08004484   Data           4  os_cfg_app.o(.constdata)
    OSCfg_ISRStkBasePtr                      0x08004488   Data           4  os_cfg_app.o(.constdata)
    OSCfg_ISRStkSize                         0x0800448c   Data           4  os_cfg_app.o(.constdata)
    OSCfg_MsgPoolSize                        0x08004490   Data           2  os_cfg_app.o(.constdata)
    OSCfg_MsgPoolBasePtr                     0x08004494   Data           4  os_cfg_app.o(.constdata)
    OSCfg_StatTaskPrio                       0x08004498   Data           1  os_cfg_app.o(.constdata)
    OSCfg_StatTaskRate_Hz                    0x0800449c   Data           4  os_cfg_app.o(.constdata)
    OSCfg_StatTaskStkBasePtr                 0x080044a0   Data           4  os_cfg_app.o(.constdata)
    OSCfg_StatTaskStkLimit                   0x080044a4   Data           4  os_cfg_app.o(.constdata)
    OSCfg_StatTaskStkSize                    0x080044a8   Data           4  os_cfg_app.o(.constdata)
    OSCfg_StkSizeMin                         0x080044ac   Data           4  os_cfg_app.o(.constdata)
    OSCfg_TickRate_Hz                        0x080044b0   Data           4  os_cfg_app.o(.constdata)
    OSCfg_TickTaskPrio                       0x080044b4   Data           1  os_cfg_app.o(.constdata)
    OSCfg_TickTaskStkBasePtr                 0x080044b8   Data           4  os_cfg_app.o(.constdata)
    OSCfg_TickTaskStkLimit                   0x080044bc   Data           4  os_cfg_app.o(.constdata)
    OSCfg_TickTaskStkSize                    0x080044c0   Data           4  os_cfg_app.o(.constdata)
    OSCfg_TmrTaskPrio                        0x080044c4   Data           1  os_cfg_app.o(.constdata)
    OSCfg_TmrTaskRate_Hz                     0x080044c8   Data           4  os_cfg_app.o(.constdata)
    OSCfg_TmrTaskStkBasePtr                  0x080044cc   Data           4  os_cfg_app.o(.constdata)
    OSCfg_TmrTaskStkLimit                    0x080044d0   Data           4  os_cfg_app.o(.constdata)
    OSCfg_TmrTaskStkSize                     0x080044d4   Data           4  os_cfg_app.o(.constdata)
    Region$$Table$$Base                      0x0800456c   Number         0  anon$$obj.o(Region$$Table)
    Region$$Table$$Limit                     0x0800458c   Number         0  anon$$obj.o(Region$$Table)
    USART_RX_STA                             0x20000018   Data           2  usart.o(.data)
    __stdout                                 0x2000001c   Data           4  usart.o(.data)
    CPU_TS_TmrFreq_Hz                        0x20000020   Data           4  cpu_core.o(.data)
    OSPrioTbl                                0x20000024   Data           8  os_prio.o(.data)
    OS_AppTaskCreateHookPtr                  0x2000002c   Data           4  os_var.o(.data)
    OS_AppTaskDelHookPtr                     0x20000030   Data           4  os_var.o(.data)
    OS_AppTaskReturnHookPtr                  0x20000034   Data           4  os_var.o(.data)
    OS_AppIdleTaskHookPtr                    0x20000038   Data           4  os_var.o(.data)
    OS_AppStatTaskHookPtr                    0x2000003c   Data           4  os_var.o(.data)
    OS_AppTaskSwHookPtr                      0x20000040   Data           4  os_var.o(.data)
    OS_AppTimeTickHookPtr                    0x20000044   Data           4  os_var.o(.data)
    OSIdleTaskCtr                            0x20000048   Data           4  os_var.o(.data)
    OSIntNestingCtr                          0x2000004c   Data           1  os_var.o(.data)
    OSRunning                                0x2000004d   Data           1  os_var.o(.data)
    OSFlagDbgListPtr                         0x20000050   Data           4  os_var.o(.data)
    OSFlagQty                                0x20000054   Data           2  os_var.o(.data)
    OSMemDbgListPtr                          0x20000058   Data           4  os_var.o(.data)
    OSMemQty                                 0x2000005c   Data           2  os_var.o(.data)
    OSMutexDbgListPtr                        0x20000060   Data           4  os_var.o(.data)
    OSMutexQty                               0x20000064   Data           2  os_var.o(.data)
    OSPrioCur                                0x20000066   Data           1  os_var.o(.data)
    OSPrioHighRdy                            0x20000067   Data           1  os_var.o(.data)
    OSPrioSaved                              0x20000068   Data           1  os_var.o(.data)
    OSQDbgListPtr                            0x2000006c   Data           4  os_var.o(.data)
    OSQQty                                   0x20000070   Data           2  os_var.o(.data)
    OSSchedLockTimeBegin                     0x20000074   Data           4  os_var.o(.data)
    OSSchedLockTimeMax                       0x20000078   Data           4  os_var.o(.data)
    OSSchedLockTimeMaxCur                    0x2000007c   Data           4  os_var.o(.data)
    OSSchedLockNestingCtr                    0x20000080   Data           1  os_var.o(.data)
    OSSemDbgListPtr                          0x20000084   Data           4  os_var.o(.data)
    OSSemQty                                 0x20000088   Data           2  os_var.o(.data)
    OSStatResetFlag                          0x2000008a   Data           1  os_var.o(.data)
    OSStatTaskCPUUsage                       0x2000008c   Data           2  os_var.o(.data)
    OSStatTaskCPUUsageMax                    0x2000008e   Data           2  os_var.o(.data)
    OSStatTaskCtr                            0x20000090   Data           4  os_var.o(.data)
    OSStatTaskCtrMax                         0x20000094   Data           4  os_var.o(.data)
    OSStatTaskCtrRun                         0x20000098   Data           4  os_var.o(.data)
    OSStatTaskRdy                            0x2000009c   Data           1  os_var.o(.data)
    OSStatTaskTimeMax                        0x200000a0   Data           4  os_var.o(.data)
    OSTaskCtxSwCtr                           0x200000a4   Data           4  os_var.o(.data)
    OSTaskDbgListPtr                         0x200000a8   Data           4  os_var.o(.data)
    OSTaskQty                                0x200000ac   Data           2  os_var.o(.data)
    OSTaskRegNextAvailID                     0x200000ae   Data           1  os_var.o(.data)
    OSTickCtr                                0x200000b0   Data           4  os_var.o(.data)
    OSTickTaskTimeMax                        0x200000b4   Data           4  os_var.o(.data)
    OSTickListDly                            0x200000b8   Data           8  os_var.o(.data)
    OSTickListTimeout                        0x200000c0   Data           8  os_var.o(.data)
    OSTmrDbgListPtr                          0x200000c8   Data           4  os_var.o(.data)
    OSTmrListEntries                         0x200000cc   Data           2  os_var.o(.data)
    OSTmrListPtr                             0x200000d0   Data           4  os_var.o(.data)
    OSTmrTaskTimeMax                         0x200000d4   Data           4  os_var.o(.data)
    OSTmrTickCtr                             0x200000d8   Data           4  os_var.o(.data)
    OSTmrUpdateCnt                           0x200000dc   Data           4  os_var.o(.data)
    OSTmrUpdateCtr                           0x200000e0   Data           4  os_var.o(.data)
    OSTCBCurPtr                              0x200000e4   Data           4  os_var.o(.data)
    OSTCBHighRdyPtr                          0x200000e8   Data           4  os_var.o(.data)
    OS_CPU_ExceptStkBase                     0x200000ec   Data           4  os_cpu_c.o(.data)
    StartTaskTCB                             0x200000f0   Data         184  main.o(.bss)
    START_TASK_STK                           0x200001a8   Data        2048  main.o(.bss)
    Led1TaskTCB                              0x200009a8   Data         184  main.o(.bss)
    LED1_TASK_STK                            0x20000a60   Data         512  main.o(.bss)
    Led2TaskTCB                              0x20000c60   Data         184  main.o(.bss)
    LED2_TASK_STK                            0x20000d18   Data         512  main.o(.bss)
    FloatTaskTCB                             0x20000f18   Data         184  main.o(.bss)
    FLOAT_TASK_STK                           0x20000fd0   Data         512  main.o(.bss)
    USART_RX_BUF                             0x200011d0   Data         200  usart.o(.bss)
    CPU_Name                                 0x20001298   Data          16  cpu_core.o(.bss)
    OSCfg_IdleTaskStk                        0x200012a8   Data         512  os_cfg_app.o(.bss)
    OSCfg_ISRStk                             0x200014a8   Data         512  os_cfg_app.o(.bss)
    OSCfg_MsgPool                            0x200016a8   Data        1600  os_cfg_app.o(.bss)
    OSCfg_StatTaskStk                        0x20001ce8   Data         512  os_cfg_app.o(.bss)
    OSCfg_TickTaskStk                        0x20001ee8   Data         512  os_cfg_app.o(.bss)
    OSCfg_TmrTaskStk                         0x200020e8   Data         512  os_cfg_app.o(.bss)
    OSIdleTaskTCB                            0x200022e8   Data         184  os_var.o(.bss)
    OSMsgPool                                0x200023a0   Data          12  os_var.o(.bss)
    OSRdyList                                0x200023ac   Data         768  os_var.o(.bss)
    OSStatTaskTCB                            0x200026ac   Data         184  os_var.o(.bss)
    OSTickTaskTCB                            0x20002764   Data         184  os_var.o(.bss)
    OSTmrMutex                               0x2000281c   Data          44  os_var.o(.bss)
    OSTmrTaskTCB                             0x20002848   Data         184  os_var.o(.bss)
    __libspace_start                         0x20002900   Data          96  libspace.o(.bss)
    __temporary_stack_top$libspace           0x20002960   Data           0  libspace.o(.bss)



==============================================================================

Memory Map of the image

  Image Entry point : 0x08000189

  Load Region LR_IROM1 (Base: 0x08000000, Size: 0x00004698, Max: 0x00080000, ABSOLUTE)

    Execution Region ER_IROM1 (Exec base: 0x08000000, Load base: 0x08000000, Size: 0x000045a8, Max: 0x00080000, ABSOLUTE)

    Exec Addr    Load Addr    Size         Type   Attr      Idx    E Section Name        Object

    0x08000000   0x08000000   0x00000188   Data   RO          370    RESET               startup_stm32f40xx.o
    0x08000188   0x08000188   0x00000008   Code   RO         7271  * !!!main             c_w.l(__main.o)
    0x08000190   0x08000190   0x00000034   Code   RO         7501    !!!scatter          c_w.l(__scatter.o)
    0x080001c4   0x080001c4   0x0000001a   Code   RO         7503    !!handler_copy      c_w.l(__scatter_copy.o)
    0x080001de   0x080001de   0x00000002   PAD
    0x080001e0   0x080001e0   0x0000001c   Code   RO         7505    !!handler_zi        c_w.l(__scatter_zi.o)
    0x080001fc   0x080001fc   0x00000000   Code   RO         7268    .ARM.Collect$$_printf_percent$$00000000  c_w.l(_printf_percent.o)
    0x080001fc   0x080001fc   0x00000006   Code   RO         7267    .ARM.Collect$$_printf_percent$$00000003  c_w.l(_printf_f.o)
    0x08000202   0x08000202   0x00000004   Code   RO         7288    .ARM.Collect$$_printf_percent$$00000017  c_w.l(_printf_percent_end.o)
    0x08000206   0x08000206   0x00000002   Code   RO         7378    .ARM.Collect$$libinit$$00000000  c_w.l(libinit.o)
    0x08000208   0x08000208   0x00000004   Code   RO         7379    .ARM.Collect$$libinit$$00000001  c_w.l(libinit2.o)
    0x0800020c   0x0800020c   0x00000000   Code   RO         7382    .ARM.Collect$$libinit$$00000004  c_w.l(libinit2.o)
    0x0800020c   0x0800020c   0x00000000   Code   RO         7385    .ARM.Collect$$libinit$$0000000A  c_w.l(libinit2.o)
    0x0800020c   0x0800020c   0x00000000   Code   RO         7387    .ARM.Collect$$libinit$$0000000C  c_w.l(libinit2.o)
    0x0800020c   0x0800020c   0x00000000   Code   RO         7389    .ARM.Collect$$libinit$$0000000E  c_w.l(libinit2.o)
    0x0800020c   0x0800020c   0x00000006   Code   RO         7390    .ARM.Collect$$libinit$$0000000F  c_w.l(libinit2.o)
    0x08000212   0x08000212   0x00000000   Code   RO         7392    .ARM.Collect$$libinit$$00000011  c_w.l(libinit2.o)
    0x08000212   0x08000212   0x00000000   Code   RO         7394    .ARM.Collect$$libinit$$00000013  c_w.l(libinit2.o)
    0x08000212   0x08000212   0x00000000   Code   RO         7396    .ARM.Collect$$libinit$$00000015  c_w.l(libinit2.o)
    0x08000212   0x08000212   0x0000000a   Code   RO         7397    .ARM.Collect$$libinit$$00000016  c_w.l(libinit2.o)
    0x0800021c   0x0800021c   0x00000000   Code   RO         7398    .ARM.Collect$$libinit$$00000017  c_w.l(libinit2.o)
    0x0800021c   0x0800021c   0x00000000   Code   RO         7400    .ARM.Collect$$libinit$$00000019  c_w.l(libinit2.o)
    0x0800021c   0x0800021c   0x00000000   Code   RO         7402    .ARM.Collect$$libinit$$0000001B  c_w.l(libinit2.o)
    0x0800021c   0x0800021c   0x00000000   Code   RO         7404    .ARM.Collect$$libinit$$0000001D  c_w.l(libinit2.o)
    0x0800021c   0x0800021c   0x00000000   Code   RO         7406    .ARM.Collect$$libinit$$0000001F  c_w.l(libinit2.o)
    0x0800021c   0x0800021c   0x00000000   Code   RO         7408    .ARM.Collect$$libinit$$00000021  c_w.l(libinit2.o)
    0x0800021c   0x0800021c   0x00000000   Code   RO         7410    .ARM.Collect$$libinit$$00000023  c_w.l(libinit2.o)
    0x0800021c   0x0800021c   0x00000000   Code   RO         7412    .ARM.Collect$$libinit$$00000025  c_w.l(libinit2.o)
    0x0800021c   0x0800021c   0x00000000   Code   RO         7416    .ARM.Collect$$libinit$$0000002C  c_w.l(libinit2.o)
    0x0800021c   0x0800021c   0x00000000   Code   RO         7418    .ARM.Collect$$libinit$$0000002E  c_w.l(libinit2.o)
    0x0800021c   0x0800021c   0x00000000   Code   RO         7420    .ARM.Collect$$libinit$$00000030  c_w.l(libinit2.o)
    0x0800021c   0x0800021c   0x00000000   Code   RO         7422    .ARM.Collect$$libinit$$00000032  c_w.l(libinit2.o)
    0x0800021c   0x0800021c   0x00000002   Code   RO         7423    .ARM.Collect$$libinit$$00000033  c_w.l(libinit2.o)
    0x0800021e   0x0800021e   0x00000002   Code   RO         7465    .ARM.Collect$$libshutdown$$00000000  c_w.l(libshutdown.o)
    0x08000220   0x08000220   0x00000000   Code   RO         7484    .ARM.Collect$$libshutdown$$00000002  c_w.l(libshutdown2.o)
    0x08000220   0x08000220   0x00000000   Code   RO         7486    .ARM.Collect$$libshutdown$$00000004  c_w.l(libshutdown2.o)
    0x08000220   0x08000220   0x00000000   Code   RO         7489    .ARM.Collect$$libshutdown$$00000007  c_w.l(libshutdown2.o)
    0x08000220   0x08000220   0x00000000   Code   RO         7492    .ARM.Collect$$libshutdown$$0000000A  c_w.l(libshutdown2.o)
    0x08000220   0x08000220   0x00000000   Code   RO         7494    .ARM.Collect$$libshutdown$$0000000C  c_w.l(libshutdown2.o)
    0x08000220   0x08000220   0x00000000   Code   RO         7497    .ARM.Collect$$libshutdown$$0000000F  c_w.l(libshutdown2.o)
    0x08000220   0x08000220   0x00000002   Code   RO         7498    .ARM.Collect$$libshutdown$$00000010  c_w.l(libshutdown2.o)
    0x08000222   0x08000222   0x00000000   Code   RO         7279    .ARM.Collect$$rtentry$$00000000  c_w.l(__rtentry.o)
    0x08000222   0x08000222   0x00000000   Code   RO         7295    .ARM.Collect$$rtentry$$00000002  c_w.l(__rtentry2.o)
    0x08000222   0x08000222   0x00000006   Code   RO         7307    .ARM.Collect$$rtentry$$00000004  c_w.l(__rtentry4.o)
    0x08000228   0x08000228   0x00000000   Code   RO         7297    .ARM.Collect$$rtentry$$00000009  c_w.l(__rtentry2.o)
    0x08000228   0x08000228   0x00000004   Code   RO         7298    .ARM.Collect$$rtentry$$0000000A  c_w.l(__rtentry2.o)
    0x0800022c   0x0800022c   0x00000000   Code   RO         7300    .ARM.Collect$$rtentry$$0000000C  c_w.l(__rtentry2.o)
    0x0800022c   0x0800022c   0x00000008   Code   RO         7301    .ARM.Collect$$rtentry$$0000000D  c_w.l(__rtentry2.o)
    0x08000234   0x08000234   0x00000002   Code   RO         7424    .ARM.Collect$$rtexit$$00000000  c_w.l(rtexit.o)
    0x08000236   0x08000236   0x00000000   Code   RO         7437    .ARM.Collect$$rtexit$$00000002  c_w.l(rtexit2.o)
    0x08000236   0x08000236   0x00000004   Code   RO         7438    .ARM.Collect$$rtexit$$00000003  c_w.l(rtexit2.o)
    0x0800023a   0x0800023a   0x00000006   Code   RO         7439    .ARM.Collect$$rtexit$$00000004  c_w.l(rtexit2.o)
    0x08000240   0x08000240   0x00000040   Code   RO          371    .text               startup_stm32f40xx.o
    0x08000280   0x08000280   0x00000034   Code   RO         5471    .text               cpu_a.o
    0x080002b4   0x080002b4   0x00000002   Code   RO         7237    .text               c_w.l(use_no_semi_2.o)
    0x080002b6   0x080002b6   0x00000002   PAD
    0x080002b8   0x080002b8   0x00000018   Code   RO         7243    .text               c_w.l(noretval__2printf.o)
    0x080002d0   0x080002d0   0x0000010e   Code   RO         7255    .text               c_w.l(__printf_wp.o)
    0x080003de   0x080003de   0x00000006   Code   RO         7269    .text               c_w.l(heapauxi.o)
    0x080003e4   0x080003e4   0x00000002   Code   RO         7277    .text               c_w.l(use_no_semi.o)
    0x080003e6   0x080003e6   0x0000041e   Code   RO         7284    .text               c_w.l(_printf_fp_dec.o)
    0x08000804   0x08000804   0x00000024   Code   RO         7286    .text               c_w.l(_printf_char_file.o)
    0x08000828   0x08000828   0x00000008   Code   RO         7314    .text               c_w.l(rt_locale_intlibspace.o)
    0x08000830   0x08000830   0x0000008a   Code   RO         7316    .text               c_w.l(lludiv10.o)
    0x080008ba   0x080008ba   0x00000002   PAD
    0x080008bc   0x080008bc   0x00000030   Code   RO         7318    .text               c_w.l(_printf_char_common.o)
    0x080008ec   0x080008ec   0x00000080   Code   RO         7320    .text               c_w.l(_printf_fp_infnan.o)
    0x0800096c   0x0800096c   0x000000e4   Code   RO         7322    .text               c_w.l(bigflt0.o)
    0x08000a50   0x08000a50   0x00000008   Code   RO         7347    .text               c_w.l(ferror.o)
    0x08000a58   0x08000a58   0x00000008   Code   RO         7358    .text               c_w.l(libspace.o)
    0x08000a60   0x08000a60   0x0000004a   Code   RO         7361    .text               c_w.l(sys_stackheap_outer.o)
    0x08000aaa   0x08000aaa   0x00000012   Code   RO         7365    .text               c_w.l(exit.o)
    0x08000abc   0x08000abc   0x00000080   Code   RO         7371    .text               c_w.l(strcmpv7m.o)
    0x08000b3c   0x08000b3c   0x0000003e   Code   RO         7325    CL$$btod_d2e        c_w.l(btod.o)
    0x08000b7a   0x08000b7a   0x00000046   Code   RO         7327    CL$$btod_d2e_denorm_low  c_w.l(btod.o)
    0x08000bc0   0x08000bc0   0x00000060   Code   RO         7326    CL$$btod_d2e_norm_op1  c_w.l(btod.o)
    0x08000c20   0x08000c20   0x00000338   Code   RO         7335    CL$$btod_div_common  c_w.l(btod.o)
    0x08000f58   0x08000f58   0x000000dc   Code   RO         7332    CL$$btod_e2e        c_w.l(btod.o)
    0x08001034   0x08001034   0x0000002a   Code   RO         7329    CL$$btod_ediv       c_w.l(btod.o)
    0x0800105e   0x0800105e   0x0000002a   Code   RO         7328    CL$$btod_emul       c_w.l(btod.o)
    0x08001088   0x08001088   0x00000244   Code   RO         7334    CL$$btod_mult_common  c_w.l(btod.o)
    0x080012cc   0x080012cc   0x000000ac   Code   RO         7042    CODE                os_cpu_a.o
    0x08001378   0x08001378   0x0000000e   Code   RO         5257    i.BSP_CPU_ClkFreq   bsp.o
    0x08001386   0x08001386   0x00000002   Code   RO          248    i.BusFault_Handler  stm32f4xx_it.o
    0x08001388   0x08001388   0x0000000e   Code   RO         5304    i.CPU_Init          cpu_core.o
    0x08001396   0x08001396   0x00000002   PAD
    0x08001398   0x08001398   0x00000020   Code   RO         5305    i.CPU_NameClr       cpu_core.o
    0x080013b8   0x080013b8   0x00000004   Code   RO         5307    i.CPU_NameInit      cpu_core.o
    0x080013bc   0x080013bc   0x00000010   Code   RO         5311    i.CPU_TS_Init       cpu_core.o
    0x080013cc   0x080013cc   0x0000000c   Code   RO         5313    i.CPU_TS_TmrFreqSet  cpu_core.o
    0x080013d8   0x080013d8   0x00000030   Code   RO         5259    i.CPU_TS_TmrInit    bsp.o
    0x08001408   0x08001408   0x0000000c   Code   RO         5260    i.CPU_TS_TmrRd      bsp.o
    0x08001414   0x08001414   0x00000002   Code   RO          249    i.DebugMon_Handler  stm32f4xx_it.o
    0x08001416   0x08001416   0x0000007c   Code   RO         2100    i.GPIO_Init         stm32f4xx_gpio.o
    0x08001492   0x08001492   0x00000020   Code   RO         2101    i.GPIO_PinAFConfig  stm32f4xx_gpio.o
    0x080014b2   0x080014b2   0x00000006   Code   RO         2105    i.GPIO_ReadOutputData  stm32f4xx_gpio.o
    0x080014b8   0x080014b8   0x00000004   Code   RO         2107    i.GPIO_ResetBits    stm32f4xx_gpio.o
    0x080014bc   0x080014bc   0x00000004   Code   RO         2108    i.GPIO_SetBits      stm32f4xx_gpio.o
    0x080014c0   0x080014c0   0x00000002   Code   RO          250    i.HardFault_Handler  stm32f4xx_it.o
    0x080014c2   0x080014c2   0x00000002   PAD
    0x080014c4   0x080014c4   0x00000040   Code   RO         7199    i.LED_Init          led.o
    0x08001504   0x08001504   0x00000060   Code   RO         7200    i.LED_Off           led.o
    0x08001564   0x08001564   0x00000060   Code   RO         7201    i.LED_On            led.o
    0x080015c4   0x080015c4   0x000000ec   Code   RO         7202    i.LED_Toggle        led.o
    0x080016b0   0x080016b0   0x00000002   Code   RO          251    i.MemManage_Handler  stm32f4xx_it.o
    0x080016b2   0x080016b2   0x00000008   Code   RO         5615    i.Mem_Clr           lib_mem.o
    0x080016ba   0x080016ba   0x0000003e   Code   RO         5631    i.Mem_Set           lib_mem.o
    0x080016f8   0x080016f8   0x00000002   Code   RO          252    i.NMI_Handler       stm32f4xx_it.o
    0x080016fa   0x080016fa   0x00000002   PAD
    0x080016fc   0x080016fc   0x00000068   Code   RO          377    i.NVIC_Init         misc.o
    0x08001764   0x08001764   0x00000014   Code   RO          378    i.NVIC_PriorityGroupConfig  misc.o
    0x08001778   0x08001778   0x00000002   Code   RO         5884    i.OSCfg_Init        os_cfg_app.o
    0x0800177a   0x0800177a   0x00000002   PAD
    0x0800177c   0x0800177c   0x00000010   Code   RO         7047    i.OSIdleTaskHook    os_cpu_c.o
    0x0800178c   0x0800178c   0x0000015c   Code   RO         5948    i.OSInit            os_core.o
    0x080018e8   0x080018e8   0x00000024   Code   RO         7048    i.OSInitHook        os_cpu_c.o
    0x0800190c   0x0800190c   0x00000020   Code   RO         5949    i.OSIntEnter        os_core.o
    0x0800192c   0x0800192c   0x000000ac   Code   RO         5950    i.OSIntExit         os_core.o
    0x080019d8   0x080019d8   0x00000070   Code   RO         6343    i.OSMutexCreate     os_mutex.o
    0x08001a48   0x08001a48   0x000001b4   Code   RO         6345    i.OSMutexPend       os_mutex.o
    0x08001bfc   0x08001bfc   0x00000130   Code   RO         6347    i.OSMutexPost       os_mutex.o
    0x08001d2c   0x08001d2c   0x0000007c   Code   RO         5951    i.OSSched           os_core.o
    0x08001da8   0x08001da8   0x0000005c   Code   RO         5952    i.OSSchedLock       os_core.o
    0x08001e04   0x08001e04   0x00000070   Code   RO         5953    i.OSSchedUnlock     os_core.o
    0x08001e74   0x08001e74   0x0000005c   Code   RO         5954    i.OSStart           os_core.o
    0x08001ed0   0x08001ed0   0x000000b8   Code   RO         6590    i.OSStatReset       os_stat.o
    0x08001f88   0x08001f88   0x000000a4   Code   RO         6591    i.OSStatTaskCPUUsageInit  os_stat.o
    0x0800202c   0x0800202c   0x00000010   Code   RO         7049    i.OSStatTaskHook    os_cpu_c.o
    0x0800203c   0x0800203c   0x00000164   Code   RO         6621    i.OSTaskCreate      os_task.o
    0x080021a0   0x080021a0   0x00000010   Code   RO         7050    i.OSTaskCreateHook  os_cpu_c.o
    0x080021b0   0x080021b0   0x000000d4   Code   RO         6622    i.OSTaskDel         os_task.o
    0x08002284   0x08002284   0x00000010   Code   RO         7051    i.OSTaskDelHook     os_cpu_c.o
    0x08002294   0x08002294   0x00000048   Code   RO         6630    i.OSTaskResume      os_task.o
    0x080022dc   0x080022dc   0x00000010   Code   RO         7052    i.OSTaskReturnHook  os_cpu_c.o
    0x080022ec   0x080022ec   0x00000140   Code   RO         6631    i.OSTaskSemPend     os_task.o
    0x0800242c   0x0800242c   0x00000030   Code   RO         6633    i.OSTaskSemPost     os_task.o
    0x0800245c   0x0800245c   0x000000a8   Code   RO         6635    i.OSTaskStkChk      os_task.o
    0x08002504   0x08002504   0x00000110   Code   RO         7053    i.OSTaskStkInit     os_cpu_c.o
    0x08002614   0x08002614   0x0000002c   Code   RO         6636    i.OSTaskSuspend     os_task.o
    0x08002640   0x08002640   0x00000058   Code   RO         7054    i.OSTaskSwHook      os_cpu_c.o
    0x08002698   0x08002698   0x00000090   Code   RO         6834    i.OSTimeDly         os_time.o
    0x08002728   0x08002728   0x0000013c   Code   RO         6835    i.OSTimeDlyHMSM     os_time.o
    0x08002864   0x08002864   0x00000040   Code   RO         6839    i.OSTimeTick        os_time.o
    0x080028a4   0x080028a4   0x00000010   Code   RO         7055    i.OSTimeTickHook    os_cpu_c.o
    0x080028b4   0x080028b4   0x00000002   Code   RO         6164    i.OS_Dbg_Init       os_dbg.o
    0x080028b6   0x080028b6   0x00000002   PAD
    0x080028b8   0x080028b8   0x00000018   Code   RO         6191    i.OS_FlagInit       os_flag.o
    0x080028d0   0x080028d0   0x00000028   Code   RO         5956    i.OS_IdleTask       os_core.o
    0x080028f8   0x080028f8   0x00000068   Code   RO         5957    i.OS_IdleTaskInit   os_core.o
    0x08002960   0x08002960   0x00000018   Code   RO         6275    i.OS_MemInit        os_mem.o
    0x08002978   0x08002978   0x00000068   Code   RO         6307    i.OS_MsgPoolInit    os_msg.o
    0x080029e0   0x080029e0   0x00000038   Code   RO         6308    i.OS_MsgQFreeAll    os_msg.o
    0x08002a18   0x08002a18   0x0000000e   Code   RO         6310    i.OS_MsgQInit       os_msg.o
    0x08002a26   0x08002a26   0x00000002   PAD
    0x08002a28   0x08002a28   0x00000024   Code   RO         6349    i.OS_MutexDbgListAdd  os_mutex.o
    0x08002a4c   0x08002a4c   0x00000018   Code   RO         6351    i.OS_MutexInit      os_mutex.o
    0x08002a64   0x08002a64   0x00000050   Code   RO         5958    i.OS_Pend           os_core.o
    0x08002ab4   0x08002ab4   0x00000026   Code   RO         5961    i.OS_PendDataInit   os_core.o
    0x08002ada   0x08002ada   0x00000002   PAD
    0x08002adc   0x08002adc   0x00000054   Code   RO         5962    i.OS_PendDbgNameAdd  os_core.o
    0x08002b30   0x08002b30   0x00000024   Code   RO         5963    i.OS_PendDbgNameRemove  os_core.o
    0x08002b54   0x08002b54   0x00000032   Code   RO         5964    i.OS_PendListChangePrio  os_core.o
    0x08002b86   0x08002b86   0x0000000a   Code   RO         5965    i.OS_PendListInit   os_core.o
    0x08002b90   0x08002b90   0x0000005c   Code   RO         5967    i.OS_PendListInsertPrio  os_core.o
    0x08002bec   0x08002bec   0x00000026   Code   RO         5968    i.OS_PendListRemove  os_core.o
    0x08002c12   0x08002c12   0x00000036   Code   RO         5969    i.OS_PendListRemove1  os_core.o
    0x08002c48   0x08002c48   0x000000b2   Code   RO         5972    i.OS_Post           os_core.o
    0x08002cfa   0x08002cfa   0x00000026   Code   RO         5973    i.OS_Post1          os_core.o
    0x08002d20   0x08002d20   0x00000024   Code   RO         6409    i.OS_PrioGetHighest  os_prio.o
    0x08002d44   0x08002d44   0x00000018   Code   RO         6410    i.OS_PrioInit       os_prio.o
    0x08002d5c   0x08002d5c   0x00000020   Code   RO         6411    i.OS_PrioInsert     os_prio.o
    0x08002d7c   0x08002d7c   0x00000020   Code   RO         6412    i.OS_PrioRemove     os_prio.o
    0x08002d9c   0x08002d9c   0x00000018   Code   RO         6455    i.OS_QInit          os_q.o
    0x08002db4   0x08002db4   0x00000024   Code   RO         5974    i.OS_RdyListInit    os_core.o
    0x08002dd8   0x08002dd8   0x00000030   Code   RO         5975    i.OS_RdyListInsert  os_core.o
    0x08002e08   0x08002e08   0x0000003c   Code   RO         5976    i.OS_RdyListInsertHead  os_core.o
    0x08002e44   0x08002e44   0x00000038   Code   RO         5977    i.OS_RdyListInsertTail  os_core.o
    0x08002e7c   0x08002e7c   0x00000054   Code   RO         5979    i.OS_RdyListRemove  os_core.o
    0x08002ed0   0x08002ed0   0x0000001c   Code   RO         5980    i.OS_SchedLockTimeMeasStart  os_core.o
    0x08002eec   0x08002eec   0x0000003c   Code   RO         5981    i.OS_SchedLockTimeMeasStop  os_core.o
    0x08002f28   0x08002f28   0x00000018   Code   RO         6527    i.OS_SemInit        os_sem.o
    0x08002f40   0x08002f40   0x000001fc   Code   RO         6592    i.OS_StatTask       os_stat.o
    0x0800313c   0x0800313c   0x000000bc   Code   RO         6593    i.OS_StatTaskInit   os_stat.o
    0x080031f8   0x080031f8   0x00000030   Code   RO         5982    i.OS_TaskBlock      os_core.o
    0x08003228   0x08003228   0x00000024   Code   RO         6637    i.OS_TaskDbgListAdd  os_task.o
    0x0800324c   0x0800324c   0x00000040   Code   RO         6638    i.OS_TaskDbgListRemove  os_task.o
    0x0800328c   0x0800328c   0x00000020   Code   RO         6639    i.OS_TaskInit       os_task.o
    0x080032ac   0x080032ac   0x000000a0   Code   RO         6640    i.OS_TaskInitTCB    os_task.o
    0x0800334c   0x0800334c   0x000000ba   Code   RO         6642    i.OS_TaskResume     os_task.o
    0x08003406   0x08003406   0x00000002   PAD
    0x08003408   0x08003408   0x00000018   Code   RO         6643    i.OS_TaskReturn     os_task.o
    0x08003420   0x08003420   0x000000b8   Code   RO         6644    i.OS_TaskSemPost    os_task.o
    0x080034d8   0x080034d8   0x000000c0   Code   RO         6645    i.OS_TaskSuspend    os_task.o
    0x08003598   0x08003598   0x00000078   Code   RO         6782    i.OS_TickListInsert  os_tick.o
    0x08003610   0x08003610   0x0000008c   Code   RO         6783    i.OS_TickListInsertDly  os_tick.o
    0x0800369c   0x0800369c   0x00000052   Code   RO         6784    i.OS_TickListRemove  os_tick.o
    0x080036ee   0x080036ee   0x00000002   Code   RO         6785    i.OS_TickListResetPeak  os_tick.o
    0x080036f0   0x080036f0   0x00000078   Code   RO         6786    i.OS_TickListUpdateDly  os_tick.o
    0x08003768   0x08003768   0x000000b0   Code   RO         6787    i.OS_TickListUpdateTimeout  os_tick.o
    0x08003818   0x08003818   0x00000054   Code   RO         6788    i.OS_TickTask       os_tick.o
    0x0800386c   0x0800386c   0x000000b4   Code   RO         6789    i.OS_TickTaskInit   os_tick.o
    0x08003920   0x08003920   0x00000118   Code   RO         6885    i.OS_TmrInit        os_tmr.o
    0x08003a38   0x08003a38   0x00000018   Code   RO         6886    i.OS_TmrLock        os_tmr.o
    0x08003a50   0x08003a50   0x00000002   Code   RO         6887    i.OS_TmrResetPeak   os_tmr.o
    0x08003a52   0x08003a52   0x00000002   PAD
    0x08003a54   0x08003a54   0x0000008c   Code   RO         6888    i.OS_TmrTask        os_tmr.o
    0x08003ae0   0x08003ae0   0x0000003c   Code   RO         6889    i.OS_TmrUnlink      os_tmr.o
    0x08003b1c   0x08003b1c   0x00000014   Code   RO         6890    i.OS_TmrUnlock      os_tmr.o
    0x08003b30   0x08003b30   0x0000001c   Code   RO         2964    i.RCC_AHB1PeriphClockCmd  stm32f4xx_rcc.o
    0x08003b4c   0x08003b4c   0x0000001c   Code   RO         2976    i.RCC_APB2PeriphClockCmd  stm32f4xx_rcc.o
    0x08003b68   0x08003b68   0x000000a4   Code   RO         2985    i.RCC_GetClocksFreq  stm32f4xx_rcc.o
    0x08003c0c   0x08003c0c   0x00000002   Code   RO          253    i.SVC_Handler       stm32f4xx_it.o
    0x08003c0e   0x08003c0e   0x00000002   PAD
    0x08003c10   0x08003c10   0x000000b8   Code   RO          333    i.SetSysClock       system_stm32f4xx.o
    0x08003cc8   0x08003cc8   0x0000001c   Code   RO          381    i.SysTick_CLKSourceConfig  misc.o
    0x08003ce4   0x08003ce4   0x00000020   Code   RO         5107    i.SysTick_Handler   delay.o
    0x08003d04   0x08003d04   0x0000005c   Code   RO          335    i.SystemInit        system_stm32f4xx.o
    0x08003d60   0x08003d60   0x00000070   Code   RO         5207    i.USART1_IRQHandler  usart.o
    0x08003dd0   0x08003dd0   0x00000018   Code   RO         4861    i.USART_Cmd         stm32f4xx_usart.o
    0x08003de8   0x08003de8   0x0000000e   Code   RO         4864    i.USART_GetFlagStatus  stm32f4xx_usart.o
    0x08003df6   0x08003df6   0x00000040   Code   RO         4865    i.USART_GetITStatus  stm32f4xx_usart.o
    0x08003e36   0x08003e36   0x00000036   Code   RO         4867    i.USART_ITConfig    stm32f4xx_usart.o
    0x08003e6c   0x08003e6c   0x000000bc   Code   RO         4868    i.USART_Init        stm32f4xx_usart.o
    0x08003f28   0x08003f28   0x00000008   Code   RO         4875    i.USART_ReceiveData  stm32f4xx_usart.o
    0x08003f30   0x08003f30   0x00000002   Code   RO          254    i.UsageFault_Handler  stm32f4xx_it.o
    0x08003f32   0x08003f32   0x00000030   Code   RO         7356    i.__ARM_fpclassify  m_wm.l(fpclassify.o)
    0x08003f62   0x08003f62   0x0000000e   Code   RO         7257    i._is_digit         c_w.l(__printf_wp.o)
    0x08003f70   0x08003f70   0x00000002   Code   RO         5208    i._sys_exit         usart.o
    0x08003f72   0x08003f72   0x00000002   PAD
    0x08003f74   0x08003f74   0x0000004c   Code   RO         5108    i.delay_init        delay.o
    0x08003fc0   0x08003fc0   0x00000048   Code   RO         5109    i.delay_ms          delay.o
    0x08004008   0x08004008   0x0000000a   Code   RO         5110    i.delay_osschedlock  delay.o
    0x08004012   0x08004012   0x0000000a   Code   RO         5111    i.delay_osschedunlock  delay.o
    0x0800401c   0x0800401c   0x0000000c   Code   RO         5112    i.delay_ostimedly   delay.o
    0x08004028   0x08004028   0x00000044   Code   RO         5113    i.delay_us          delay.o
    0x0800406c   0x0800406c   0x00000064   Code   RO            3    i.float_task        main.o
    0x080040d0   0x080040d0   0x00000014   Code   RO         5209    i.fputc             usart.o
    0x080040e4   0x080040e4   0x00000038   Code   RO            4    i.led1_task         main.o
    0x0800411c   0x0800411c   0x00000022   Code   RO            5    i.led2_task         main.o
    0x0800413e   0x0800413e   0x00000002   PAD
    0x08004140   0x08004140   0x00000078   Code   RO            6    i.main              main.o
    0x080041b8   0x080041b8   0x000000e8   Code   RO            7    i.start_task        main.o
    0x080042a0   0x080042a0   0x000000b4   Code   RO         5210    i.uart_init         usart.o
    0x08004354   0x08004354   0x0000002c   Code   RO         7352    locale$$code        c_w.l(lc_numeric_c.o)
    0x08004380   0x08004380   0x0000000c   Code   RO         7289    x$fpl$dretinf       fz_wm.l(dretinf.o)
    0x0800438c   0x0800438c   0x00000056   Code   RO         7273    x$fpl$f2d           fz_wm.l(f2d.o)
    0x080043e2   0x080043e2   0x0000008c   Code   RO         7291    x$fpl$fnaninf       fz_wm.l(fnaninf.o)
    0x0800446e   0x0800446e   0x0000000a   Code   RO         7434    x$fpl$fpinit        fz_wm.l(fpinit.o)
    0x08004478   0x08004478   0x00000004   Code   RO         7275    x$fpl$printf1       fz_wm.l(printf1.o)
    0x0800447c   0x0800447c   0x00000000   Code   RO         7293    x$fpl$usenofp       fz_wm.l(usenofp.o)
    0x0800447c   0x0800447c   0x00000004   Data   RO         5891    .constdata          os_cfg_app.o
    0x08004480   0x08004480   0x00000004   Data   RO         5892    .constdata          os_cfg_app.o
    0x08004484   0x08004484   0x00000004   Data   RO         5893    .constdata          os_cfg_app.o
    0x08004488   0x08004488   0x00000004   Data   RO         5902    .constdata          os_cfg_app.o
    0x0800448c   0x0800448c   0x00000004   Data   RO         5903    .constdata          os_cfg_app.o
    0x08004490   0x08004490   0x00000002   Data   RO         5905    .constdata          os_cfg_app.o
    0x08004492   0x08004492   0x00000002   PAD
    0x08004494   0x08004494   0x00000004   Data   RO         5907    .constdata          os_cfg_app.o
    0x08004498   0x08004498   0x00000001   Data   RO         5908    .constdata          os_cfg_app.o
    0x08004499   0x08004499   0x00000003   PAD
    0x0800449c   0x0800449c   0x00000004   Data   RO         5909    .constdata          os_cfg_app.o
    0x080044a0   0x080044a0   0x00000004   Data   RO         5910    .constdata          os_cfg_app.o
    0x080044a4   0x080044a4   0x00000004   Data   RO         5911    .constdata          os_cfg_app.o
    0x080044a8   0x080044a8   0x00000004   Data   RO         5912    .constdata          os_cfg_app.o
    0x080044ac   0x080044ac   0x00000004   Data   RO         5914    .constdata          os_cfg_app.o
    0x080044b0   0x080044b0   0x00000004   Data   RO         5915    .constdata          os_cfg_app.o
    0x080044b4   0x080044b4   0x00000001   Data   RO         5916    .constdata          os_cfg_app.o
    0x080044b5   0x080044b5   0x00000003   PAD
    0x080044b8   0x080044b8   0x00000004   Data   RO         5917    .constdata          os_cfg_app.o
    0x080044bc   0x080044bc   0x00000004   Data   RO         5918    .constdata          os_cfg_app.o
    0x080044c0   0x080044c0   0x00000004   Data   RO         5919    .constdata          os_cfg_app.o
    0x080044c4   0x080044c4   0x00000001   Data   RO         5921    .constdata          os_cfg_app.o
    0x080044c5   0x080044c5   0x00000003   PAD
    0x080044c8   0x080044c8   0x00000004   Data   RO         5922    .constdata          os_cfg_app.o
    0x080044cc   0x080044cc   0x00000004   Data   RO         5923    .constdata          os_cfg_app.o
    0x080044d0   0x080044d0   0x00000004   Data   RO         5924    .constdata          os_cfg_app.o
    0x080044d4   0x080044d4   0x00000004   Data   RO         5925    .constdata          os_cfg_app.o
    0x080044d8   0x080044d8   0x00000094   Data   RO         7323    .constdata          c_w.l(bigflt0.o)
    0x0800456c   0x0800456c   0x00000020   Data   RO         7499    Region$$Table       anon$$obj.o
    0x0800458c   0x0800458c   0x0000001c   Data   RO         7351    locale$$data        c_w.l(lc_numeric_c.o)


    Execution Region RW_IRAM1 (Exec base: 0x20000000, Load base: 0x080045a8, Size: 0x00002f60, Max: 0x00020000, ABSOLUTE)

    Exec Addr    Load Addr    Size         Type   Attr      Idx    E Section Name        Object

    0x20000000   0x080045a8   0x00000004   Data   RW            9    .data               main.o
    0x20000004   0x080045ac   0x00000010   Data   RW         3017    .data               stm32f4xx_rcc.o
    0x20000014   0x080045bc   0x00000004   Data   RW         5114    .data               delay.o
    0x20000018   0x080045c0   0x00000002   Data   RW         5212    .data               usart.o
    0x2000001a   0x080045c2   0x00000002   PAD
    0x2000001c   0x080045c4   0x00000004   Data   RW         5213    .data               usart.o
    0x20000020   0x080045c8   0x00000004   Data   RW         5318    .data               cpu_core.o
    0x20000024   0x080045cc   0x00000008   Data   RW         6413    .data               os_prio.o
    0x2000002c   0x080045d4   0x00000004   Data   RW         6977    .data               os_var.o
    0x20000030   0x080045d8   0x00000004   Data   RW         6978    .data               os_var.o
    0x20000034   0x080045dc   0x00000004   Data   RW         6979    .data               os_var.o
    0x20000038   0x080045e0   0x00000004   Data   RW         6980    .data               os_var.o
    0x2000003c   0x080045e4   0x00000004   Data   RW         6981    .data               os_var.o
    0x20000040   0x080045e8   0x00000004   Data   RW         6982    .data               os_var.o
    0x20000044   0x080045ec   0x00000004   Data   RW         6983    .data               os_var.o
    0x20000048   0x080045f0   0x00000004   Data   RW         6984    .data               os_var.o
    0x2000004c   0x080045f4   0x00000001   Data   RW         6985    .data               os_var.o
    0x2000004d   0x080045f5   0x00000001   Data   RW         6986    .data               os_var.o
    0x2000004e   0x080045f6   0x00000002   PAD
    0x20000050   0x080045f8   0x00000004   Data   RW         6987    .data               os_var.o
    0x20000054   0x080045fc   0x00000002   Data   RW         6988    .data               os_var.o
    0x20000056   0x080045fe   0x00000002   PAD
    0x20000058   0x08004600   0x00000004   Data   RW         6989    .data               os_var.o
    0x2000005c   0x08004604   0x00000002   Data   RW         6990    .data               os_var.o
    0x2000005e   0x08004606   0x00000002   PAD
    0x20000060   0x08004608   0x00000004   Data   RW         6991    .data               os_var.o
    0x20000064   0x0800460c   0x00000002   Data   RW         6992    .data               os_var.o
    0x20000066   0x0800460e   0x00000001   Data   RW         6993    .data               os_var.o
    0x20000067   0x0800460f   0x00000001   Data   RW         6994    .data               os_var.o
    0x20000068   0x08004610   0x00000001   Data   RW         6995    .data               os_var.o
    0x20000069   0x08004611   0x00000003   PAD
    0x2000006c   0x08004614   0x00000004   Data   RW         6996    .data               os_var.o
    0x20000070   0x08004618   0x00000002   Data   RW         6997    .data               os_var.o
    0x20000072   0x0800461a   0x00000002   PAD
    0x20000074   0x0800461c   0x00000004   Data   RW         6998    .data               os_var.o
    0x20000078   0x08004620   0x00000004   Data   RW         6999    .data               os_var.o
    0x2000007c   0x08004624   0x00000004   Data   RW         7000    .data               os_var.o
    0x20000080   0x08004628   0x00000001   Data   RW         7001    .data               os_var.o
    0x20000081   0x08004629   0x00000003   PAD
    0x20000084   0x0800462c   0x00000004   Data   RW         7002    .data               os_var.o
    0x20000088   0x08004630   0x00000002   Data   RW         7003    .data               os_var.o
    0x2000008a   0x08004632   0x00000001   Data   RW         7004    .data               os_var.o
    0x2000008b   0x08004633   0x00000001   PAD
    0x2000008c   0x08004634   0x00000002   Data   RW         7005    .data               os_var.o
    0x2000008e   0x08004636   0x00000002   Data   RW         7006    .data               os_var.o
    0x20000090   0x08004638   0x00000004   Data   RW         7007    .data               os_var.o
    0x20000094   0x0800463c   0x00000004   Data   RW         7008    .data               os_var.o
    0x20000098   0x08004640   0x00000004   Data   RW         7009    .data               os_var.o
    0x2000009c   0x08004644   0x00000001   Data   RW         7010    .data               os_var.o
    0x2000009d   0x08004645   0x00000003   PAD
    0x200000a0   0x08004648   0x00000004   Data   RW         7011    .data               os_var.o
    0x200000a4   0x0800464c   0x00000004   Data   RW         7012    .data               os_var.o
    0x200000a8   0x08004650   0x00000004   Data   RW         7013    .data               os_var.o
    0x200000ac   0x08004654   0x00000002   Data   RW         7014    .data               os_var.o
    0x200000ae   0x08004656   0x00000001   Data   RW         7015    .data               os_var.o
    0x200000af   0x08004657   0x00000001   PAD
    0x200000b0   0x08004658   0x00000004   Data   RW         7016    .data               os_var.o
    0x200000b4   0x0800465c   0x00000004   Data   RW         7017    .data               os_var.o
    0x200000b8   0x08004660   0x00000008   Data   RW         7018    .data               os_var.o
    0x200000c0   0x08004668   0x00000008   Data   RW         7019    .data               os_var.o
    0x200000c8   0x08004670   0x00000004   Data   RW         7020    .data               os_var.o
    0x200000cc   0x08004674   0x00000002   Data   RW         7021    .data               os_var.o
    0x200000ce   0x08004676   0x00000002   PAD
    0x200000d0   0x08004678   0x00000004   Data   RW         7022    .data               os_var.o
    0x200000d4   0x0800467c   0x00000004   Data   RW         7024    .data               os_var.o
    0x200000d8   0x08004680   0x00000004   Data   RW         7025    .data               os_var.o
    0x200000dc   0x08004684   0x00000004   Data   RW         7026    .data               os_var.o
    0x200000e0   0x08004688   0x00000004   Data   RW         7027    .data               os_var.o
    0x200000e4   0x0800468c   0x00000004   Data   RW         7028    .data               os_var.o
    0x200000e8   0x08004690   0x00000004   Data   RW         7029    .data               os_var.o
    0x200000ec   0x08004694   0x00000004   Data   RW         7058    .data               os_cpu_c.o
    0x200000f0        -       0x000010e0   Zero   RW            8    .bss                main.o
    0x200011d0        -       0x000000c8   Zero   RW         5211    .bss                usart.o
    0x20001298        -       0x00000010   Zero   RW         5315    .bss                cpu_core.o
    0x200012a8        -       0x00000200   Zero   RW         5885    .bss                os_cfg_app.o
    0x200014a8        -       0x00000200   Zero   RW         5886    .bss                os_cfg_app.o
    0x200016a8        -       0x00000640   Zero   RW         5887    .bss                os_cfg_app.o
    0x20001ce8        -       0x00000200   Zero   RW         5888    .bss                os_cfg_app.o
    0x20001ee8        -       0x00000200   Zero   RW         5889    .bss                os_cfg_app.o
    0x200020e8        -       0x00000200   Zero   RW         5890    .bss                os_cfg_app.o
    0x200022e8        -       0x000000b8   Zero   RW         6970    .bss                os_var.o
    0x200023a0        -       0x0000000c   Zero   RW         6971    .bss                os_var.o
    0x200023ac        -       0x00000300   Zero   RW         6972    .bss                os_var.o
    0x200026ac        -       0x000000b8   Zero   RW         6973    .bss                os_var.o
    0x20002764        -       0x000000b8   Zero   RW         6974    .bss                os_var.o
    0x2000281c        -       0x0000002c   Zero   RW         6975    .bss                os_var.o
    0x20002848        -       0x000000b8   Zero   RW         6976    .bss                os_var.o
    0x20002900        -       0x00000060   Zero   RW         7359    .bss                c_w.l(libspace.o)
    0x20002960        -       0x00000200   Zero   RW          369    HEAP                startup_stm32f40xx.o
    0x20002b60        -       0x00000400   Zero   RW          368    STACK               startup_stm32f40xx.o


==============================================================================

Image component sizes


      Code (inc. data)   RO Data    RW Data    ZI Data      Debug   Object Name

        74         16          0          0          0       1590   bsp.o
        52          0          0          0          0        328   cpu_a.o
        78         18          0          4         16       4517   cpu_core.o
       280         34          0          4          0      31196   delay.o
       492         18          0          0          0       2839   led.o
        70          0          0          0          0       1928   lib_mem.o
       542        124          0          4       4320     304134   main.o
       152         16          0          0          0       2221   misc.o
         2          0         81          0       4160      19295   os_cfg_app.o
      2234        362          0          0          0      19822   os_core.o
       172         32          0          0          0        392   os_cpu_a.o
       492         60          0          4          0       7028   os_cpu_c.o
         2          0          0          0          0       1018   os_dbg.o
        24         10          0          0          0        986   os_flag.o
        24         10          0          0          0        977   os_mem.o
       174         20          0          0          0       2520   os_msg.o
       912         72          0          0          0       5016   os_mutex.o
       124         18          0          8          0       3026   os_prio.o
        24         10          0          0          0        975   os_q.o
        24         10          0          0          0        981   os_sem.o
      1044        190          0          0          0       4383   os_stat.o
      2098        170          0          0          0      13521   os_task.o
       904         98          0          0          0       6654   os_tick.o
       524         48          0          0          0       3293   os_time.o
       526        142          0          0          0       4247   os_tmr.o
         0          0          0        171       1560      17804   os_var.o
        64         26        392          0       1536        824   startup_stm32f40xx.o
       170          0          0          0          0       3489   stm32f4xx_gpio.o
        14          0          0          0          0       3063   stm32f4xx_it.o
       220         28          0         16          0       4278   stm32f4xx_rcc.o
       352          8          0          0          0       5292   stm32f4xx_usart.o
       276         34          0          0          0       1573   system_stm32f4xx.o
       314         26          0          6        200       4384   usart.o

    ----------------------------------------------------------------------
     12478       1600        516        240      11792     483594   Object Totals
         0          0         32          0          0          0   (incl. Generated)
        24          0         11         23          0          0   (incl. Padding)

    ----------------------------------------------------------------------

      Code (inc. data)   RO Data    RW Data    ZI Data      Debug   Library Member Name

         8          0          0          0          0         68   __main.o
       284          0          0          0          0        156   __printf_wp.o
         0          0          0          0          0          0   __rtentry.o
        12          0          0          0          0          0   __rtentry2.o
         6          0          0          0          0          0   __rtentry4.o
        52          8          0          0          0          0   __scatter.o
        26          0          0          0          0          0   __scatter_copy.o
        28          0          0          0          0          0   __scatter_zi.o
        48          6          0          0          0         96   _printf_char_common.o
        36          4          0          0          0         80   _printf_char_file.o
         6          0          0          0          0          0   _printf_f.o
      1054          0          0          0          0        216   _printf_fp_dec.o
       128         16          0          0          0         84   _printf_fp_infnan.o
         0          0          0          0          0          0   _printf_percent.o
         4          0          0          0          0          0   _printf_percent_end.o
       228          4        148          0          0         96   bigflt0.o
      1936        128          0          0          0        672   btod.o
        18          0          0          0          0         80   exit.o
         8          0          0          0          0         68   ferror.o
         6          0          0          0          0        152   heapauxi.o
        44         10         28          0          0         76   lc_numeric_c.o
         2          0          0          0          0          0   libinit.o
        22          0          0          0          0          0   libinit2.o
         2          0          0          0          0          0   libshutdown.o
         2          0          0          0          0          0   libshutdown2.o
         8          4          0          0         96         68   libspace.o
       138          0          0          0          0         80   lludiv10.o
        24          4          0          0          0         84   noretval__2printf.o
         8          4          0          0          0         68   rt_locale_intlibspace.o
         2          0          0          0          0          0   rtexit.o
        10          0          0          0          0          0   rtexit2.o
       128          0          0          0          0         68   strcmpv7m.o
        74          0          0          0          0         80   sys_stackheap_outer.o
         2          0          0          0          0         68   use_no_semi.o
         2          0          0          0          0         68   use_no_semi_2.o
        12          0          0          0          0        116   dretinf.o
        86          4          0          0          0        132   f2d.o
       140          4          0          0          0        132   fnaninf.o
        10          0          0          0          0        116   fpinit.o
         4          0          0          0          0        116   printf1.o
         0          0          0          0          0          0   usenofp.o
        48          0          0          0          0        124   fpclassify.o

    ----------------------------------------------------------------------
      4662        196        176          0         96       3164   Library Totals
         6          0          0          0          0          0   (incl. Padding)

    ----------------------------------------------------------------------

      Code (inc. data)   RO Data    RW Data    ZI Data      Debug   Library Name

      4356        188        176          0         96       2428   c_w.l
       252          8          0          0          0        612   fz_wm.l
        48          0          0          0          0        124   m_wm.l

    ----------------------------------------------------------------------
      4662        196        176          0         96       3164   Library Totals

    ----------------------------------------------------------------------

==============================================================================


      Code (inc. data)   RO Data    RW Data    ZI Data      Debug   

     17140       1796        692        240      11888     470858   Grand Totals
     17140       1796        692        240      11888     470858   ELF Image Totals
     17140       1796        692        240          0          0   ROM Totals

==============================================================================

    Total RO  Size (Code + RO Data)                17832 (  17.41kB)
    Total RW  Size (RW Data + ZI Data)             12128 (  11.84kB)
    Total ROM Size (Code + RO Data + RW Data)      18072 (  17.65kB)

==============================================================================

